05-24 20:15:51.340 I/NumberNormalizeUtils(18395): use chinese policy
05-24 20:15:51.340 D/EventBus( 5646): No subscribers registered for event class com.miui.home.recents.messages.RecentTasksChangedEvent
05-24 20:15:51.341 D/EventBus( 5646): No subscribers registered for event class org.greenrobot.eventbus.NoSubscriberEvent
05-24 20:15:51.341 I/MiBridge( 5646): requestThreadLevelPro ret: 658236
05-24 20:15:51.341 D/Launcher.Boost( 5646): setDynamicVIPTaskIfNeeded::tid = 134 duration = 500
05-24 20:15:51.341 I/SmartPower: com.miui.personalassistant/10117(9930)( 2813): background->visible(434ms) R(become visible) adj=100.
05-24 20:15:51.341 W/libc    ( 9946): Access denied finding property "vendor.display.enable_optimal_refresh_rate"
05-24 20:15:51.342 D/KeyguardEditorHelper( 5622): onTopActivityMayChanged, topActivity=ComponentInfo{com.miui.home/com.miui.home.launcher.Launcher}; mState=IDEL
05-24 20:15:51.342 D/RequestUtils(18395): updateParams: serviceType = STRING
05-24 20:15:51.342 D/HttpRequestImpl(18395): request
05-24 20:15:51.343 I/misight ( 3336): OnEvent HighProbFaultDetect 901001003
05-24 20:15:51.343 I/misight ( 3336): CanProcessHplEvent CanProcessHplEvent openTime=1774571320 period=60 1779624951
05-24 20:15:51.343 I/misight ( 3336): OnEvent EventLogProcessor event=901001003,2
05-24 20:15:51.343 I/misight ( 3336): OnEvent EventInfoPack event 901001003
05-24 20:15:51.344 D/DeskTopModeUtils( 5622): Failed to read MIUI_DESKTOP_MODE settings android.provider.Settings$SettingNotFoundException: miui_dkt_mode
05-24 20:15:51.344 D/VRI[quicksearchbox]( 9946): vri.Setup new sync=wmsSync-VRI[quicksearchbox]#4
05-24 20:15:51.344 W/AppCompatLetterboxPolicy( 2813): start not layout letterbox Window{c83b7d8 u0 LauncherOverlayWindow:com.miui.personalassistant}
05-24 20:15:51.344 W/AppCompatLetterboxPolicy( 2813): start not layout letterbox Window{9e831a3 u0 LauncherOverlayWindow:com.android.quicksearchbox}
05-24 20:15:51.344 D/DisplayContentStubImpl( 2813): onNewImeFrame: isImeVisible = false, imeFrame = Rect(0, 0 - 0, 0)
05-24 20:15:51.345 W/InsetsSource( 2813): Has no intersection or mTmpFrame.height(), return Insets.NONE mTmpFrame.height() =0 hasIntersection =false
05-24 20:15:51.345 W/InsetsSource( 2813): Has no intersection or mTmpFrame.height(), return Insets.NONE mTmpFrame.height() =0 hasIntersection =false
05-24 20:15:51.345 D/BarFollowAnimation( 2813): pairAppearanceRegionAndWin win=Window{a111795 u0 org.qtproject.example.LifeBalanceAI_demo/org.qtproject.qt.android.bindings.QtActivity} 8
05-24 20:15:51.345 D/SchedBoostThread( 2813): thread tid=5646, priority is set to -10
05-24 20:15:51.345 D/BarFollowAnimation( 2813): isAppTaskBarOnTop win:Window{a111795 u0 org.qtproject.example.LifeBalanceAI_demo/org.qtproject.qt.android.bindings.QtActivity} (mCurrentTopTask:Task{731026e #351 type=standard A=10332:org.qtproject.example.LifeBalanceAI_demo} : true); (mAssociatedTask:Task{731026e #351 type=standard A=10332:org.qtproject.example.LifeBalanceAI_demo} : true); (mHomeTask:Task{d686ba4 #1 type=home} : false); mReparentToOriginParent:false mLastAppBarVisible:true mLastHomeBarVisible:false
05-24 20:15:51.345 D/MiuiRefreshRatePolicy( 2813): reset
05-24 20:15:51.346 D/HttpRequestImpl(18395): try request
05-24 20:15:51.346 I/ServiceGenerator(18395): create service
05-24 20:15:51.346 D/SchedBoostThread( 2813): thread tid=5962, priority is set to -4
05-24 20:15:51.346 I/TransitionImpl( 2813): home mode = 3
05-24 20:15:51.346 D/VRI[quicksearchbox]( 9946): vri.reportDrawFinished 0 0 Rect(0, 0 - 1080, 2400)
05-24 20:15:51.346 I/TransitionImpl( 2813): home mode = 3
05-24 20:15:51.346 D/SchedBoostThread( 2813): thread tid=6034, priority is set to 0
05-24 20:15:51.346 I/TransitionImpl( 2813): home mode = 3
05-24 20:15:51.346 I/TransitionImpl( 2813): home mode = 3
05-24 20:15:51.346 I/TransitionImpl( 2813): home mode = 3
05-24 20:15:51.346 I/TransitionImpl( 2813): home mode = 3
05-24 20:15:51.347 W/MiuiBooster( 3348): "MiuiBoosterService requestThreadPriority: 10125, 2, 500, 658236"
05-24 20:15:51.347 I/TransitionImpl( 2813): home mode = 3
05-24 20:15:51.347 I/DockWindowManager(12184): showSidebar: isSidebarAdded: true DockWindowManager = C4.q@f7737f2
05-24 20:15:51.347 I/TransitionImpl( 2813): home mode = 3
05-24 20:15:51.347 W/InsetsSource( 2813): Has no intersection or mTmpFrame.height(), return Insets.NONE mTmpFrame.height() =0 hasIntersection =false
05-24 20:15:51.347 W/InsetsSource( 2813): Has no intersection or mTmpFrame.height(), return Insets.NONE mTmpFrame.height() =0 hasIntersection =false
05-24 20:15:51.347 I/DockWindowManager(12184): restoreSidebarBounds: top = 777 lineTopMargin = 63 sidebarLineY = 714
05-24 20:15:51.347 I/DockWindowManager(12184): hideOrShowSidebarWithAnimation: isShow = true caller = showSidebar
05-24 20:15:51.348 I/AntispamCategoryUtils(18395): loadCategoryInfo from net
05-24 20:15:51.348 I/Ad      (18395): isPersonalizedAdEnabled getAdSettings: 1
05-24 20:15:51.348 D/RequestUtils(18395): updateParams: serviceType = STRING
05-24 20:15:51.348 D/HttpRequestImpl(18395): request
05-24 20:15:51.349 I/TransitionImpl( 2813): home mode = 3
05-24 20:15:51.349 I/TransitionImpl( 2813): home mode = 3
05-24 20:15:51.349 I/TransitionImpl( 2813): home mode = 3
05-24 20:15:51.349 I/TransitionImpl( 2813): home mode = 3
05-24 20:15:51.349 W/InsetsSource( 9930): Has no intersection or mTmpFrame.height(), return Insets.NONE mTmpFrame.height() =0 hasIntersection =false
05-24 20:15:51.349 W/InsetsSource( 9930): Has no intersection or mTmpFrame.height(), return Insets.NONE mTmpFrame.height() =0 hasIntersection =false
05-24 20:15:51.349 W/InsetsSource( 9930): Has no intersection or mTmpFrame.height(), return Insets.NONE mTmpFrame.height() =0 hasIntersection =false
05-24 20:15:51.349 W/InsetsSource( 9930): Has no intersection or mTmpFrame.height(), return Insets.NONE mTmpFrame.height() =0 hasIntersection =false
05-24 20:15:51.349 D/WindowManager( 2813): wms.finishDrawingLocked: mDrawState=COMMIT_DRAW_PENDING Window{9e831a3 u0 LauncherOverlayWindow:com.android.quicksearchbox} in Surface(name=LauncherOverlayWindow:com.android.quicksearchbox#296)/@0x4102e2a
05-24 20:15:51.349 W/libc    ( 9930): Access denied finding property "vendor.display.enable_optimal_refresh_rate"
05-24 20:15:51.349 D/HttpRequestImpl(18395): try request
05-24 20:15:51.349 I/ErrorHandler(18395): handle http request response
05-24 20:15:51.349 I/ErrorHandler(18395): handle http request response200
05-24 20:15:51.349 I/ServiceGenerator(18395): create service
05-24 20:15:51.350 I/ActivityManager( 2813): Showing crash dialog for package org.qtproject.example.LifeBalanceAI_demo u0
05-24 20:15:51.350 I/TransitionImpl( 2813): home mode = 3
05-24 20:15:51.350 I/TransitionImpl( 2813): home mode = 3
05-24 20:15:51.350 I/TransitionImpl( 2813): home mode = 3
05-24 20:15:51.350 I/TransitionImpl( 2813): home mode = 3
05-24 20:15:51.350 E/ErrorHandler(18395):  JSON exception 
05-24 20:15:51.350 E/ErrorHandler(18395): org.json.JSONException: Value { of type java.lang.String cannot be converted to JSONObject
05-24 20:15:51.350 E/ErrorHandler(18395): 	at org.json.JSON.typeMismatch(JSON.java:112)
05-24 20:15:51.350 E/ErrorHandler(18395): 	at org.json.JSONObject.<init>(JSONObject.java:172)
05-24 20:15:51.350 E/ErrorHandler(18395): 	at org.json.JSONObject.<init>(JSONObject.java:185)
05-24 20:15:51.350 E/ErrorHandler(18395): 	at com.miui.smsextra.internal.http.request.ErrorHandler.handle(Unknown Source:117)
05-24 20:15:51.350 E/ErrorHandler(18395): 	at com.miui.smsextra.internal.http.request.HttpRequestImpl.tryRequest(Unknown Source:40)
05-24 20:15:51.350 E/ErrorHandler(18395): 	at com.miui.smsextra.internal.http.request.HttpRequestImpl.request(Unknown Source:50)
05-24 20:15:51.350 E/ErrorHandler(18395): 	at com.miui.smsextra.http.HttpRequest.request(Unknown Source:4)
05-24 20:15:51.350 E/ErrorHandler(18395): 	at com.miui.smsextra.http.HttpRequest$Builder.request(Unknown Source:4)
05-24 20:15:51.350 E/ErrorHandler(18395): 	at com.miui.smsextra.internal.yellowpage.number.AntispamCategoryUtils.loadCategoryInfo(Unknown Source:78)
05-24 20:15:51.350 E/ErrorHandler(18395): 	at com.miui.smsextra.internal.yellowpage.number.AntispamCategoryUtils.b(Unknown Source:0)
05-24 20:15:51.350 E/ErrorHandler(18395): 	at com.miui.smsextra.internal.yellowpage.number.AntispamCategoryUtils$2.run(Unknown Source:4)
05-24 20:15:51.350 E/ErrorHandler(18395): 	at java.util.concurrent.ThreadPoolExecutor.runWorker(ThreadPoolExecutor.java:1302)
05-24 20:15:51.350 E/ErrorHandler(18395): 	at java.util.concurrent.ThreadPoolExecutor$Worker.run(ThreadPoolExecutor.java:677)
05-24 20:15:51.350 E/ErrorHandler(18395): 	at java.lang.Thread.run(Thread.java:1119)
05-24 20:15:51.350 D/RequestAdapter(18395): parseRequestResult: statusCode = 2
05-24 20:15:51.350 I/AntispamCategoryUtils(18395): loadCategoryInfo: data is null
05-24 20:15:51.350 W/libc    ( 9930): Access denied finding property "vendor.display.enable_optimal_refresh_rate"
05-24 20:15:51.350 W/AppCompatLetterboxPolicy( 2813): start not layout letterbox Window{c83b7d8 u0 LauncherOverlayWindow:com.miui.personalassistant}
05-24 20:15:51.350 W/AppCompatLetterboxPolicy( 2813): start not layout letterbox Window{9e831a3 u0 LauncherOverlayWindow:com.android.quicksearchbox}
05-24 20:15:51.350 D/DisplayContentStubImpl( 2813): onNewImeFrame: isImeVisible = false, imeFrame = Rect(0, 0 - 0, 0)
05-24 20:15:51.351 W/InsetsSource( 2813): Has no intersection or mTmpFrame.height(), return Insets.NONE mTmpFrame.height() =0 hasIntersection =false
05-24 20:15:51.351 W/InsetsSource( 2813): Has no intersection or mTmpFrame.height(), return Insets.NONE mTmpFrame.height() =0 hasIntersection =false
05-24 20:15:51.351 D/BarFollowAnimation( 2813): pairAppearanceRegionAndWin win=Window{a111795 u0 org.qtproject.example.LifeBalanceAI_demo/org.qtproject.qt.android.bindings.QtActivity} 8
05-24 20:15:51.351 D/BarFollowAnimation( 2813): isAppTaskBarOnTop win:Window{a111795 u0 org.qtproject.example.LifeBalanceAI_demo/org.qtproject.qt.android.bindings.QtActivity} (mCurrentTopTask:Task{731026e #351 type=standard A=10332:org.qtproject.example.LifeBalanceAI_demo} : true); (mAssociatedTask:Task{731026e #351 type=standard A=10332:org.qtproject.example.LifeBalanceAI_demo} : true); (mHomeTask:Task{d686ba4 #1 type=home} : false); mReparentToOriginParent:false mLastAppBarVisible:true mLastHomeBarVisible:false
05-24 20:15:51.351 D/SDM     ( 2065): HWDeviceDRM::SetupConcurrentWriteback: Tear down the Concurrent Writeback topology
05-24 20:15:51.351 D/VRI[personalassistant]( 9930): vri.Setup new sync=wmsSync-VRI[personalassistant]#4
05-24 20:15:51.351 D/MiuiRefreshRatePolicy( 2813): reset
05-24 20:15:51.351 I/TransitionImpl( 2813): home mode = 3
05-24 20:15:51.351 I/TransitionImpl( 2813): home mode = 3
05-24 20:15:51.351 D/WindowManager( 2813): wms.commitFinishDrawingLocked: mDrawState=READY_TO_SHOW Window{9e831a3 u0 LauncherOverlayWindow:com.android.quicksearchbox} in Surface(name=LauncherOverlayWindow:com.android.quicksearchbox#296)/@0x4102e2a
05-24 20:15:51.351 I/TransitionImpl( 2813): home mode = 3
05-24 20:15:51.351 I/TransitionImpl( 2813): home mode = 3
05-24 20:15:51.351 I/TransitionImpl( 2813): home mode = 3
05-24 20:15:51.351 I/TransitionImpl( 2813): home mode = 3
05-24 20:15:51.352 I/TransitionImpl( 2813): home mode = 3
05-24 20:15:51.352 I/TransitionImpl( 2813): home mode = 3
05-24 20:15:51.352 I/TransitionImpl( 2813): home mode = 3
05-24 20:15:51.352 I/TransitionImpl( 2813): home mode = 3
05-24 20:15:51.352 I/TransitionImpl( 2813): home mode = 3
05-24 20:15:51.352 W/InsetsSource( 2813): Has no intersection or mTmpFrame.height(), return Insets.NONE mTmpFrame.height() =0 hasIntersection =false
05-24 20:15:51.352 W/InsetsSource( 2813): Has no intersection or mTmpFrame.height(), return Insets.NONE mTmpFrame.height() =0 hasIntersection =false
05-24 20:15:51.353 D/DisplayModeDirectorImpl( 2813): use smart display refresh rate policy false
05-24 20:15:51.353 I/DisplayModeDirectorImpl( 2813): updateRefreshRateResultIfNeeded after:baseModeId=2 allowGroupSwitching=false primary=physical: (0.0 Infinity) render:  (0.0 120.0) appRequest=physical: (0.0 Infinity) render:  (0.0 120.0) idleScreenRefreshRateConfig=null mNormalModeSkipOveride: false
05-24 20:15:51.354 W/RecentsModel( 5646): getRunningTask   taskInfo=TaskInfo{userId=0 taskId=2 effectiveUid=10125 displayId=0 isRunning=true baseIntent=Intent { act=android.intent.action.MAIN cat=[android.intent.category.HOME] flg=0x10000100 cmp=com.miui.home/.launcher.Launcher } baseActivity=ComponentInfo{com.miui.home/com.miui.home.launcher.Launcher} topActivity=ComponentInfo{com.miui.home/com.miui.home.launcher.Launcher} origActivity=null realActivity=ComponentInfo{com.miui.home/com.miui.home.launcher.Launcher} numActivities=1 lastActiveTime=225944 supportsSplitScreenMultiWindow=true mSoScDisplayMode=-1 supportsMultiWindow=true resizeMode=2 isResizeable=true minWidth=-1 minHeight=-1 defaultMinSize=200 token=WCT{android.window.IWindowContainerToken$Stub$Proxy@15192b6} topActivityType=2 pictureInPictureParams=null shouldDockBigOverlays=false launchIntoPipHostTaskId=-1 lastParentTaskIdBeforePip=-1 displayCutoutSafeInsets=Rect(0, 0 - 0, 0) topActivityInfo=ActivityInfo{9331bb7 com.miui.home.launcher.Launcher} launchCookies=[] positionInParent=Point(0, 0) parentTaskId=-1 isFocused=false isVisible=false isVisibleRequested=true isTopActivityNoDisplay=false isSleeping=false locusId=null displayAreaFeatureId=1 isTopActivityTransparent=false isActivityStackTransparent=false lastNonFullscreenBounds=Rect(297, 660 - 783, 1740) capturedLink=null capturedLinkTimestamp=0 requestedVisibleTypes=-9 topActivityRequestOpenInBrowserEducationTimestamp=0 appCompatTaskInfo=AppCompatTaskInfo { topActivityInSizeCompat=false eligibleForLetterboxEducation= false topActivityInMiuiSizeCompat=false isLetterboxEducationEnabled= false isLetterboxDoubleTapEnabled= false eligibleForUserAspectRatioButton= false topActivityBoundsLetterboxed= false isFromLetterboxDoubleTap= false topActivityLetterboxVerticalPosition= -1 topActivityLetterboxHorizontalPosition= -1 topActivityLetterboxWidth=-1 topActivityLetterboxHeight=-1 topActivityAppBounds=Rect(0, 0 - 1080, 2400) isUserFullscreenOverrideEnabled=false isSystemFullscreenOverrideEnabled=false hasMinAspectRatioOverride=false topActivityLetterboxBounds=null cameraCompatTaskInfo=CameraCompatTaskInfo { freeformCameraCompatMode=inactive}} isImmersive=false mTopActivityRequestOrientation=1 mStatusBarParent=null mNavBarParent=null mBehindAppLockPkg=null mOriginatingUid=0 isEmbedded=false shouldBeVisible=true isCreatedByOrganizer=false mIsCastMode=false mTopActivityMediaSize=null mTopActivityRecordName=ActivityRecord{65217429 u0 com.miui.home/.launcher.Launcher t2} mTopActivityOrientation=1 topActivityMainWindowFrame=null}
05-24 20:15:51.354 E/ActivityManagerWrapper( 5646): get all recent tasks force including 2 userId =0
05-24 20:15:51.355 I/MiuiNetworkPolicy( 2813): updateUidState uid = 10089, uidState = 5
05-24 20:15:51.355 D/HidDeviceService( 5447): handleMessage(): msg.what=8
05-24 20:15:51.356 I/htmlviewercloudcontrol(10493): isStagingEnv:false param =  taa_SwitchStatus  uriMatch = 2, cluster: cn, version: 691563, traceId: 50ffd334c8f967d33da9ed8d10c2a32e, regId: q6YAzNPfHoQa9bhSi+eQQdvf1rlsWux4iTJ/RD/Cq6uLE9swRDhXYTAvvArbsB4k
05-24 20:15:51.358 I/TransitionImpl( 2813): home mode = 3
05-24 20:15:51.358 I/TransitionImpl( 2813): home mode = 3
05-24 20:15:51.358 I/TransitionImpl( 2813): home mode = 3
05-24 20:15:51.358 I/TransitionImpl( 2813): home mode = 3
05-24 20:15:51.358 D/ThemeValues( 5622): customized theme has contain this value: |com.android.systemui/bool/battery_meter_use_legacy_drawable/true
05-24 20:15:51.358 D/SDM     ( 2065): HWCSession::NotifyCWBStatus: Notify the client about buffer status 0. Display: 0
05-24 20:15:51.358 I/SDM     ( 2065): HWCSession::ProcessCWBStatus: CWB queue is empty. display_index: 0
05-24 20:15:51.359 E/ActivityManagerWrapper( 5646): getRecentTasksForceIncludingTaskIdIfValid: getRecentTasks: size=2
05-24 20:15:51.359 E/ActivityManagerWrapper( 5646):  mainTaskId=351   userId=0   windowMode=1   isExcludedFromRecents=false   baseIntent=Intent { act=null flag=268435456 cmp=ComponentInfo{org.qtproject.example.LifeBalanceAI_demo/org.qtproject.qt.android.bindings.QtActivity} }
05-24 20:15:51.359 E/ActivityManagerWrapper( 5646):  mainTaskId=349   userId=0   windowMode=1   isExcludedFromRecents=false   baseIntent=Intent { act=android.intent.action.MAIN flag=270532608 cmp=ComponentInfo{tv.danmaku.bili/tv.danmaku.bili.MainActivityV2} }
05-24 20:15:51.359 D/libsensor-parseRGB( 3777): the value of RGB [3379.816232 4021.261847 3396.019700]
05-24 20:15:51.360 D/VRI[personalassistant]( 9930): vri.reportDrawFinished 0 0 Rect(0, 0 - 1080, 2400)
05-24 20:15:51.361 D/WindowManager( 2813): wms.finishDrawingLocked: mDrawState=COMMIT_DRAW_PENDING Window{c83b7d8 u0 LauncherOverlayWindow:com.miui.personalassistant} in Surface(name=LauncherOverlayWindow:com.miui.personalassistant#297)/@0x2dda391
05-24 20:15:51.361 D/RecentsTaskLoader( 5646): reloadTasksData [TaskKey{id=351, stackId=0, baseIntent=Intent { flg=0x10000000 cmp=org.qtproject.example.LifeBalanceAI_demo/org.qtproject.qt.android.bindings.QtActivity }, userId=0, lastActiveTime=225912, windowingMode=1, isThumbnailBlur=false, isAccessLocked=false, isScreening=false, topActivity=null, mHashCode=11380193}, title=LifeBalanceAI_demo, titleDescription=LifeBalanceAI_demo, bounds=null, isLaunchTarget=false, isStackTask=true, isSystemApp=false, isDockable=true, baseActivity=null, isLocked=false, mNeedHide=false, hasMultipleTasks=false, cti1Key=, cti2Key=, cti1Task=, cti2Task=] 
05-24 20:15:51.361 W/AppCompatLetterboxPolicy( 2813): start not layout letterbox Window{c83b7d8 u0 LauncherOverlayWindow:com.miui.personalassistant}
05-24 20:15:51.361 W/AppCompatLetterboxPolicy( 2813): start not layout letterbox Window{9e831a3 u0 LauncherOverlayWindow:com.android.quicksearchbox}
05-24 20:15:51.361 D/DisplayContentStubImpl( 2813): onNewImeFrame: isImeVisible = false, imeFrame = Rect(0, 0 - 0, 0)
05-24 20:15:51.361 W/InsetsSource( 2813): Has no intersection or mTmpFrame.height(), return Insets.NONE mTmpFrame.height() =0 hasIntersection =false
05-24 20:15:51.361 W/InsetsSource( 2813): Has no intersection or mTmpFrame.height(), return Insets.NONE mTmpFrame.height() =0 hasIntersection =false
05-24 20:15:51.361 D/BarFollowAnimation( 2813): pairAppearanceRegionAndWin win=Window{a111795 u0 org.qtproject.example.LifeBalanceAI_demo/org.qtproject.qt.android.bindings.QtActivity} 8
05-24 20:15:51.361 D/BarFollowAnimation( 2813): isAppTaskBarOnTop win:Window{a111795 u0 org.qtproject.example.LifeBalanceAI_demo/org.qtproject.qt.android.bindings.QtActivity} (mCurrentTopTask:Task{731026e #351 type=standard A=10332:org.qtproject.example.LifeBalanceAI_demo} : true); (mAssociatedTask:Task{731026e #351 type=standard A=10332:org.qtproject.example.LifeBalanceAI_demo} : true); (mHomeTask:Task{d686ba4 #1 type=home} : false); mReparentToOriginParent:false mLastAppBarVisible:true mLastHomeBarVisible:false
05-24 20:15:51.362 D/MiuiRefreshRatePolicy( 2813): reset
05-24 20:15:51.362 D/WindowManager( 2813): wms.commitFinishDrawingLocked: mDrawState=READY_TO_SHOW Window{c83b7d8 u0 LauncherOverlayWindow:com.miui.personalassistant} in Surface(name=LauncherOverlayWindow:com.miui.personalassistant#297)/@0x2dda391
05-24 20:15:51.362 D/HWUI    (12184): DDRE Debug DrawPath: smoothCornerEnabled = true
05-24 20:15:51.362 I/TransitionImpl( 2813): home mode = 3
05-24 20:15:51.362 I/TransitionImpl( 2813): home mode = 3
05-24 20:15:51.362 D/WindowManager( 2813): wms.commitFinishDrawingLocked: mDrawState=READY_TO_SHOW Window{9e831a3 u0 LauncherOverlayWindow:com.android.quicksearchbox} in Surface(name=LauncherOverlayWindow:com.android.quicksearchbox#296)/@0x4102e2a
05-24 20:15:51.362 I/TransitionImpl( 2813): home mode = 3
05-24 20:15:51.362 I/TransitionImpl( 2813): home mode = 3
05-24 20:15:51.362 I/TransitionImpl( 2813): home mode = 3
05-24 20:15:51.362 I/TransitionImpl( 2813): home mode = 3
05-24 20:15:51.362 I/TransitionImpl( 2813): home mode = 3
05-24 20:15:51.362 I/TransitionImpl( 2813): home mode = 3
05-24 20:15:51.362 I/TransitionImpl( 2813): home mode = 3
05-24 20:15:51.362 I/TransitionImpl( 2813): home mode = 3
05-24 20:15:51.362 I/TransitionImpl( 2813): home mode = 3
05-24 20:15:51.362 W/InsetsSource( 2813): Has no intersection or mTmpFrame.height(), return Insets.NONE mTmpFrame.height() =0 hasIntersection =false
05-24 20:15:51.362 W/InsetsSource( 2813): Has no intersection or mTmpFrame.height(), return Insets.NONE mTmpFrame.height() =0 hasIntersection =false
05-24 20:15:51.363 I/adbd    ( 3862): Remote process closed the socket (on MSG_PEEK)
05-24 20:15:51.363 I/htmlviewercloudcontrol(10493): isStagingEnv:false param =  taa_SwitchStatus  uriMatch = 2, cluster: cn, version: 691563, traceId: 50ffd334c8f967d33da9ed8d10c2a32e, regId: q6YAzNPfHoQa9bhSi+eQQdvf1rlsWux4iTJ/RD/Cq6uLE9swRDhXYTAvvArbsB4k
05-24 20:15:51.364 I/ActivityManager( 2813): Process org.qtproject.example.LifeBalanceAI_demo (pid 21591) has died: fg  TOP 
05-24 20:15:51.364 I/Zygote  ( 1863): Process 21591 exited due to signal 11 (Segmentation fault)
05-24 20:15:51.364 I/WindowManager( 2813): WIN DEATH: Window{dfa135e u0 PopupWindow:503b2bb}, mAddedWindows = [Window{a111795 u0 org.qtproject.example.LifeBalanceAI_demo/org.qtproject.qt.android.bindings.QtActivity}, Window{dfa135e u0 PopupWindow:503b2bb}]
05-24 20:15:51.365 I/NetworkBoostStatusManager( 2813): onUidGone uid: 10332
05-24 20:15:51.366 I/SLM-SRV-SLSAppLib( 2813): SLM_Ai_Mode EVENT_CHECK_GMAE_AI_MODE_STATUS
05-24 20:15:51.366 I/SLM-SRV-SLSAppLib( 2813): SLM_Ai_Mode checkGameAiModeStatus mGameAiModeCloudControl:false mLinkTurboAiModeSwitch:false mGameAiModeInterfaceReady:false mGameStartBattle:false powerMgrGameUid:0
05-24 20:15:51.366 D/MyLog   (10580): -->log(1): [Tid:36] [KeepAliveManager] -->onProcessDied(), pid=21591, uid=10332
05-24 20:15:51.367 V/OsAgent ( 9923): broadcastSystemEvent - 7
05-24 20:15:51.367 W/AppCompatLetterboxPolicy( 2813): start not layout letterbox Window{c83b7d8 u0 LauncherOverlayWindow:com.miui.personalassistant}
05-24 20:15:51.367 W/AppCompatLetterboxPolicy( 2813): start not layout letterbox Window{9e831a3 u0 LauncherOverlayWindow:com.android.quicksearchbox}
05-24 20:15:51.367 D/DisplayContentStubImpl( 2813): onNewImeFrame: isImeVisible = false, imeFrame = Rect(0, 0 - 0, 0)
05-24 20:15:51.367 W/InsetsSource( 2813): Has no intersection or mTmpFrame.height(), return Insets.NONE mTmpFrame.height() =0 hasIntersection =false
05-24 20:15:51.367 W/InsetsSource( 2813): Has no intersection or mTmpFrame.height(), return Insets.NONE mTmpFrame.height() =0 hasIntersection =false
05-24 20:15:51.367 D/BarFollowAnimation( 2813): pairAppearanceRegionAndWin win=Window{a111795 u0 org.qtproject.example.LifeBalanceAI_demo/org.qtproject.qt.android.bindings.QtActivity} 8
05-24 20:15:51.367 I/ForegroundAppManager( 2813): remove foregroundApp,uid:10332,procState:19
05-24 20:15:51.367 D/BarFollowAnimation( 2813): isAppTaskBarOnTop win:Window{a111795 u0 org.qtproject.example.LifeBalanceAI_demo/org.qtproject.qt.android.bindings.QtActivity} (mCurrentTopTask:Task{731026e #351 type=standard A=10332:org.qtproject.example.LifeBalanceAI_demo} : true); (mAssociatedTask:Task{731026e #351 type=standard A=10332:org.qtproject.example.LifeBalanceAI_demo} : true); (mHomeTask:Task{d686ba4 #1 type=home} : false); mReparentToOriginParent:false mLastAppBarVisible:true mLastHomeBarVisible:false
05-24 20:15:51.367 I/MiuiNetworkPolicy( 2813): removeUidState uid = 10332
05-24 20:15:51.367 I/MiuiNetworkPolicyTrafficLimit( 2813): updateWhiteListUidForMobileTraffic uid=10332,add=false
05-24 20:15:51.367 D/MiuiRefreshRatePolicy( 2813): reset
05-24 20:15:51.367 E/traffic ( 1860): remove TrafficMobileLimiter whitelist 10332
05-24 20:15:51.368 D/WindowManager( 2813): wms.commitFinishDrawingLocked: mDrawState=READY_TO_SHOW Window{c83b7d8 u0 LauncherOverlayWindow:com.miui.personalassistant} in Surface(name=LauncherOverlayWindow:com.miui.personalassistant#297)/@0x2dda391
05-24 20:15:51.368 I/TransitionImpl( 2813): home mode = 3
05-24 20:15:51.368 I/TransitionImpl( 2813): home mode = 3
05-24 20:15:51.368 D/WindowManager( 2813): wms.commitFinishDrawingLocked: mDrawState=READY_TO_SHOW Window{9e831a3 u0 LauncherOverlayWindow:com.android.quicksearchbox} in Surface(name=LauncherOverlayWindow:com.android.quicksearchbox#296)/@0x4102e2a
05-24 20:15:51.368 I/TransitionImpl( 2813): home mode = 3
05-24 20:15:51.368 I/TransitionImpl( 2813): home mode = 3
05-24 20:15:51.368 I/TransitionImpl( 2813): home mode = 3
05-24 20:15:51.368 I/TransitionImpl( 2813): home mode = 3
05-24 20:15:51.368 I/TransitionImpl( 2813): home mode = 3
05-24 20:15:51.368 I/TransitionImpl( 2813): home mode = 3
05-24 20:15:51.368 I/TransitionImpl( 2813): home mode = 3
05-24 20:15:51.368 I/TransitionImpl( 2813): home mode = 3
05-24 20:15:51.368 I/TransitionImpl( 2813): home mode = 3
05-24 20:15:51.368 W/InsetsSource( 2813): Has no intersection or mTmpFrame.height(), return Insets.NONE mTmpFrame.height() =0 hasIntersection =false
05-24 20:15:51.368 W/InsetsSource( 2813): Has no intersection or mTmpFrame.height(), return Insets.NONE mTmpFrame.height() =0 hasIntersection =false
05-24 20:15:51.368 I/WindowManager( 2813): WIN DEATH: Window{a111795 u0 org.qtproject.example.LifeBalanceAI_demo/org.qtproject.qt.android.bindings.QtActivity}, mAddedWindows = [Window{a111795 u0 org.qtproject.example.LifeBalanceAI_demo/org.qtproject.qt.android.bindings.QtActivity}, Window{dfa135e u0 PopupWindow:503b2bb EXITING}]
05-24 20:15:51.369 D/DynamicIslandWindowViewController( 5622): handleDynamicIsland: action_update_light
05-24 20:15:51.369 D/DynamicIslandWindowViewController( 5622): handleDynamicIsland: isLight false
05-24 20:15:51.369 D/MiuiNetworkPolicyTrafficLimit( 2813): updateWhiteListUidForMobileTraffic rst=true
05-24 20:15:51.369 W/AppCompatLetterboxPolicy( 2813): start not layout letterbox Window{c83b7d8 u0 LauncherOverlayWindow:com.miui.personalassistant}
05-24 20:15:51.369 W/AppCompatLetterboxPolicy( 2813): start not layout letterbox Window{9e831a3 u0 LauncherOverlayWindow:com.android.quicksearchbox}
05-24 20:15:51.370 D/DisplayContentStubImpl( 2813): onNewImeFrame: isImeVisible = false, imeFrame = Rect(0, 0 - 0, 0)
05-24 20:15:51.370 W/InsetsSource( 2813): Has no intersection or mTmpFrame.height(), return Insets.NONE mTmpFrame.height() =0 hasIntersection =false
05-24 20:15:51.370 W/InsetsSource( 2813): Has no intersection or mTmpFrame.height(), return Insets.NONE mTmpFrame.height() =0 hasIntersection =false
05-24 20:15:51.370 D/ForegroundUtils( 9791): UID: 10332 deleted.
05-24 20:15:51.370 D/BarFollowAnimation( 2813): pairAppearanceRegionAndWin win=Window{a111795 u0 org.qtproject.example.LifeBalanceAI_demo/org.qtproject.qt.android.bindings.QtActivity EXITING} 8
05-24 20:15:51.370 D/BarFollowAnimation( 2813): isAppTaskBarOnTop win:Window{a111795 u0 org.qtproject.example.LifeBalanceAI_demo/org.qtproject.qt.android.bindings.QtActivity EXITING} (mCurrentTopTask:Task{731026e #351 type=standard A=10332:org.qtproject.example.LifeBalanceAI_demo} : true); (mAssociatedTask:Task{731026e #351 type=standard A=10332:org.qtproject.example.LifeBalanceAI_demo} : true); (mHomeTask:Task{d686ba4 #1 type=home} : false); mReparentToOriginParent:false mLastAppBarVisible:true mLastHomeBarVisible:false
05-24 20:15:51.370 D/HidDeviceService( 5447): handleMessage(): msg.what=8
05-24 20:15:51.370 D/HidDeviceService( 5447): unregisterAppUid(): uid=10332
05-24 20:15:51.370 I/htmlviewercloudcontrol(10493): isStagingEnv:false param =  taa_SwitchStatus  uriMatch = 2, cluster: cn, version: 691563, traceId: 50ffd334c8f967d33da9ed8d10c2a32e, regId: q6YAzNPfHoQa9bhSi+eQQdvf1rlsWux4iTJ/RD/Cq6uLE9swRDhXYTAvvArbsB4k
05-24 20:15:51.370 D/ControlCenterHeaderExpandController( 5622): onExpansionChanged: progress =  0.0
05-24 20:15:51.370 D/HidDeviceService( 5447): unregisterAppUid(): caller UID doesn't match user UID
05-24 20:15:51.370 D/WindowManager( 2813): updateSystemBarAttributes displayId: 0 Window{a111795 u0 org.qtproject.example.LifeBalanceAI_demo/org.qtproject.qt.android.bindings.QtActivity EXITING} winAppearance=LIGHT_STATUS_BARS
05-24 20:15:51.370 D/MiuiRefreshRatePolicy( 2813): reset
05-24 20:15:51.370 D/WmSystemUiDebug( 2813): on system bar attributes changed displayId=0 appearance=LIGHT_STATUS_BARS appearanceRegions=[AppearanceRegion{LIGHT_STATUS_BARS bounds=[0,0][1080,2400]}] navbarColorManagedByIme=false behavior=1 requestedVisibleTypes=[statusBars navigationBars captionBar systemGestures mandatorySystemGestures tappableElement displayCutout windowDecor systemOverlays] packageName=org.qtproject.example.LifeBalanceAI_demo letterboxDetails=[]
05-24 20:15:51.370 D/WindowManager( 2813): wms.commitFinishDrawingLocked: mDrawState=READY_TO_SHOW Window{c83b7d8 u0 LauncherOverlayWindow:com.miui.personalassistant} in Surface(name=LauncherOverlayWindow:com.miui.personalassistant#297)/@0x2dda391
05-24 20:15:51.370 I/TransitionImpl( 2813): home mode = 3
05-24 20:15:51.371 I/TransitionImpl( 2813): home mode = 3
05-24 20:15:51.371 D/WindowManager( 2813): wms.commitFinishDrawingLocked: mDrawState=READY_TO_SHOW Window{9e831a3 u0 LauncherOverlayWindow:com.android.quicksearchbox} in Surface(name=LauncherOverlayWindow:com.android.quicksearchbox#296)/@0x4102e2a
05-24 20:15:51.371 D/InetDiagMessage( 2813): Destroyed 0 sockets, proto=IPPROTO_TCP, family=AF_INET, states=14
05-24 20:15:51.371 I/TransitionImpl( 2813): home mode = 3
05-24 20:15:51.371 I/TransitionImpl( 2813): home mode = 3
05-24 20:15:51.371 I/TransitionImpl( 2813): home mode = 3
05-24 20:15:51.371 I/TransitionImpl( 2813): home mode = 3
05-24 20:15:51.371 I/TransitionImpl( 2813): home mode = 3
05-24 20:15:51.371 I/TransitionImpl( 2813): home mode = 3
05-24 20:15:51.371 I/TransitionImpl( 2813): home mode = 3
05-24 20:15:51.371 I/TransitionImpl( 2813): home mode = 3
05-24 20:15:51.371 I/TransitionImpl( 2813): home mode = 3
05-24 20:15:51.371 W/InsetsSource( 2813): Has no intersection or mTmpFrame.height(), return Insets.NONE mTmpFrame.height() =0 hasIntersection =false
05-24 20:15:51.371 W/InsetsSource( 2813): Has no intersection or mTmpFrame.height(), return Insets.NONE mTmpFrame.height() =0 hasIntersection =false
05-24 20:15:51.371 D/InetDiagMessage( 2813): Destroyed 0 sockets, proto=IPPROTO_TCP, family=AF_INET6, states=14
05-24 20:15:51.371 D/InetDiagMessage( 2813): Destroyed live tcp sockets for uids={10332} in 1ms
05-24 20:15:51.372 D/ExternalInterface( 2813): setUidState, uid = 10332 allow = true
05-24 20:15:51.372 I/TransitionImpl( 2813): home mode = 3
05-24 20:15:51.372 I/TransitionImpl( 2813): home mode = 3
05-24 20:15:51.372 I/TransitionImpl( 2813): home mode = 3
05-24 20:15:51.372 I/TransitionImpl( 2813): home mode = 3
05-24 20:15:51.372 D/SystemPerformanceHinter( 2813): startSession#HighPerfSession-d0-WindowAnimation
05-24 20:15:51.372 D/CommandQueueCallback( 5622): onSystemBarAttributesChanged (0, 8)
05-24 20:15:51.372 D/MiSensorServiceImpl( 2813): PowerKeeperSensor resume iUid:10332 but app has not in Controlled
05-24 20:15:51.372 I/ImeTracker( 2813): org.qtproject.example.LifeBalanceAI_demo:2585de90: onRequestHide at ORIGIN_SERVER reason HIDE_REMOVE_CLIENT fromUser false
05-24 20:15:51.372 I/DisplayManagerServiceImpl( 2813): updateInputScene: , status: 0 targetPkg: input, cookie: 270
05-24 20:15:51.372 D/InetDiagMessage( 2813): Destroyed 0 sockets, proto=IPPROTO_TCP, family=AF_INET, states=14
05-24 20:15:51.372 D/MI-SF   ( 2440): updateScene: module = 270 (Input), value = 0, pkg = input, Vrr = 1, mSetTpIdleFlag = 0
05-24 20:15:51.373 D/WindowManager( 2813): Collecting in transition 10: Task{731026e #351 type=standard A=10332:org.qtproject.example.LifeBalanceAI_demo} init visibleRequested:false dc:Display{#0 state=ON size=1080x2400 ROTATION_0}
05-24 20:15:51.373 I/ImeTracker( 2813): org.qtproject.example.LifeBalanceAI_demo:2585de90: onCancelled at PHASE_SERVER_SHOULD_HIDE
05-24 20:15:51.373 D/InetDiagMessage( 2813): Destroyed 0 sockets, proto=IPPROTO_TCP, family=AF_INET6, states=14
05-24 20:15:51.373 D/InetDiagMessage( 2813): Destroyed live tcp sockets for uids={20332} in 2ms
05-24 20:15:51.373 D/SogouIME(10526): onUnbindInput: editorInfo:org.qtproject.example.LifeBalanceAI_demo 120323499
05-24 20:15:51.373 I/CameraActivitySceneMode( 2813): decideSceneMode: ActivityStateChange isn't resumend activityName = org.qtproject.qt.android.bindings.QtActivity, displayId = 0, state = 9, mIsVideocallResumed = false
05-24 20:15:51.373 D/WindowManager( 2813): Collecting in transition 10: ActivityRecord{160345712 u0 org.qtproject.example.LifeBalanceAI_demo/org.qtproject.qt.android.bindings.QtActivity t351 f}} init visibleRequested:false dc:Display{#0 state=ON size=1080x2400 ROTATION_0}
05-24 20:15:51.373 D/BarFollowAnimation( 2813): onTaskInfoChanedForCaptionBar Task{731026e #351 type=standard A=10332:org.qtproject.example.LifeBalanceAI_demo} shouldbeVisible:false isVisible:true isOnTop:false windowMode:1 preDisplayId:-1 displayId:0 mCaptionAssociatedTask:null mIsTouchedInCaption:false
05-24 20:15:51.373 I/libc    ( 2813): kill: send 9 to pid -21591
05-24 20:15:51.373 I/libc    ( 2813): debug pid reuse, real pid -21591
05-24 20:15:51.374 I/libprocessgroup( 2813): Removed cgroup /sys/fs/cgroup/apps/uid_10332/pid_21591
05-24 20:15:51.374 D/TaskSnapshotCompatVV( 5646): getIsInvalidateFromTaskSnapshot, return, mTaskSnapshot=null, mTaskSnapshotClazz=null
05-24 20:15:51.374 D/PerfMTKStubImpl( 2813): perfLockAcquire
05-24 20:15:51.374 D/ActivityRecordImpl( 2813): hot launch boost start ,is FastLaunch = false
05-24 20:15:51.374 D/PerfStubImpl( 2813): perfWarmLaunchBoost: com.miui.home, -1, 1
05-24 20:15:51.374 D/RecentsTaskLoader( 5646): reloadTasksData [TaskKey{id=349, stackId=0, baseIntent=Intent { act=android.intent.action.MAIN cat=[android.intent.category.LAUNCHER] flg=0x10200000 cmp=tv.danmaku.bili/.MainActivityV2 }, userId=0, lastActiveTime=116946, windowingMode=1, isThumbnailBlur=false, isAccessLocked=false, isScreening=false, topActivity=ComponentInfo{tv.danmaku.bili/com.bilibili.ship.theseus.detail.UnitedBizDetailsActivity}, mHashCode=11320611}, title=哔哩哔哩, titleDescription=哔哩哔哩, bounds=null, isLaunchTarget=false, isStackTask=true, isSystemApp=false, isDockable=true, baseActivity=ComponentInfo{tv.danmaku.bili/tv.danmaku.bili.MainActivityV2}, isLocked=false, mNeedHide=false, hasMultipleTasks=false, cti1Key=, cti2Key=, cti1Task=, cti2Task=] 
05-24 20:15:51.374 D/RefreshRateSelector( 2440): Touch Boost
05-24 20:15:51.375 D/BarFollowAnimation( 2813): onTaskInfoChanedForCaptionBar Task{d686ba4 #1 type=home} shouldbeVisible:true isVisible:false isOnTop:true windowMode:1 preDisplayId:-1 displayId:0 mCaptionAssociatedTask:null mIsTouchedInCaption:false
05-24 20:15:51.376 D/AurogonBandwidthController( 2813): skinTemperature:37.279
05-24 20:15:51.377 D/AurogonImmobulusMode( 2813): launch app processName = com.miui.home uid = 10125
05-24 20:15:51.377 D/ATMSImpl( 2813): Notify ticket snatching mode scenario package is com.miui.home
05-24 20:15:51.377 D/AurogonBandwidthController( 2813): skinTemperature:37.279
05-24 20:15:51.377 I/ATMSImpl( 2813): cacheTasksForDefaultDisplay size=2 topId=2
05-24 20:15:51.377 D/AurogonBandwidthController( 2813): skinTemperature:37.279
05-24 20:15:51.377 D/Transition( 2813): setReady 10 wc=Display{#0 state=ON size=1080x2400 ROTATION_0} ready=true
05-24 20:15:51.377 D/WindowManager( 2813): Set transition=TransitionRecord{eebed5d id=10 type=CLOSE flags=0x10 c=[
05-24 20:15:51.377 D/WindowManager( 2813):    ChangeInfo{fb496d2 container=ActivityRecord{65217429 u0 com.miui.home/.launcher.Launcher t2} flags=0x0}
05-24 20:15:51.377 D/WindowManager( 2813):    ChangeInfo{e4463a3 container=Task{731026e #351 type=standard A=10332:org.qtproject.example.LifeBalanceAI_demo} flags=0x0}
05-24 20:15:51.377 D/WindowManager( 2813):    ChangeInfo{c8c46a0 container=DefaultTaskDisplayArea@154015197 flags=0x0}
05-24 20:15:51.377 D/WindowManager( 2813):    ChangeInfo{4ff0259 container=ActivityRecord{160345712 u0 org.qtproject.example.LifeBalanceAI_demo/org.qtproject.qt.android.bindings.QtActivity t351 f} isExiting} flags=0x0}
05-24 20:15:51.377 D/WindowManager( 2813):    ChangeInfo{d214e1e container=Task{990e920 #2 type=home I=com.miui.home/.launcher.Launcher} flags=0x0}
05-24 20:15:51.377 D/WindowManager( 2813):    ChangeInfo{62f96ff container=Task{d686ba4 #1 type=home} flags=0x0}
05-24 20:15:51.377 D/WindowManager( 2813):    ChangeInfo{a7f2ccc container=Display{#0 state=ON size=1080x2400 ROTATION_0} flags=0x0}
05-24 20:15:51.377 D/WindowManager( 2813): ]
05-24 20:15:51.377 D/WindowManager( 2813): }, ready=true, SyncId=10 info=used=true, override=false, defer=0, states=Display{#0 state=ON size=1080x2400 ROTATION_0}:true reason=com.android.server.wm.Transition.applyReady:1266 com.android.server.wm.Transition.setReady:1248 com.android.server.wm.TransitionController.setReady:1194 com.android.server.wm.TransitionController.setReady:1199 com.android.server.wm.DisplayContent.executeAppTransition:6376 com.android.server.wm.RootWindowContainer.executeAppTransitionForAllDisplay:2624 com.android.server.wm.ActivityRecord.completeResumeLocked:7418 com.android.server.wm.TaskFragment.resumeTopActivity:2028 
05-24 20:15:51.378 W/InsetsSource( 2813): Has no intersection or mTmpFrame.height(), return Insets.NONE mTmpFrame.height() =0 hasIntersection =false
05-24 20:15:51.378 W/InsetsSource( 2813): Has no intersection or mTmpFrame.height(), return Insets.NONE mTmpFrame.height() =0 hasIntersection =false
05-24 20:15:51.378 D/BarFollowAnimation( 2813): pairAppearanceRegionAndWin win=Window{a111795 u0 org.qtproject.example.LifeBalanceAI_demo/org.qtproject.qt.android.bindings.QtActivity EXITING} 8
05-24 20:15:51.378 D/BarFollowAnimation( 2813): isAppTaskBarOnTop win:Window{a111795 u0 org.qtproject.example.LifeBalanceAI_demo/org.qtproject.qt.android.bindings.QtActivity EXITING} (mCurrentTopTask:Task{731026e #351 type=standard A=10332:org.qtproject.example.LifeBalanceAI_demo} : false); (mAssociatedTask:Task{731026e #351 type=standard A=10332:org.qtproject.example.LifeBalanceAI_demo} : false); (mHomeTask:Task{d686ba4 #1 type=home} : true); mReparentToOriginParent:false mLastAppBarVisible:true mLastHomeBarVisible:false
05-24 20:15:51.378 D/MiuiRefreshRatePolicy( 2813): reset
05-24 20:15:51.378 D/WindowManager( 2813): wms.commitFinishDrawingLocked: mDrawState=READY_TO_SHOW Window{c83b7d8 u0 LauncherOverlayWindow:com.miui.personalassistant} in Surface(name=LauncherOverlayWindow:com.miui.personalassistant#297)/@0x2dda391
05-24 20:15:51.378 I/TransitionImpl( 2813): home mode = 3
05-24 20:15:51.379 I/TransitionImpl( 2813): home mode = 3
05-24 20:15:51.379 D/WindowManager( 2813): wms.commitFinishDrawingLocked: mDrawState=READY_TO_SHOW Window{9e831a3 u0 LauncherOverlayWindow:com.android.quicksearchbox} in Surface(name=LauncherOverlayWindow:com.android.quicksearchbox#296)/@0x4102e2a
05-24 20:15:51.379 I/TransitionImpl( 2813): home mode = 3
05-24 20:15:51.379 I/TransitionImpl( 2813): home mode = 3
05-24 20:15:51.379 I/TransitionImpl( 2813): home mode = 3
05-24 20:15:51.379 I/TransitionImpl( 2813): home mode = 3
05-24 20:15:51.379 I/TransitionImpl( 2813): home mode = 3
05-24 20:15:51.379 I/TransitionImpl( 2813): home mode = 3
05-24 20:15:51.379 I/TransitionImpl( 2813): home mode = 3
05-24 20:15:51.379 I/TransitionImpl( 2813): home mode = 3
05-24 20:15:51.379 I/TransitionImpl( 2813): home mode = 3
05-24 20:15:51.380 I/TransitionImpl( 2813): home mode = 3
05-24 20:15:51.380 I/BLASTSyncEngine( 2813): SyncGroup 10:  Unfinished container:ActivityRecord{65217429 u0 com.miui.home/.launcher.Launcher t2}
05-24 20:15:51.380 I/BLASTSyncEngine( 2813): isActivitySyncFinished isSyncFinished false ActivityRecord{65217429 u0 com.miui.home/.launcher.Launcher t2}
05-24 20:15:51.380 W/InsetsSource( 2813): Has no intersection or mTmpFrame.height(), return Insets.NONE mTmpFrame.height() =0 hasIntersection =false
05-24 20:15:51.380 D/ViewRootImpl( 5646): Skipping stats log for color mode
05-24 20:15:51.380 W/InsetsSource( 2813): Has no intersection or mTmpFrame.height(), return Insets.NONE mTmpFrame.height() =0 hasIntersection =false
05-24 20:15:51.380 I/MultiTaskingTaskRepository( 5622): needSkip::taskInfo.baseActivity = null
05-24 20:15:51.380 D/MiuiDecorationController( 5622): relayout:: taskId=351 mRunningTaskInfo.mStatusBarParent=Surface(name=StatusBar Container of Task = 351#262)/@0x1af3848 taskInfo.mStatusBarParent=Surface(name=StatusBar Container of Task = 351#262)/@0x5d95f95
05-24 20:15:51.380 I/CameraActivitySceneMode( 2813): decideSceneMode: ActivityStateChange activityName = com.miui.home.launcher.Launcher, displayId = 0, state = 2
05-24 20:15:51.380 D/MiuiDecorationController( 5622): relayout:: taskId=351 mRunningTaskInfo.mNavBarParent=Surface(name=NavigationBar Container of Task = 351#261)/@0xa7116e1 taskInfo.mNavBarParent=Surface(name=NavigationBar Container of Task = 351#261)/@0xaeb48aa
05-24 20:15:51.380 D/Launcher.Lifecycle( 5646): onStart:UserHandle{0},30559f4,false
05-24 20:15:51.380 D/MiuiDecorationController( 5622): relayout::taskId=351, visible=true, bounds=Rect(0, 0 - 1080, 2400), focused=false, oldImmersive=false, newImmersive=false, windowMode=1, activityType=1, displayId=0, baseActivity=null, topActivity=null, callers=com.android.wm.shell.multitasking.miuimultiwinswitch.miuiwindowdecor.decoration.MiuiDecorationController.relayout:4 com.android.wm.shell.multitasking.miuimultiwinswitch.miuiwindowdecor.MulWinSwitchDecorViewModel.onTaskInfoChanged:18 com.android.wm.shell.multitasking.common.taskmanager.MultiTaskingTaskListener.onTaskInfoChanged:47 com.android.wm.shell.ShellTaskOrganizer.onTaskInfoChanged:136 android.window.TaskOrganizer$1.lambda$onTaskInfoChanged$6:300 
05-24 20:15:51.380 D/MiuiDecorationDot( 5622): needTopCaption: baseActivity and topActivity is null, taskId=351
05-24 20:15:51.380 W/AppContinuityRouterStub( 2813): mNotificationPolicyService is null.
05-24 20:15:51.380 D/MiuiDecorationDot( 5622): releaseViews_TopCaption: taskId=351
05-24 20:15:51.380 D/MiuiDecorationDot( 5622): releaseViews_TopCaption: taskId=351
05-24 20:15:51.380 D/MiuiDecorationBottom( 5622): needTopCaption: baseActivity and topActivity is null, taskId=351
05-24 20:15:51.380 D/MiuiDecorationBottom( 5622): releaseViews_BottomCaption: taskId=351
05-24 20:15:51.380 D/MiuiDecorationBottom( 5622): releaseViews_BottomCaption: taskId=351
05-24 20:15:51.381 D/Launcher.Search( 5646): isOldVersionSupportOverlay result:true isSupportOverlay:true isOverlayCloudOpen:true
05-24 20:15:51.381 D/Launcher.Search( 5646): isSupportKeepSearchAlive:true isNewEffect:true isOldVersionOverlay:true isAdvanceDevice:true
05-24 20:15:51.381 D/LauncherOverlay( 9946): setActivityState:1
05-24 20:15:51.381 I/TransitionImpl( 2813): home mode = 3
05-24 20:15:51.381 D/Launcher( 5646): Launcher.DeviceConfig onStart bounds = Rect(0, 0 - 1080, 2400)
05-24 20:15:51.381 I/TransitionImpl( 2813): home mode = 3
05-24 20:15:51.381 D/LauncherOverlay( 9930): setActivityState:1
05-24 20:15:51.381 I/MultiTaskingTaskRepository( 5622): needSkip::is home task
05-24 20:15:51.381 I/TransitionImpl( 2813): home mode = 3
05-24 20:15:51.381 I/TransitionImpl( 2813): home mode = 3
05-24 20:15:51.381 D/MiuiDecorationHomeController( 5622): relayout::taskId=1, userId=0, visible=false, bounds=Rect(0, 0 - 1080, 2400), focused=true, activityType=2, displayId=0, baseActivity=ComponentInfo{com.miui.home/com.miui.home.launcher.Launcher}, topActivity=ComponentInfo{com.miui.home/com.miui.home.launcher.Launcher}, callers=com.android.wm.shell.multitasking.miuimultiwinswitch.miuiwindowdecor.decoration.MiuiDecorationController.relayout:4 com.android.wm.shell.multitasking.miuimultiwinswitch.miuiwindowdecor.MulWinSwitchDecorViewModel.onTaskInfoChanged:18 com.android.wm.shell.multitasking.common.taskmanager.MultiTaskingTaskListener.onTaskInfoChanged:47 com.android.wm.shell.ShellTaskOrganizer.onTaskInfoChanged:136 android.window.TaskOrganizer$1.lambda$onTaskInfoChanged$6:300 
05-24 20:15:51.381 D/MiuiDecorationBottom( 5622): releaseViews_HomeBottomCaption: taskId=1
05-24 20:15:51.381 D/MiuiFreeformModeController( 5622): onFocusTaskChanged taskInfo: TaskInfo{userId=0 taskId=1 effectiveUid=0 displayId=0 isRunning=true baseIntent=Intent { act=android.intent.action.MAIN cat=[android.intent.category.HOME] flg=0x10000100 cmp=com.miui.home/.launcher.Launcher } baseActivity=ComponentInfo{com.miui.home/com.miui.home.launcher.Launcher} topActivity=ComponentInfo{com.miui.home/com.miui.home.launcher.Launcher} origActivity=null realActivity=null numActivities=1 lastActiveTime=11565 supportsSplitScreenMultiWindow=true mSoScDisplayMode=-1 supportsMultiWindow=true resizeMode=2 isResizeable=true minWidth=-1 minHeight=-1 defaultMinSize=200 token=WCT{android.window.IWindowContainerToken$Stub$Proxy@3cdec9b} topActivityType=2 pictureInPictureParams=null shouldDockBigOverlays=false launchIntoPipHostTaskId=-1 lastParentTaskIdBeforePip=-1 displayCutoutSafeInsets=Rect(0, 0 - 0, 0) topActivityInfo=ActivityInfo{7a72838 com.miui.home.launcher.Launcher} launchCookies=[] positionInParent=Point(0, 0) parentTaskId=-1 isFocused=true isVisible=false isVisibleRequested=true isTopActivityNoDisplay=false isSleeping=false locusId=null displayAreaFeatureId=1 isTopActivityTransparent=false isActivityStackTransparent=false lastNonFullscreenBounds=Rect(297, 660 - 783, 1740) capturedLink=null capturedLinkTimestamp=0 requestedVisibleTypes=-9 topActivityRequestOpenInBrowserEducationTimestamp=0 appCompatTaskInfo=AppCompatTaskInfo { topActivityInSizeCompat=false eligibleForLetterboxEducation= false topActivityInMiuiSizeCompat=false isLetterboxEducationEnabled= false isLetterboxDoubleTapEnabled= false eligibleForUserAspectRatioButton= false topActivityBoundsLetterboxed= false isFromLetterboxDoubleTap= false topActivityLetterboxVerticalPosition= -1 topActivityLetterboxHorizontalPosition= -1 topActivityLetterboxWidth=-1 topActivityLetterboxHeight=-1 topActivityAppBounds=Rect(0, 0 - 1080, 2400) isUserFullscreenOverrideEnabled=false isSystemFullscreenOverrideEnabled=false hasMinAspectRatioOverride=false topActivityLetterboxBounds=null cameraCompatTaskInfo=CameraCompatTaskInfo { freeformCameraCompatMode=inactive}} isImmersive=false mTopActivityRequestOrientation=-2 mStatusBarParent=null mNavBarParent=null mBehindAppLockPkg=null mOriginatingUid=0 isEmbedded=false shouldBeVisible=true isCreatedByOrganizer=false mIsCastMode=false mTopActivityMediaSize=null mTopActivityRecordName=ActivityRecord{65217429 u0 com.miui.home/.launcher.Launcher t2} mTopActivityOrientation=1 topActivityMainWindowFrame=null}
05-24 20:15:51.381 D/Activity( 5646): Activity = ActivityInfo{d1a4d8d com.miui.home.launcher.Launcher}, Resume onConfigurationChanged = {1.0 460mcc11mnc [zh_CN] ldltr sw393dp w393dp h873dp 440dpi nrml long hdr widecg port finger -keyb/v/h -nav/h winConfig={ mBounds=Rect(0, 0 - 1080, 2400) mAppBounds=Rect(0, 0 - 1080, 2400) mMaxBounds=Rect(0, 0 - 1080, 2400) mDisplayRotation=ROTATION_0 mWindowingMode=fullscreen mActivityType=home mAlwaysOnTop=undefined mRotation=ROTATION_0 mInSplitScreen=false letterBoxed=false foScaled=false isSpecificEmbedded=false embeddingScale=1.0} s.5 fontWeightAdjustment=0/d/0 themeChanged=0 themeChangedFlags=0 display=0 extraData = Bundle[{}] screenType=0/0}
05-24 20:15:51.381 D/LauncherOverlay.Window( 9946): onStart
05-24 20:15:51.381 I/LauncherOverlayCallback( 9930): handleMessage WHAT_ACTIVITY_STATE_CHANGED what：1
05-24 20:15:51.382 D/LauncherOverlay.Window( 9930): onStart
05-24 20:15:51.382 I/LauncherOverlayCallback( 9930): handleMessage WHAT_LAUNCHER_STATE what：1
05-24 20:15:51.382 D/LauncherOverlay.Window( 9930): launcherState 1
05-24 20:15:51.382 D/LauncherOverlay.Window( 9930): resumedStateNow 0,resumedStateNew = 0
05-24 20:15:51.382 D/MiuiInputManagerService( 2813): unregisterSrollToTopListener, windowId: 72856230
05-24 20:15:51.382 D/Launcher( 5646): Launcher.DeviceConfig onResume bounds = Rect(0, 0 - 1080, 2400)
05-24 20:15:51.382 D/Launcher.DropTargetBar( 5646): update uninstall active when NO drag, active=false (edit=0, isUninstallDialogShowing=false, isWidgetPreviewShowing=false, isDefaultScreenPreviewShowing=false, isMenuVisible=false)
05-24 20:15:51.382 D/Launcher.Lifecycle( 5646): onResume:UserHandle{0},30559f4,false
05-24 20:15:51.382 W/Settings( 5646): Setting device_provisioned has moved from android.provider.Settings.Secure to android.provider.Settings.Global.
05-24 20:15:51.382 I/GID     (12483): PKG: com.miui.home IG ? false
05-24 20:15:51.382 I/SurfaceFlingerSetCgroup( 2813): start set SurfaceFlinger cancel To Little Core...
05-24 20:15:51.382 I/GST     (12483): forePkg: com.miui.home, preForePkg: org.qtproject.example.LifeBalanceAI_demo
05-24 20:15:51.382 D/VENUS_GAMEAI_START_GameAiStartManager(12483): venusGameAiEnable is false
05-24 20:15:51.382 E/TransitionChain( 2813): Mismatch between current collecting (TransitionRecord{eebed5d id=10 type=CLOSE flags=0x10 c=[
05-24 20:15:51.382 E/TransitionChain( 2813):    ChangeInfo{fb496d2 container=ActivityRecord{65217429 u0 com.miui.home/.launcher.Launcher t2} flags=0x0}
05-24 20:15:51.382 E/TransitionChain( 2813):    ChangeInfo{e4463a3 container=Task{731026e #351 type=standard A=10332:org.qtproject.example.LifeBalanceAI_demo} flags=0x0}
05-24 20:15:51.382 E/TransitionChain( 2813):    ChangeInfo{c8c46a0 container=DefaultTaskDisplayArea@154015197 flags=0x0}
05-24 20:15:51.382 E/TransitionChain( 2813):    ChangeInfo{4ff0259 container=ActivityRecord{160345712 u0 org.qtproject.example.LifeBalanceAI_demo/org.qtproject.qt.android.bindings.QtActivity t351 f} isExiting} flags=0x0}
