05-24 20:15:50.388 D/MiuiWallpaperSurfaceAnimation( 2813): updateScaleIfNeeded mPivotX: 0.5, mPivotY: 0.5, x: 0, y: 0, zoom: 1.0093343
05-24 20:15:50.389 D/ForegroundUtils( 9791): Foreground UID status:
05-24 20:15:50.389 D/ForegroundUtils( 9791): UID: 10117 is in foreground: true
05-24 20:15:50.389 D/ForegroundUtils( 9791): UID: 10125 is in foreground: true
05-24 20:15:50.389 D/ForegroundUtils( 9791): UID: 10268 is in foreground: true
05-24 20:15:50.389 D/ForegroundUtils( 9791): UID: 10332 is in foreground: true
05-24 20:15:50.389 D/HidDeviceService( 5447): handleMessage(): msg.what=8
05-24 20:15:50.389 I/MiuiNetworkPolicy( 2813): updateUidState uid = 10332, uidState = 2
05-24 20:15:50.389 I/MiuiNetworkPolicyTrafficLimit( 2813): updateWhiteListUidForMobileTraffic uid=10332,add=true
05-24 20:15:50.391 D/ChineseTelocation(18395): uniqId: 10
05-24 20:15:50.391 D/MI-SF   ( 2440): isTpIdleScene ,mAverageFrameRate is 4, 0 
05-24 20:15:50.391 D/MI-SF   ( 2440): modeGroup0 mIsSupportAutomodeForMaxFpsSetting is 0(0), getCurrentBrightness() = 180(1810), mIsKeepAutoMode 0 isAutoModeAllowed() 1
05-24 20:15:50.391 D/RefreshRateSelector( 2440): fixedMode_group: 0, isFindModeGroup 0
05-24 20:15:50.391 D/RefreshRateSelector( 2440): find max refresh rate:120, mode Group:0
05-24 20:15:50.392 D/VA_ActivityUtils(13321): getTopActivity packageName:ComponentInfo{org.qtproject.example.LifeBalanceAI_demo/org.qtproject.qt.android.bindings.QtActivity}
05-24 20:15:50.392 D/VA_AppStateWatcher(13321): currentPkgName:org.qtproject.example.LifeBalanceAI_demo, className:org.qtproject.qt.android.bindings.QtActivity, lastPkgName:com.miui.home
05-24 20:15:50.392 I/WindowManager( 2813): wms.showSurfaceRobustly mWin:Window{fe5ea39 u0 Splash Screen org.qtproject.example.LifeBalanceAI_demo} in Surface(name=Splash Screen org.qtproject.example.LifeBalanceAI_demo#272)/@0xafda771
05-24 20:15:50.392 I/ForegroundAppManager( 2813): add foregroundApp,uid:10332,procState:2
05-24 20:15:50.392 I/MiuiDecorationSamplingHelper( 5622): CompositionSamplingListener.unregister mAttached=true, mSamplingEnabled=false, mSamplingRect=Rect(351, 2372 - 729, 2383), mView=MiuiBottomBarView#96228146
05-24 20:15:50.392 I/MiuiDecorationSamplingHelper( 5622): CompositionSamplingListener.register mSamplingRect=Rect(351, 2372 - 729, 2383), stopLayer=Surface(name=Miui Bottom Caption of Task=351#278)/@0xb6279df, mView=MiuiBottomBarView#96228146
05-24 20:15:50.393 D/RegionSamplingThread( 2440): [SF-ColorSample] Luma listener added. luma size: 3, color size: 0, area: Rect(351, 2372, 729, 2383), stopLayerId: 278
05-24 20:15:50.393 D/HWUI    ( 5622): [HWUI] Flag vulkan_enhance_pipeline_cache enabled
05-24 20:15:50.393 D/HWUI    ( 5622): [HWUI] EnhanceVkPipelineCache is disabled
05-24 20:15:50.393 D/HWUI    ( 5622): [HWUI] Flag ddre enabled
05-24 20:15:50.394 I/Choreographer( 5622): first vsync insert message into MessageQueue Head
05-24 20:15:50.394 I/MiuiWallpaperSurfaceAnimation( 2813): wallpaperOffsets:xOffset=0.0,yOffset=0.0
05-24 20:15:50.394 D/MiuiWallpaperSurfaceAnimation( 2813): updateScaleIfNeeded mPivotX: 0.5, mPivotY: 0.5, x: 0, y: 0, zoom: 1.012861
05-24 20:15:50.395 E/traffic ( 1860): add TrafficMobileLimiter whitelist 10332
05-24 20:15:50.395 D/VRI[Miui Bottom Caption of Task=1]( 5622): getMiuiFreeformStackInfo mTmpFrames.miuiFreeFormStackInfo: null
05-24 20:15:50.395 V/OsAgent ( 9923): broadcastSystemEvent - 7
05-24 20:15:50.396 I/ContactsProvider( 9982): Contacts query: CPID=18395, CallingPackage = com.android.mms User=0
05-24 20:15:50.397 D/VA_TopAppChangedObserver(13321): onAppChanged...org.qtproject.example.LifeBalanceAI_demo
05-24 20:15:50.398 D/VA_TopAppChangedObserver(13321): onAppChanged notify listener:
05-24 20:15:50.398 I/VA_ConversationManager(13321): lastQueryOrigin====null;fromCar=false
05-24 20:15:50.398 D/VA_QueryRecorder(13321): getQueryInfo: requestId is empty
05-24 20:15:50.398 D/MiuiNetworkPolicyTrafficLimit( 2813): updateWhiteListUidForMobileTraffic rst=true
05-24 20:15:50.398 D/VA_OperationManager(13321): getQueryInfo: QueryInfo(dialogId=null, queryText=null, queryExtraInfo=null, isFromAiInputPage=false, isRenewSession=null, skillId=null)
05-24 20:15:50.398 I/VA_ConversationManager(13321): lastQueryOrigin====null;fromDevice=false
05-24 20:15:50.398 D/VA_TopAppChangedObserver(13321): onAppChanged notify listener:j
05-24 20:15:50.398 I/VA_HybridLifecycleListener(13321): onTopAppChanged: newApp=org.qtproject.example.LifeBalanceAI_demo from=com.miui.home fromPkg=org.qtproject.example.LifeBalanceAI_demo
05-24 20:15:50.398 D/VA_TopAppChangedObserver(13321): onAppChanged notify listener:a
05-24 20:15:50.398 I/VA__LAS_LocalAppSearch(13321): onTopAppChanged: org.qtproject.example.LifeBalanceAI_demo
05-24 20:15:50.398 I/SmartPower: com.qualcomm.qti.workloadclassifier/10210(21602)( 2813): died->background(54763ms) R(process start ) adj=-10000.
05-24 20:15:50.399 D/MI-SF   ( 2440): isTpIdleScene ,mAverageFrameRate is 4, 0 
05-24 20:15:50.399 D/MI-SF   ( 2440): modeGroup0 mIsSupportAutomodeForMaxFpsSetting is 0(0), getCurrentBrightness() = 180(1810), mIsKeepAutoMode 0 isAutoModeAllowed() 1
05-24 20:15:50.399 D/RefreshRateSelector( 2440): fixedMode_group: 0, isFindModeGroup 0
05-24 20:15:50.399 D/RefreshRateSelector( 2440): find max refresh rate:120, mode Group:0
05-24 20:15:50.399 D/CompatibilityInfo( 2813): mCompatibilityFlags - 0
05-24 20:15:50.399 D/CompatibilityInfo( 2813): applicationDensity - 440
05-24 20:15:50.399 D/CompatibilityInfo( 2813): applicationScale - 1.0
05-24 20:15:50.400 D/MiuiDownscaleImpl(21591): set override inverted scale : 1.0
05-24 20:15:50.401 D/CompatChangeReporter(21591): Compat change id reported: 171979766; UID 10332; state: ENABLED
05-24 20:15:50.401 I/RENDER_TURBO(21591): onActivityThreadCreate not in white list, pkg=org.qtproject.example.LifeBalanceAI_demo, type=fuxi
05-24 20:15:50.401 I/ContactsProvider( 9982): Contacts query: access CPID=18395, CallingPackage = com.android.mms User=0
05-24 20:15:50.401 I/ContactsProvider( 9982): querylocal match: 3000
05-24 20:15:50.403 I/MiuiWallpaperSurfaceAnimation( 2813): wallpaperOffsets:xOffset=0.0,yOffset=0.0
05-24 20:15:50.403 D/MiuiWallpaperSurfaceAnimation( 2813): updateScaleIfNeeded mPivotX: 0.5, mPivotY: 0.5, x: 0, y: 0, zoom: 1.0166721
05-24 20:15:50.406 D/MiuiDownscaleImpl(21602): set override inverted scale : 1.0
05-24 20:15:50.406 I/ContactsProvider( 9982): return querylocal
05-24 20:15:50.407 I/ContactsProvider( 9982): query return 4 queryDirectoryIfNecessary 
05-24 20:15:50.407 I/ContactsProvider( 9982): query return 5 finally 
05-24 20:15:50.407 D/CompatChangeReporter( 2813): Compat change id reported: 170503758; UID 10332; state: ENABLED
05-24 20:15:50.407 D/SchedBoostThread( 2813): thread tid=6051, priority is set to -10
05-24 20:15:50.407 D/SchedBoostThread( 2813): thread tid=5894, priority is set to -4
05-24 20:15:50.407 D/MI-SF   ( 2440): isTpIdleScene ,mAverageFrameRate is 4, 0 
05-24 20:15:50.407 D/MI-SF   ( 2440): modeGroup0 mIsSupportAutomodeForMaxFpsSetting is 0(0), getCurrentBrightness() = 180(1810), mIsKeepAutoMode 0 isAutoModeAllowed() 1
05-24 20:15:50.407 D/RefreshRateSelector( 2440): fixedMode_group: 0, isFindModeGroup 0
05-24 20:15:50.407 D/RefreshRateSelector( 2440): find max refresh rate:120, mode Group:0
05-24 20:15:50.408 I/RENDER_TURBO(21602): onActivityThreadCreate not in white list, pkg=com.qualcomm.qti.workloadclassifier, type=fuxi
05-24 20:15:50.410 I/MiuiWallpaperSurfaceAnimation( 2813): wallpaperOffsets:xOffset=0.0,yOffset=0.0
05-24 20:15:50.410 D/MiuiWallpaperSurfaceAnimation( 2813): updateScaleIfNeeded mPivotX: 0.5, mPivotY: 0.5, x: 0, y: 0, zoom: 1.0206941
05-24 20:15:50.412 I/NumberNormalizeUtils(18395): use chinese policy
05-24 20:15:50.413 I/NumberNormalizeUtils(18395): use chinese policy
05-24 20:15:50.414 I/PhoneInfoLoader(18395): getAndUpdatePhoneInfo: request from net, tag is 网易调研
05-24 20:15:50.414 I/NumberNormalizeUtils(18395): use chinese policy
05-24 20:15:50.416 D/RequestUtils(18395): updateParams: serviceType = STRING
05-24 20:15:50.416 D/MI-SF   ( 2440): isTpIdleScene ,mAverageFrameRate is 4, 0 
05-24 20:15:50.416 D/MI-SF   ( 2440): modeGroup0 mIsSupportAutomodeForMaxFpsSetting is 0(0), getCurrentBrightness() = 180(1810), mIsKeepAutoMode 0 isAutoModeAllowed() 1
05-24 20:15:50.416 D/RefreshRateSelector( 2440): fixedMode_group: 0, isFindModeGroup 0
05-24 20:15:50.416 D/RefreshRateSelector( 2440): find max refresh rate:120, mode Group:0
05-24 20:15:50.416 D/HttpRequestImpl(18395): request
05-24 20:15:50.416 D/HttpRequestImpl(18395): try request
05-24 20:15:50.417 I/ServiceGenerator(18395): create service
05-24 20:15:50.419 I/MiuiWallpaperSurfaceAnimation( 2813): wallpaperOffsets:xOffset=0.0,yOffset=0.0
05-24 20:15:50.419 D/MiuiWallpaperSurfaceAnimation( 2813): updateScaleIfNeeded mPivotX: 0.5, mPivotY: 0.5, x: 0, y: 0, zoom: 1.0248646
05-24 20:15:50.421 D/ActivityThread(21591): setEmbeddedParam packageName=org.qtproject.example.LifeBalanceAI_demo processName=org.qtproject.example.LifeBalanceAI_demo isEmbedded=false isIsolated=false
05-24 20:15:50.421 D/ActivityThread(21602): setEmbeddedParam packageName=com.qualcomm.qti.workloadclassifier processName=com.qualcomm.qti.workloadclassifier isEmbedded=false isIsolated=false
05-24 20:15:50.424 D/RecentsImpl( 5646): mTaskStackChangeListener, onTaskStackChanged
05-24 20:15:50.424 D/MI-SF   ( 2440): isTpIdleScene ,mAverageFrameRate is 4, 0 
05-24 20:15:50.424 D/MI-SF   ( 2440): modeGroup0 mIsSupportAutomodeForMaxFpsSetting is 0(0), getCurrentBrightness() = 180(1810), mIsKeepAutoMode 0 isAutoModeAllowed() 1
05-24 20:15:50.424 D/RefreshRateSelector( 2440): fixedMode_group: 0, isFindModeGroup 0
05-24 20:15:50.424 D/RefreshRateSelector( 2440): find max refresh rate:120, mode Group:0
05-24 20:15:50.425 I/SCTaskStackListener(10181): onTaskStackChanged! inSplit = false
05-24 20:15:50.425 I/SCTaskStackListener(10181): onTaskStackChanged! inSplit = false
05-24 20:15:50.425 D/nativeloader(21591): Configuring clns-10 for other apk /data/app/~~AGNGIH_c27Gqf0fmVjedAA==/org.qtproject.example.LifeBalanceAI_demo-RaTns8zQbS976kDS7sip3Q==/base.apk. target_sdk_version=31, uses_libraries=, library_path=/data/app/~~AGNGIH_c27Gqf0fmVjedAA==/org.qtproject.example.LifeBalanceAI_demo-RaTns8zQbS976kDS7sip3Q==/lib/arm64:/data/app/~~AGNGIH_c27Gqf0fmVjedAA==/org.qtproject.example.LifeBalanceAI_demo-RaTns8zQbS976kDS7sip3Q==/base.apk!/lib/arm64-v8a, permitted_path=/data:/mnt/expand:/data/user/0/org.qtproject.example.LifeBalanceAI_demo
05-24 20:15:50.427 I/eBalanceAI_demo(21591): AssetManager2(0x7b1c920b98) locale list changing from [] to [zh-CN]
05-24 20:15:50.428 D/EventBus( 5646): No subscribers registered for event class com.miui.home.recents.messages.RecentTasksChangedEvent
05-24 20:15:50.428 D/EventBus( 5646): No subscribers registered for event class org.greenrobot.eventbus.NoSubscriberEvent
05-24 20:15:50.428 I/MiuiWallpaperSurfaceAnimation( 2813): wallpaperOffsets:xOffset=0.0,yOffset=0.0
05-24 20:15:50.428 D/MiuiWallpaperSurfaceAnimation( 2813): updateScaleIfNeeded mPivotX: 0.5, mPivotY: 0.5, x: 0, y: 0, zoom: 1.0291302
05-24 20:15:50.429 D/HWUI    (21591): [HWUI] Flag vulkan_enhance_pipeline_cache enabled
05-24 20:15:50.429 D/HWUI    (21591): [HWUI] EnhanceVkPipelineCache is disabled
05-24 20:15:50.429 D/HWUI    (21591): [HWUI] Flag ddre enabled
05-24 20:15:50.430 W/RecentsModel( 5646): getRunningTask   taskInfo=TaskInfo{userId=0 taskId=351 effectiveUid=10332 displayId=0 isRunning=true baseIntent=Intent { flg=0x10000000 cmp=org.qtproject.example.LifeBalanceAI_demo/org.qtproject.qt.android.bindings.QtActivity } baseActivity=ComponentInfo{org.qtproject.example.LifeBalanceAI_demo/org.qtproject.qt.android.bindings.QtActivity} topActivity=ComponentInfo{org.qtproject.example.LifeBalanceAI_demo/org.qtproject.qt.android.bindings.QtActivity} origActivity=null realActivity=ComponentInfo{org.qtproject.example.LifeBalanceAI_demo/org.qtproject.qt.android.bindings.QtActivity} numActivities=1 lastActiveTime=225020 supportsSplitScreenMultiWindow=true mSoScDisplayMode=-1 supportsMultiWindow=true resizeMode=1 isResizeable=true minWidth=-1 minHeight=-1 defaultMinSize=200 token=WCT{android.window.IWindowContainerToken$Stub$Proxy@8441c06} topActivityType=1 pictureInPictureParams=null shouldDockBigOverlays=false launchIntoPipHostTaskId=-1 lastParentTaskIdBeforePip=-1 displayCutoutSafeInsets=Rect(0, 0 - 0, 0) topActivityInfo=ActivityInfo{82df2c7 org.qtproject.qt.android.bindings.QtActivity} launchCookies=[] positionInParent=Point(0, 0) parentTaskId=-1 isFocused=false isVisible=true isVisibleRequested=true isTopActivityNoDisplay=false isSleeping=false locusId=null displayAreaFeatureId=1 isTopActivityTransparent=false isActivityStackTransparent=false lastNonFullscreenBounds=Rect(280, 698 - 801, 1778) capturedLink=null capturedLinkTimestamp=0 requestedVisibleTypes=-9 topActivityRequestOpenInBrowserEducationTimestamp=0 appCompatTaskInfo=AppCompatTaskInfo { topActivityInSizeCompat=false eligibleForLetterboxEducation= false topActivityInMiuiSizeCompat=false isLetterboxEducationEnabled= false isLetterboxDoubleTapEnabled= false eligibleForUserAspectRatioButton= false topActivityBoundsLetterboxed= false isFromLetterboxDoubleTap= false topActivityLetterboxVerticalPosition= -1 topActivityLetterboxHorizontalPosition= -1 topActivityLetterboxWidth=-1 topActivityLetterboxHeight=-1 topActivityAppBounds=Rect(0, 121 - 1080, 2356) isUserFullscreenOverrideEnabled=false isSystemFullscreenOverrideEnabled=false hasMinAspectRatioOverride=false topActivityLetterboxBounds=null cameraCompatTaskInfo=CameraCompatTaskInfo { freeformCameraCompatMode=inactive}} isImmersive=false mTopActivityRequestOrientation=-1 mStatusBarParent=null mNavBarParent=null mBehindAppLockPkg=null mOriginatingUid=0 isEmbedded=false shouldBeVisible=true isCreatedByOrganizer=false mIsCastMode=false mTopActivityMediaSize=null mTopActivityRecordName=ActivityRecord{160345712 u0 org.qtproject.example.LifeBalanceAI_demo/org.qtproject.qt.android.bindings.QtActivity t351} mTopActivityOrientation=-1 topActivityMainWindowFrame=null}
05-24 20:15:50.430 E/ActivityManagerWrapper( 5646): get all recent tasks force including 351 userId =0
05-24 20:15:50.430 V/GraphicsEnvironment(21591): Currently set values for:
05-24 20:15:50.430 V/GraphicsEnvironment(21591):   angle_gl_driver_selection_pkgs=[]
05-24 20:15:50.430 V/GraphicsEnvironment(21591):   angle_gl_driver_selection_values=[]
05-24 20:15:50.430 V/GraphicsEnvironment(21591): org.qtproject.example.LifeBalanceAI_demo is not listed in per-application setting
05-24 20:15:50.430 V/GraphicsEnvironment(21591): ANGLE allowlist from config: 
05-24 20:15:50.430 V/GraphicsEnvironment(21591): org.qtproject.example.LifeBalanceAI_demo is not listed in ANGLE allowlist or settings, returning default
05-24 20:15:50.430 V/GraphicsEnvironment(21591): Updatable production driver is not supported on the device.
05-24 20:15:50.431 D/nativeloader(21602): Configuring clns-shared-10 for other apk /system_ext/app/workloadclassifier/workloadclassifier.apk. target_sdk_version=35, uses_libraries=, library_path=/system_ext/app/workloadclassifier/lib/arm64:/system/lib64:/system_ext/lib64, permitted_path=/data:/mnt/expand:/data/user/0/com.qualcomm.qti.workloadclassifier:/system_ext/app/workloadclassifier:/system/lib64:/system_ext/lib64
05-24 20:15:50.432 E/ActivityManagerWrapper( 5646): getRecentTasksForceIncludingTaskIdIfValid: getRecentTasks: size=2
05-24 20:15:50.432 E/ActivityManagerWrapper( 5646):  mainTaskId=351   userId=0   windowMode=1   isExcludedFromRecents=false   baseIntent=Intent { act=null flag=268435456 cmp=ComponentInfo{org.qtproject.example.LifeBalanceAI_demo/org.qtproject.qt.android.bindings.QtActivity} }
05-24 20:15:50.432 E/ActivityManagerWrapper( 5646):  mainTaskId=349   userId=0   windowMode=1   isExcludedFromRecents=false   baseIntent=Intent { act=android.intent.action.MAIN flag=270532608 cmp=ComponentInfo{tv.danmaku.bili/tv.danmaku.bili.MainActivityV2} }
05-24 20:15:50.432 D/MI-SF   ( 2440): isTpIdleScene ,mAverageFrameRate is 4, 0 
05-24 20:15:50.432 D/MI-SF   ( 2440): modeGroup0 mIsSupportAutomodeForMaxFpsSetting is 0(0), getCurrentBrightness() = 180(1810), mIsKeepAutoMode 0 isAutoModeAllowed() 1
05-24 20:15:50.432 D/RefreshRateSelector( 2440): fixedMode_group: 0, isFindModeGroup 0
05-24 20:15:50.432 D/RefreshRateSelector( 2440): find max refresh rate:120, mode Group:0
05-24 20:15:50.433 D/CompatChangeReporter(21602): Compat change id reported: 202956589; UID 10210; state: ENABLED
05-24 20:15:50.433 D/RecentsTaskLoader( 5646): reloadTasksData [TaskKey{id=351, stackId=0, baseIntent=Intent { flg=0x10000000 cmp=org.qtproject.example.LifeBalanceAI_demo/org.qtproject.qt.android.bindings.QtActivity }, userId=0, lastActiveTime=224893, windowingMode=1, isThumbnailBlur=false, isAccessLocked=false, isScreening=false, topActivity=ComponentInfo{org.qtproject.example.LifeBalanceAI_demo/org.qtproject.qt.android.bindings.QtActivity}, mHashCode=11380193}, title=LifeBalanceAI_demo, titleDescription=LifeBalanceAI_demo, bounds=null, isLaunchTarget=true, isStackTask=true, isSystemApp=false, isDockable=true, baseActivity=ComponentInfo{org.qtproject.example.LifeBalanceAI_demo/org.qtproject.qt.android.bindings.QtActivity}, isLocked=false, mNeedHide=false, hasMultipleTasks=false, cti1Key=, cti2Key=, cti1Task=, cti2Task=] 
05-24 20:15:50.433 D/ResMonitorStub(21591): The current process type is: third_party_app, process name is: org.qtproject.example.LifeBalanceAI_demo
05-24 20:15:50.435 D/TaskSnapshotCompatVV( 5646): getIsInvalidateFromTaskSnapshot, return, mTaskSnapshot=null, mTaskSnapshotClazz=null
05-24 20:15:50.435 D/RecentsTaskLoader( 5646): reloadTasksData [TaskKey{id=349, stackId=0, baseIntent=Intent { act=android.intent.action.MAIN cat=[android.intent.category.LAUNCHER] flg=0x10200000 cmp=tv.danmaku.bili/.MainActivityV2 }, userId=0, lastActiveTime=116946, windowingMode=1, isThumbnailBlur=false, isAccessLocked=false, isScreening=false, topActivity=ComponentInfo{tv.danmaku.bili/com.bilibili.ship.theseus.detail.UnitedBizDetailsActivity}, mHashCode=11320611}, title=哔哩哔哩, titleDescription=哔哩哔哩, bounds=null, isLaunchTarget=false, isStackTask=true, isSystemApp=false, isDockable=true, baseActivity=ComponentInfo{tv.danmaku.bili/tv.danmaku.bili.MainActivityV2}, isLocked=false, mNeedHide=false, hasMultipleTasks=false, cti1Key=, cti2Key=, cti1Task=, cti2Task=] 
05-24 20:15:50.435 I/kloadclassifier(21602): AssetManager2(0xb400007b1c931858) locale list changing from [] to [zh-CN]
05-24 20:15:50.436 I/MiuiWallpaperSurfaceAnimation( 2813): wallpaperOffsets:xOffset=0.0,yOffset=0.0
05-24 20:15:50.436 D/MiuiWallpaperSurfaceAnimation( 2813): updateScaleIfNeeded mPivotX: 0.5, mPivotY: 0.5, x: 0, y: 0, zoom: 1.033446
05-24 20:15:50.437 D/HWUI    (21602): [HWUI] Flag vulkan_enhance_pipeline_cache enabled
05-24 20:15:50.437 D/HWUI    (21602): [HWUI] EnhanceVkPipelineCache is disabled
05-24 20:15:50.437 D/HWUI    (21602): [HWUI] Flag ddre enabled
05-24 20:15:50.438 V/GraphicsEnvironment(21602): Currently set values for:
05-24 20:15:50.438 V/GraphicsEnvironment(21602):   angle_gl_driver_selection_pkgs=[]
05-24 20:15:50.438 V/GraphicsEnvironment(21602):   angle_gl_driver_selection_values=[]
05-24 20:15:50.438 V/GraphicsEnvironment(21602): com.qualcomm.qti.workloadclassifier is not listed in per-application setting
05-24 20:15:50.438 V/GraphicsEnvironment(21602): ANGLE allowlist from config: 
05-24 20:15:50.438 V/GraphicsEnvironment(21602): com.qualcomm.qti.workloadclassifier is not listed in ANGLE allowlist or settings, returning default
05-24 20:15:50.440 D/AppScoutStateMachine(21591): 21591-ScoutStateMachinecreated
05-24 20:15:50.441 D/MI-SF   ( 2440): isTpIdleScene ,mAverageFrameRate is 4, 0 
05-24 20:15:50.441 D/MI-SF   ( 2440): modeGroup0 mIsSupportAutomodeForMaxFpsSetting is 0(0), getCurrentBrightness() = 180(1810), mIsKeepAutoMode 0 isAutoModeAllowed() 1
05-24 20:15:50.441 D/RefreshRateSelector( 2440): fixedMode_group: 0, isFindModeGroup 0
05-24 20:15:50.441 D/RefreshRateSelector( 2440): find max refresh rate:120, mode Group:0
05-24 20:15:50.442 E/ashmem  (21591): Pinning is deprecated since Android Q. Please use trim or other methods.
05-24 20:15:50.442 D/ResMonitorStub(21602): The current process type is: system_app, process name is: com.qualcomm.qti.workloadclassifier
05-24 20:15:50.444 I/MiuiWallpaperSurfaceAnimation( 2813): wallpaperOffsets:xOffset=0.0,yOffset=0.0
05-24 20:15:50.444 D/MiuiWallpaperSurfaceAnimation( 2813): updateScaleIfNeeded mPivotX: 0.5, mPivotY: 0.5, x: 0, y: 0, zoom: 1.037774
05-24 20:15:50.444 I/JavaheapMonitor(21602): Java heap leak ratio threshold from RMS: 80%, Max: 256M, Process name: com.qualcomm.qti.workloadclassifier
05-24 20:15:50.445 I/JavaheapMonitor(21602): Java heap loop intervals: (Count: 5)
05-24 20:15:50.445 I/JavaheapMonitor(21602): 0: 0.0, 300s
05-24 20:15:50.445 I/JavaheapMonitor(21602): 1: 0.2, 180s
05-24 20:15:50.445 I/JavaheapMonitor(21602): 2: 0.4, 60s
05-24 20:15:50.445 I/JavaheapMonitor(21602): 3: 0.6, 30s
05-24 20:15:50.445 I/JavaheapMonitor(21602): 4: 0.8, 10s
05-24 20:15:50.445 I/JavaheapMonitor(21602): Java heap monitor start in proc: com.qualcomm.qti.workloadclassifier
05-24 20:15:50.445 D/ResMonitorStub(21602): The current process type supports enabling Java heap monitoring
05-24 20:15:50.448 E/ashmem  (21602): Pinning is deprecated since Android Q. Please use trim or other methods.
05-24 20:15:50.449 D/MI-SF   ( 2440): isTpIdleScene ,mAverageFrameRate is 4, 0 
05-24 20:15:50.449 D/MI-SF   ( 2440): modeGroup0 mIsSupportAutomodeForMaxFpsSetting is 0(0), getCurrentBrightness() = 180(1810), mIsKeepAutoMode 0 isAutoModeAllowed() 1
05-24 20:15:50.449 D/RefreshRateSelector( 2440): fixedMode_group: 0, isFindModeGroup 0
05-24 20:15:50.449 D/RefreshRateSelector( 2440): find max refresh rate:120, mode Group:0
05-24 20:15:50.452 I/MiuiWallpaperSurfaceAnimation( 2813): wallpaperOffsets:xOffset=0.0,yOffset=0.0
05-24 20:15:50.452 D/MiuiWallpaperSurfaceAnimation( 2813): updateScaleIfNeeded mPivotX: 0.5, mPivotY: 0.5, x: 0, y: 0, zoom: 1.0420825
05-24 20:15:50.453 D/MiuiMonitorThread(21602): Shared singleton Thread for stability monitor start
05-24 20:15:50.455 D/MiuiMonitorThread(21591): Shared singleton Thread for stability monitor start
05-24 20:15:50.456 I/Perf    (21602): Connecting to perf service.
05-24 20:15:50.457 D/MI-SF   ( 2440): isTpIdleScene ,mAverageFrameRate is 4, 0 
05-24 20:15:50.457 D/MI-SF   ( 2440): modeGroup0 mIsSupportAutomodeForMaxFpsSetting is 0(0), getCurrentBrightness() = 180(1810), mIsKeepAutoMode 0 isAutoModeAllowed() 1
05-24 20:15:50.457 D/RefreshRateSelector( 2440): fixedMode_group: 0, isFindModeGroup 0
05-24 20:15:50.457 D/RefreshRateSelector( 2440): find max refresh rate:120, mode Group:0
05-24 20:15:50.458 I/Perf    (21591): Connecting to perf service.
05-24 20:15:50.459 I/ActivityThread(21602): TrafficStats init done
05-24 20:15:50.461 I/MiuiWallpaperSurfaceAnimation( 2813): wallpaperOffsets:xOffset=0.0,yOffset=0.0
05-24 20:15:50.461 D/MiuiWallpaperSurfaceAnimation( 2813): updateScaleIfNeeded mPivotX: 0.5, mPivotY: 0.5, x: 0, y: 0, zoom: 1.0463456
05-24 20:15:50.461 I/ForceDarkHelperStubImpl(21602): initialize for com.qualcomm.qti.workloadclassifier , ForceDarkOrigin
05-24 20:15:50.462 I/ActivityThread(21591): TrafficStats init done
05-24 20:15:50.462 D/nativeloader(21602): Load libforcedarkimpl.so using system ns (caller=/system_ext/framework/miui-framework.jar): ok
05-24 20:15:50.462 D/HWUI    (21602): JNI_OnLoad success
05-24 20:15:50.462 I/MiuiForceDarkConfig(21602): setConfig density:2.750000, mainRule:0, secondaryRule:0, tertiaryRule:0
05-24 20:15:50.463 I/ForceDarkHelperStubImpl(21591): initialize for org.qtproject.example.LifeBalanceAI_demo , ForceDarkOrigin
05-24 20:15:50.464 D/nativeloader(21591): Load libforcedarkimpl.so using system ns (caller=/system_ext/framework/miui-framework.jar): ok
05-24 20:15:50.464 D/HWUI    (21591): JNI_OnLoad success
05-24 20:15:50.464 I/MiuiForceDarkConfig(21591): setConfig density:2.750000, mainRule:0, secondaryRule:0, tertiaryRule:0
05-24 20:15:50.464 E/HyperOSCustFeatureResolve(21602): Occur Exception when getBoolean
05-24 20:15:50.464 E/HyperOSCustFeatureResolve(21602): java.lang.NullPointerException: Attempt to invoke interface method 'boolean miui.os.IHyperOSCustFeatureResolve.getCustResolveBooleanFeature(java.lang.String, boolean)' on a null object reference
05-24 20:15:50.464 E/HyperOSCustFeatureResolve(21602): 	at miui.os.HyperOSCustFeatureResolve.getBoolean(HyperOSCustFeatureResolve.java:43)
05-24 20:15:50.464 E/HyperOSCustFeatureResolve(21602): 	at miui.turbosched.TurboSchedMonitorImpl.<init>(TurboSchedMonitorImpl.java:403)
05-24 20:15:50.464 E/HyperOSCustFeatureResolve(21602): 	at miui.turbosched.TurboSchedMonitorImpl$Provider$SINGLETON.<clinit>(TurboSchedMonitorImpl$Provider.java:24)
05-24 20:15:50.464 E/HyperOSCustFeatureResolve(21602): 	at miui.turbosched.TurboSchedMonitorImpl$Provider.provideSingleton(TurboSchedMonitorImpl$Provider.java:13)
05-24 20:15:50.464 E/HyperOSCustFeatureResolve(21602): 	at miui.turbosched.TurboSchedMonitorImpl$Provider.provideSingleton(TurboSchedMonitorImpl$Provider.java:10)
05-24 20:15:50.464 E/HyperOSCustFeatureResolve(21602): 	at com.miui.base.MiuiStubRegistry.get(MiuiStubRegistry.java:296)
05-24 20:15:50.464 E/HyperOSCustFeatureResolve(21602): 	at com.miui.base.MiuiStubRegistry.get(MiuiStubRegistry.java:287)
05-24 20:15:50.464 E/HyperOSCustFeatureResolve(21602): 	at com.miui.base.MiuiStubUtil.getInstance(MiuiStubUtil.java:50)
05-24 20:15:50.464 E/HyperOSCustFeatureResolve(21602): 	at miui.turbosched.TurboSchedMonitor.<clinit>(TurboSchedMonitor.java:20)
05-24 20:15:50.464 E/HyperOSCustFeatureResolve(21602): 	at android.app.ActivityThreadImpl.miuiFeatureInit(ActivityThreadImpl.java:1734)
05-24 20:15:50.464 E/HyperOSCustFeatureResolve(21602): 	at android.app.ActivityThread.lambda$handleBindApplication$11(ActivityThread.java:8659)
05-24 20:15:50.464 E/HyperOSCustFeatureResolve(21602): 	at android.app.ActivityThread.$r8$lambda$yLoME6w3itnqLgrlHUL1dEQOYHM(Unknown Source:0)
05-24 20:15:50.464 E/HyperOSCustFeatureResolve(21602): 	at android.app.ActivityThread$$ExternalSyntheticLambda7.run(D8$$SyntheticClass:0)
05-24 20:15:50.464 E/HyperOSCustFeatureResolve(21602): 	at android.os.Handler.handleCallback(Handler.java:1029)
05-24 20:15:50.464 E/HyperOSCustFeatureResolve(21602): 	at android.os.Handler.dispatchMessage(Handler.java:107)
05-24 20:15:50.464 E/HyperOSCustFeatureResolve(21602): 	at android.os.Looper.loopOnce(Looper.java:274)
05-24 20:15:50.464 E/HyperOSCustFeatureResolve(21602): 	at android.os.Looper.loop(Looper.java:369)
05-24 20:15:50.464 E/HyperOSCustFeatureResolve(21602): 	at android.os.HandlerThread.run(HandlerThread.java:85)
05-24 20:15:50.465 E/HyperOSCustFeatureResolve(21602): Occur Exception when getBoolean
05-24 20:15:50.465 E/HyperOSCustFeatureResolve(21602): java.lang.NullPointerException: Attempt to invoke interface method 'boolean miui.os.IHyperOSCustFeatureResolve.getCustResolveBooleanFeature(java.lang.String, boolean)' on a null object reference
05-24 20:15:50.465 E/HyperOSCustFeatureResolve(21602): 	at miui.os.HyperOSCustFeatureResolve.getBoolean(HyperOSCustFeatureResolve.java:43)
05-24 20:15:50.465 E/HyperOSCustFeatureResolve(21602): 	at miui.turbosched.TurboSchedMonitorImpl.<init>(TurboSchedMonitorImpl.java:406)
05-24 20:15:50.465 E/HyperOSCustFeatureResolve(21602): 	at miui.turbosched.TurboSchedMonitorImpl$Provider$SINGLETON.<clinit>(TurboSchedMonitorImpl$Provider.java:24)
05-24 20:15:50.465 E/HyperOSCustFeatureResolve(21602): 	at miui.turbosched.TurboSchedMonitorImpl$Provider.provideSingleton(TurboSchedMonitorImpl$Provider.java:13)
05-24 20:15:50.465 E/HyperOSCustFeatureResolve(21602): 	at miui.turbosched.TurboSchedMonitorImpl$Provider.provideSingleton(TurboSchedMonitorImpl$Provider.java:10)
05-24 20:15:50.465 E/HyperOSCustFeatureResolve(21602): 	at com.miui.base.MiuiStubRegistry.get(MiuiStubRegistry.java:296)
05-24 20:15:50.465 E/HyperOSCustFeatureResolve(21602): 	at com.miui.base.MiuiStubRegistry.get(MiuiStubRegistry.java:287)
05-24 20:15:50.465 E/HyperOSCustFeatureResolve(21602): 	at com.miui.base.MiuiStubUtil.getInstance(MiuiStubUtil.java:50)
05-24 20:15:50.465 E/HyperOSCustFeatureResolve(21602): 	at miui.turbosched.TurboSchedMonitor.<clinit>(TurboSchedMonitor.java:20)
05-24 20:15:50.465 E/HyperOSCustFeatureResolve(21602): 	at android.app.ActivityThreadImpl.miuiFeatureInit(ActivityThreadImpl.java:1734)
05-24 20:15:50.465 E/HyperOSCustFeatureResolve(21602): 	at android.app.ActivityThread.lambda$handleBindApplication$11(ActivityThread.java:8659)
05-24 20:15:50.465 E/HyperOSCustFeatureResolve(21602): 	at android.app.ActivityThread.$r8$lambda$yLoME6w3itnqLgrlHUL1dEQOYHM(Unknown Source:0)
05-24 20:15:50.465 E/HyperOSCustFeatureResolve(21602): 	at android.app.ActivityThread$$ExternalSyntheticLambda7.run(D8$$SyntheticClass:0)
05-24 20:15:50.465 E/HyperOSCustFeatureResolve(21602): 	at android.os.Handler.handleCallback(Handler.java:1029)
05-24 20:15:50.465 E/HyperOSCustFeatureResolve(21602): 	at android.os.Handler.dispatchMessage(Handler.java:107)
05-24 20:15:50.465 E/HyperOSCustFeatureResolve(21602): 	at android.os.Looper.loopOnce(Looper.java:274)
05-24 20:15:50.465 E/HyperOSCustFeatureResolve(21602): 	at android.os.Looper.loop(Looper.java:369)
05-24 20:15:50.465 E/HyperOSCustFeatureResolve(21602): 	at android.os.HandlerThread.run(HandlerThread.java:85)
05-24 20:15:50.465 D/MI-SF   ( 2440): isTpIdleScene ,mAverageFrameRate is 4, 0 
05-24 20:15:50.465 D/MI-SF   ( 2440): modeGroup0 mIsSupportAutomodeForMaxFpsSetting is 0(0), getCurrentBrightness() = 180(1810), mIsKeepAutoMode 0 isAutoModeAllowed() 1
05-24 20:15:50.465 D/RefreshRateSelector( 2440): fixedMode_group: 0, isFindModeGroup 0
05-24 20:15:50.465 D/RefreshRateSelector( 2440): find max refresh rate:120, mode Group:0
05-24 20:15:50.467 I/ActivityThread(21602): Miui Feature Init done
05-24 20:15:50.468 E/HWComposer( 2440): getLuts: getLuts failed for display 4630947006070067843: UNSUPPORTED (8)
05-24 20:15:50.469 I/MiuiWallpaperSurfaceAnimation( 2813): wallpaperOffsets:xOffset=0.0,yOffset=0.0
05-24 20:15:50.469 D/MiuiWallpaperSurfaceAnimation( 2813): updateScaleIfNeeded mPivotX: 0.5, mPivotY: 0.5, x: 0, y: 0, zoom: 1.0505413
05-24 20:15:50.470 W/ServiceManagerCppClient(21602): Failed to get isDeclared for vendor.qti.hardware.perf2.IPerf/default: Status(-1, EX_SECURITY): 'SELinux denied for service.'
05-24 20:15:50.470 I/ActivityThread(21591): Miui Feature Init done
05-24 20:15:50.471 I/MiuiNetworkPolicy( 2813): updateUidState uid = 10210, uidState = 11
05-24 20:15:50.471 D/MiuiDecorationMoveHelper( 5622): periodicallyMoveUpFirst mTaskId=351, windowingMode=1, caller=Sampling
05-24 20:15:50.472 I/WindowManager( 2813): Allow fixed rotation for not collecting:ActivityRecord{160345712 u0 org.qtproject.example.LifeBalanceAI_demo/org.qtproject.qt.android.bindings.QtActivity t351}
05-24 20:15:50.472 I/WindowManager( 2813): Allow fixed rotation for not collecting:ActivityRecord{160345712 u0 org.qtproject.example.LifeBalanceAI_demo/org.qtproject.qt.android.bindings.QtActivity t351}
05-24 20:15:50.472 D/BarFollowAnimation( 2813): onTaskInfoChanedForCaptionBar Task{731026e #351 type=standard A=10332:org.qtproject.example.LifeBalanceAI_demo} shouldbeVisible:true isVisible:true isOnTop:true windowMode:1 preDisplayId:-1 displayId:0 mCaptionAssociatedTask:null mIsTouchedInCaption:false
05-24 20:15:50.472 I/MultiTaskingTaskInfo( 5622): MultiTaskingBaseTaskInfo::update::mTaskBounds = Rect(0, 0 - 1080, 2400), mTaskId = 351
05-24 20:15:50.473 D/ATMSImpl( 2813): Notify ticket snatching mode scenario package is org.qtproject.example.LifeBalanceAI_demo
05-24 20:15:50.473 D/MultiTaskingTransitionsHelper( 5622): skip updateBaseAnimParam taskId: 351 pendingTransitions: [] readyDuringSync: [] tracks: [Track #0 activeTransition: {id=9 t=OPEN f=0x0 trk=0 r=[0@Point(0, 0)] c=[{m=OPEN f=NONE leash=Surface(name=Task=351#260)/@0xd6e5d sb=Rect(0, 0 - 1080, 2400) eb=Rect(0, 0 - 1080, 2400) epz=Point(1080, 2400) d=0 taskParent=-1 v=trueMiuiChangeImpl {miuiEmbedding:false, scale:1.0}},{m=TO_BACK f=SHOW_WALLPAPER leash=Surface(name=Task=1#51)/@0xf87ba0 sb=Rect(0, 0 - 1080, 2400) eb=Rect(0, 0 - 1080, 2400) epz=Point(1080, 2400) d=0 taskParent=-1 v=falseMiuiChangeImpl {miuiEmbedding:false, scale:1.0}},{m=TO_BACK f=IS_WALLPAPER leash=Surface(name=WallpaperWindowToken{12707a6 showWhenLocked=false}#63)/@0xe9d0fff sb=Rect(0, 0 - 1080, 2400) eb=Rect(0, 0 - 1080, 2400) epz=Point(1080, 2400) d=0 v=falseMiuiChangeImpl {miuiEmbedding:false, scale:1.0}}] mk=[false] noAni=[false] df=[false] rsa=[false] oa=[false] nc=[0] ho=[false] hla=[false] iSync=[-1]}android.os.BinderProxy@8467b47 readyTransitions: []]
05-24 20:15:50.473 I/MultiTaskingTaskRepository( 5622): onTaskInfoChanged::taskId = 351, windowingMode = 1, mMultiWindowTaskIdsInZOrder = [5, 4], mFullscreenTaskIdsInZOrder = [351], mFreeformTaskIdsInZOrder = [], mTasks: 351, 8, 7, 6, 5, 4, 3, 1, 
05-24 20:15:50.473 D/MiuiDecorationController( 5622): relayout:: taskId=351 mRunningTaskInfo.mStatusBarParent=Surface(name=StatusBar Container of Task = 351#262)/@0x64683d2 taskInfo.mStatusBarParent=Surface(name=StatusBar Container of Task = 351#262)/@0x37bc5d7
05-24 20:15:50.473 D/MiuiDecorationController( 5622): relayout:: taskId=351 mRunningTaskInfo.mNavBarParent=Surface(name=NavigationBar Container of Task = 351#261)/@0xe9c4ca3 taskInfo.mNavBarParent=Surface(name=NavigationBar Container of Task = 351#261)/@0xd44eec4
05-24 20:15:50.473 D/MiuiDecorationController( 5622): relayout::taskId=351, visible=true, bounds=Rect(0, 0 - 1080, 2400), focused=false, oldImmersive=false, newImmersive=false, windowMode=1, activityType=1, displayId=0, baseActivity=ComponentInfo{org.qtproject.example.LifeBalanceAI_demo/org.qtproject.qt.android.bindings.QtActivity}, topActivity=ComponentInfo{org.qtproject.example.LifeBalanceAI_demo/org.qtproject.qt.android.bindings.QtActivity}, callers=com.android.wm.shell.multitasking.miuimultiwinswitch.miuiwindowdecor.decoration.MiuiDecorationController.relayout:4 com.android.wm.shell.multitasking.miuimultiwinswitch.miuiwindowdecor.MulWinSwitchDecorViewModel.onTaskInfoChanged:18 com.android.wm.shell.multitasking.common.taskmanager.MultiTaskingTaskListener.onTaskInfoChanged:47 com.android.wm.shell.ShellTaskOrganizer.onTaskInfoChanged:136 android.window.TaskOrganizer$1.lambda$onTaskInfoChanged$6:300 
05-24 20:15:50.473 I/ATMSImpl( 2813): cacheTasksForDefaultDisplay size=3 topId=351
05-24 20:15:50.473 D/BarFollowAnimation( 2813): onTaskInfoChanedForCaptionBar Task{d686ba4 #1 type=home} shouldbeVisible:false isVisible:true isOnTop:false windowMode:1 preDisplayId:-1 displayId:0 mCaptionAssociatedTask:null mIsTouchedInCaption:false
05-24 20:15:50.473 D/BarFollowAnimation( 2813): onTaskInfoChanedForCaptionBar Task{731026e #351 type=standard A=10332:org.qtproject.example.LifeBalanceAI_demo} shouldbeVisible:true isVisible:true isOnTop:true windowMode:1 preDisplayId:-1 displayId:0 mCaptionAssociatedTask:null mIsTouchedInCaption:false
05-24 20:15:50.474 D/MI-SF   ( 2440): isTpIdleScene ,mAverageFrameRate is 4, 0 
05-24 20:15:50.474 D/MI-SF   ( 2440): modeGroup0 mIsSupportAutomodeForMaxFpsSetting is 0(0), getCurrentBrightness() = 180(1810), mIsKeepAutoMode 0 isAutoModeAllowed() 1
05-24 20:15:50.474 D/RefreshRateSelector( 2440): fixedMode_group: 0, isFindModeGroup 0
05-24 20:15:50.474 D/RefreshRateSelector( 2440): find max refresh rate:120, mode Group:0
05-24 20:15:50.475 D/MiuiDecorationDot( 5622): needTopCaption: isFullscreen = true isPadDevice = false isFoldInnerScreen = false canShowCaptionWhenCasting = false
05-24 20:15:50.475 D/MiuiDecorationDot( 5622): releaseViews_TopCaption: taskId=351
05-24 20:15:50.475 D/MiuiDecorationDot( 5622): releaseViews_TopCaption: taskId=351
05-24 20:15:50.475 D/MiuiDecorationBottom( 5622): needBottomCaption: needShow = true
05-24 20:15:50.475 D/MiuiDecorationBottom( 5622): updateRootView_BottomCaption: taskId = 351 needBottomCaption = true bottomCaptionView = java.lang.Object@faba8cd
05-24 20:15:50.475 D/MiuiDecorationBottom( 5622): updateViews_BottomCaption: taskId=351 scale=1.0 outResult = RelayoutResult{mRoot=java.lang.Object@faba8cd, mCaptionX=351, mCaptionY=2372, mCaptionWidth=378.0, mCaptionHeight=44.0}
05-24 20:15:50.476 D/HWUI    (21591): [HWUI] Flag vulkan_enhance_pipeline_cache enabled
05-24 20:15:50.476 D/HWUI    (21591): [HWUI] EnhanceVkPipelineCache is disabled
05-24 20:15:50.476 D/HWUI    (21591): [HWUI] Flag ddre enabled
05-24 20:15:50.476 D/eBalanceAI_demo(21591): blurUtils, initBackgroundBlurMinInterval processName(org.qtproject.example.LifeBalanceAI_demo), inWhiteLists(0)
05-24 20:15:50.476 D/MiuiDecorationBase( 5622): updateFocus: same focus
05-24 20:15:50.476 D/MiuiDecorationBase( 5622): updateSampling_BottomCaption: taskId = 351 scale = 1.0 mTaskBounds = Rect(0, 0 - 1080, 2400) mCaptionVisibility = true mIsFsgestureEntered = false isRunningAnim = false isDraggingRecent = false isFreeformElude = false isDecorationShowing = true shouldEnableSampling = true
05-24 20:15:50.476 D/MiuiDecorationBase( 5622): updateSampling_BottomCaption: samplingRect = Rect(351, 2372 - 729, 2383)
05-24 20:15:50.476 D/MiuiDecorationBase( 5622): updateVisibility_BottomCaption: taskId=351, isRotationAnimationRunning=false, mCaptionVisible=true, isCaptionVisible=true
05-24 20:15:50.476 D/MiuiDecorationMoveHelper( 5622): periodicallyMoveUpFirst mTaskId=351, windowingMode=1, caller=relayout
05-24 20:15:50.477 I/ActivityThread(21591): HardwareRenderer preload  done
05-24 20:15:50.477 I/SurfaceFlingerSetCgroup( 2813): start set SurfaceFlinger cancel To Little Core...
05-24 20:15:50.477 I/MI-SF   ( 2440): setcancelSurfaceFlingerToLittleCore=0
05-24 20:15:50.478 D/PowerKeeper.Audio(12411): onForegroundInfoChanged mSubScreenUid=-1
05-24 20:15:50.478 I/MiuiWallpaperSurfaceAnimation( 2813): wallpaperOffsets:xOffset=0.0,yOffset=0.0
05-24 20:15:50.478 D/MiuiWallpaperSurfaceAnimation( 2813): updateScaleIfNeeded mPivotX: 0.5, mPivotY: 0.5, x: 0, y: 0, zoom: 1.0546522
05-24 20:15:50.478 I/eBalanceAI_demo(21591): AssetManager2(0x7b1c922178) locale list changing from [] to [zh-CN]
05-24 20:15:50.478 E/TransitionChain( 2813): Can't collect into a chain with no transition
05-24 20:15:50.478 D/ActivityTaskManager( 2813):  setSkipCaptureLayers tr: Task{731026e #351 type=standard A=10332:org.qtproject.example.LifeBalanceAI_demo}
05-24 20:15:50.479 I/DisplayManager(21591): Choreographer implicitly registered for the refresh rate.
05-24 20:15:50.479 I/MiuiNetworkPolicy( 2813): updateUidState uid = 10210, uidState = 19
05-24 20:15:50.480 D/RecentsImpl( 5646): onForegroundChanged, foregroundPackageName=org.qtproject.example.LifeBalanceAI_demo
05-24 20:15:50.480 D/PerfEngineController(12411): ForegroundInfo{mForegroundPackageName='org.qtproject.example.LifeBalanceAI_demo', mForegroundUid=10332, mForegroundPid=21591, mForegroundDisplayId=0, mLastForegroundPackageName='com.miui.home', mLastForegroundUid=10125, mLastForegroundPid=5646, mLastForegroundDisplayId=0, mMultiWindowForegroundPackageName='org.qtproject.example.LifeBalanceAI_demo', mMultiWindowForegroundUid=10332, mFlags=1}
05-24 20:15:50.481 D/EventReceiver( 2813): foregroundChange uid  uid=10332 pkg=org.qtproject.example.LifeBalanceAI_demo
05-24 20:15:50.480 D/HyperComm_AppMonitor( 5554): onForegroundInfoChanged: foregroundInfo = ForegroundInfo{mForegroundPackageName='org.qtproject.example.LifeBalanceAI_demo', mForegroundUid=10332, mForegroundPid=21591, mForegroundDisplayId=0, mLastForegroundPackageName='com.miui.home', mLastForegroundUid=10125, mLastForegroundPid=5646, mLastForegroundDisplayId=0, mMultiWindowForegroundPackageName='org.qtproject.example.LifeBalanceAI_demo', mMultiWindowForegroundUid=10332, mFlags=1}
05-24 20:15:50.481 I/SceneObserver( 5554): notify event: EVENT_FOREGROUND_APP_CHANGED
05-24 20:15:50.481 D/BluetoothAdapter( 2813): getActiveDevices(A2DP)
05-24 20:15:50.480 I/GID     (12483): PKG: org.qtproject.example.LifeBalanceAI_demo IG ? false
05-24 20:15:50.481 I/GST     (12483): forePkg: org.qtproject.example.LifeBalanceAI_demo, preForePkg: com.miui.home
05-24 20:15:50.481 D/VENUS_GAMEAI_START_GameAiStartManager(12483): venusGameAiEnable is false
05-24 20:15:50.482 D/MI-SF   ( 2440): isTpIdleScene ,mAverageFrameRate is 4, 0 
05-24 20:15:50.482 D/VRI[Miui Bottom Caption of Task=351]( 5622): getMiuiFreeformStackInfo mTmpFrames.miuiFreeFormStackInfo: null
05-24 20:15:50.482 D/MI-SF   ( 2440): modeGroup0 mIsSupportAutomodeForMaxFpsSetting is 0(0), getCurrentBrightness() = 180(1810), mIsKeepAutoMode 0 isAutoModeAllowed() 1
05-24 20:15:50.482 D/RefreshRateSelector( 2440): fixedMode_group: 0, isFindModeGroup 0
05-24 20:15:50.482 D/RefreshRateSelector( 2440): find max refresh rate:120, mode Group:0
05-24 20:15:50.482 I/GID     (12483): PKG: com.miui.home IG ? false
05-24 20:15:50.482 W/libc    (21591): Access denied finding property "vendor.migl.debug"
05-24 20:15:50.483 I/libMiGL (21591): EnableDR: 0
05-24 20:15:50.483 D/libMiGL (21591): mDFIInterval: -1
05-24 20:15:50.483 I/GID     (12483): PKG: com.miui.home IG ? false
05-24 20:15:50.484 I/AdrenoGLES-0(21591): QUALCOMM build                   : bad34dcf83, I1064ae0a1f
05-24 20:15:50.484 I/AdrenoGLES-0(21591): Build Date                       : 11/28/25
05-24 20:15:50.484 I/AdrenoGLES-0(21591): OpenGL ES Shader Compiler Version: E031.41.03.64
05-24 20:15:50.484 I/AdrenoGLES-0(21591): Local Branch                     : 
05-24 20:15:50.484 I/AdrenoGLES-0(21591): Remote Branch                    : refs/tags/AU_LINUX_ANDROID_LA.VENDOR.13.2.0.11.00.00.856.062
05-24 20:15:50.484 I/AdrenoGLES-0(21591): Remote Branch                    : NONE
05-24 20:15:50.484 I/AdrenoGLES-0(21591): Reconstruct Branch               : NOTHING
05-24 20:15:50.484 I/AdrenoGLES-0(21591): Build Config                     : S P 14.1.4 AArch64
05-24 20:15:50.484 I/AdrenoGLES-0(21591): Driver Path                      : /vendor/lib64/egl/libGLESv2_adreno.so
05-24 20:15:50.484 I/AdrenoGLES-0(21591): Driver Version                   : 0676.76.1
05-24 20:15:50.484 I/BluetoothAdapterService( 5447): getActiveDevices: A2dp device: null
05-24 20:15:50.485 I/MiuiWallpaperSurfaceAnimation( 2813): wallpaperOffsets:xOffset=0.0,yOffset=0.0
05-24 20:15:50.485 D/MiuiWallpaperSurfaceAnimation( 2813): updateScaleIfNeeded mPivotX: 0.5, mPivotY: 0.5, x: 0, y: 0, zoom: 1.0586643
05-24 20:15:50.486 I/GID     (12483): PKG: org.qtproject.example.LifeBalanceAI_demo IG ? false
05-24 20:15:50.486 I/MiuiNetworkPolicy( 2813): updateUidState uid = 10210, uidState = 10
05-24 20:15:50.487 D/BluetoothAdapter( 2813): getActiveDevices(HEADSET)
05-24 20:15:50.488 I/GID     (12483): PKG: org.qtproject.example.LifeBalanceAI_demo IG ? false
05-24 20:15:50.488 D/BarFollowAnimation( 2813): onTaskInfoChanedForCaptionBar Task{731026e #351 type=standard A=10332:org.qtproject.example.LifeBalanceAI_demo} shouldbeVisible:true isVisible:true isOnTop:true windowMode:1 preDisplayId:-1 displayId:0 mCaptionAssociatedTask:null mIsTouchedInCaption:false
05-24 20:15:50.489 D/RecentsModel( 5646): onTaskDescriptionChanged =  taskId = 351
05-24 20:15:50.490 D/MI-SF   ( 2440): isTpIdleScene ,mAverageFrameRate is 4, 0 
05-24 20:15:50.490 D/MI-SF   ( 2440): modeGroup0 mIsSupportAutomodeForMaxFpsSetting is 0(0), getCurrentBrightness() = 180(1810), mIsKeepAutoMode 0 isAutoModeAllowed() 1
05-24 20:15:50.490 D/RefreshRateSelector( 2440): fixedMode_group: 0, isFindModeGroup 0
05-24 20:15:50.490 D/RefreshRateSelector( 2440): find max refresh rate:120, mode Group:0
05-24 20:15:50.491 W/System  (21591): ClassLoader referenced unknown path: 
05-24 20:15:50.491 I/AdrenoGLES-0(21591): PFP: 0x01740181, ME: 0x00000000
05-24 20:15:50.492 I/BluetoothAdapterService( 5447): getActiveDevices: Headset device: null
05-24 20:15:50.492 D/nativeloader(21602): Load /system_ext/lib64/libqti_workloadclassifiermodel.so using ns default for caller /system_ext/app/workloadclassifier/workloadclassifier.apk in same partition (is_bridged=0): ok
05-24 20:15:50.492 D/BluetoothAdapter( 2813): getActiveDevices(LE_AUDIO)
05-24 20:15:50.492 I/tflite  (21602): Initialized TensorFlow Lite runtime.
05-24 20:15:50.493 I/MiuiWallpaperSurfaceAnimation( 2813): wallpaperOffsets:xOffset=0.0,yOffset=0.0
05-24 20:15:50.493 D/MiuiWallpaperSurfaceAnimation( 2813): updateScaleIfNeeded mPivotX: 0.5, mPivotY: 0.5, x: 0, y: 0, zoom: 1.0625665
05-24 20:15:50.494 E/BluetoothAdapterService( 5447): getActiveDevices: LeAudioService is null
05-24 20:15:50.494 D/AudioFlingerImpl( 2383): setGameParameters keyvalue: bluetoothlowlatencystatus=false;foregroundUid=10332
05-24 20:15:50.494 D/AHAL: AudioDeviceCustom( 1938): SetParameters: 96: Enter: kvpairs is bluetoothlowlatencystatus=false;foregroundUid=10332
05-24 20:15:50.494 D/AHAL: AudioDevice( 1938): SetParameters: 1616: Enter: kvpairs is bluetoothlowlatencystatus=false;foregroundUid=10332
05-24 20:15:50.494 D/AHAL: AudioVoice( 1938): VoiceSetParameters: 122: Enter params: bluetoothlowlatencystatus=false;foregroundUid=10332
05-24 20:15:50.494 D/AHAL: AudioVoice( 1938): VoiceSetParameters: 379: Exit ret: 0
05-24 20:15:50.494 D/AHAL: hfp( 1938): hfp_set_parameters: 444: enter
05-24 20:15:50.494 D/AHAL: FM( 1938): fm_set_parameters: 261: Enter
05-24 20:15:50.494 D/AHAL: FM( 1938): fm_set_parameters: 319: Exit
05-24 20:15:50.494 D/AHAL: Loopback_karaoke( 1938): karaoke_set_parameters: 394: Enter
05-24 20:15:50.494 D/AHAL: Loopback_karaoke( 1938): karaoke_set_parameters: 501: Exit
05-24 20:15:50.495 D/AHAL: AudioDevice( 1938): SetParameters: 1721: enter fcsam_setParameters_v2
05-24 20:15:50.495 D/AHAL: AudioDevice( 1938): SetParameters: 2386: Exit: -2
05-24 20:15:50.495 D/WLC-Service(21602): perf mpctl Init Completed
05-24 20:15:50.496 D/r_submix( 1938): adev_set_parameters() kvpairs='bluetoothlowlatencystatus=false;foregroundUid=10332'
05-24 20:15:50.496 I/CameraActivitySceneMode( 2813): decideSceneMode: ActivityStateChange activityName = org.qtproject.qt.android.bindings.QtActivity, displayId = 0, state = 2
05-24 20:15:50.497 I/eBalanceAI_demo(21591): AssetManager2(0x7b1c931538) locale list changing from [] to [zh-CN]
05-24 20:15:50.497 I/NetworkBoostStatusManager( 2813): onForegroundInfoChanged uid:10332, onLastForegroundInfoChanged uid:10125, isColdStart:true, mIgnoreUid:-1
05-24 20:15:50.497 I/AICall_MemoryTrim(10483): binder:10483_2 onAppBackground()
05-24 20:15:50.497 I/SLM-SRV-SLAToast( 2813): foreground uid:10332, isColdStart:true, isLinkTurboEnable:false
05-24 20:15:50.497 D/NetworkSDKService( 2813): handleMultiAppsDualWifi isSet = false isEverOpened = false
05-24 20:15:50.498 I/ProcessMonitor(10181): onForegroundInfoChanged: ForegroundInfo{mForegroundPackageName='org.qtproject.example.LifeBalanceAI_demo', mForegroundUid=10332, mForegroundPid=21591, mForegroundDisplayId=0, mLastForegroundPackageName='com.miui.home', mLastForegroundUid=10125, mLastForegroundPid=5646, mLastForegroundDisplayId=0, mMultiWindowForegroundPackageName='org.qtproject.example.LifeBalanceAI_demo', mMultiWindowForegroundUid=10332, mFlags=1}
05-24 20:15:50.498 D/MI-SF   ( 2440): isTpIdleScene ,mAverageFrameRate is 4, 0 
05-24 20:15:50.498 D/MI-SF   ( 2440): modeGroup0 mIsSupportAutomodeForMaxFpsSetting is 0(0), getCurrentBrightness() = 180(1810), mIsKeepAutoMode 0 isAutoModeAllowed() 1
05-24 20:15:50.498 D/RefreshRateSelector( 2440): fixedMode_group: 0, isFindModeGroup 0
05-24 20:15:50.498 D/RefreshRateSelector( 2440): find max refresh rate:120, mode Group:0
05-24 20:15:50.499 D/BluetoothLatencyMode( 5447): ForegroundInfo{mForegroundPackageName='org.qtproject.example.LifeBalanceAI_demo', mForegroundUid=10332, mForegroundPid=21591, mForegroundDisplayId=0, mLastForegroundPackageName='com.miui.home', mLastForegroundUid=10125, mLastForegroundPid=5646, mLastForegroundDisplayId=0, mMultiWindowForegroundPackageName='org.qtproject.example.LifeBalanceAI_demo', mMultiWindowForegroundUid=10332, mFlags=1}
05-24 20:15:50.499 W/LeAudioService( 5447): getLeAudioService(): service is NULL
05-24 20:15:50.499 D/AS.AudioService( 2813): mSupportFakeHfpApp{} packageName com.android.bluetooth appVersion 36 mSupportFakeHfpApp.get(packageName) null
05-24 20:15:50.500 D/L0      (10181): myUserId = 0	currentUserId0
05-24 20:15:50.501 D/DockWindowManagerService(12184): onActivityChanged: curName = ComponentInfo{org.qtproject.example.LifeBalanceAI_demo/org.qtproject.qt.android.bindings.QtActivity}	preName = ComponentInfo{com.miui.home/com.miui.home.launcher.Launcher}
05-24 20:15:50.501 I/DockWindowManager(12184): hideOrShowSidebar: isShow = true
05-24 20:15:50.501 I/MiuiWallpaperSurfaceAnimation( 2813): wallpaperOffsets:xOffset=0.0,yOffset=0.0
05-24 20:15:50.501 D/MiuiWallpaperSurfaceAnimation( 2813): updateScaleIfNeeded mPivotX: 0.5, mPivotY: 0.5, x: 0, y: 0, zoom: 1.0663502
05-24 20:15:50.502 D/ApplicationLoaders(21591): Returning zygote-cached class loader: /system/framework/org.apache.http.legacy.jar
05-24 20:15:50.502 I/MiSensorServiceImpl( 2813): updateForegroundAppState: pkg=org.qtproject.example.LifeBalanceAI_demo, uid=10332, opResult=0, isForegroundMode=0
05-24 20:15:50.502 D/BluetoothLatencyMode( 5447): isWiredAudioHeadset.type: 1
05-24 20:15:50.502 D/BluetoothLatencyMode( 5447): isWiredAudioHeadset.type: 2
05-24 20:15:50.502 D/BluetoothLatencyMode( 5447): isWiredAudioHeadset.type: 18
05-24 20:15:50.504 D/DesktopModeFlags(21591): Toggle override initialized to: OVERRIDE_UNSET
05-24 20:15:50.504 I/ErrorHandler(18395): handle http request response
05-24 20:15:50.504 I/ErrorHandler(18395): handle http request response200
05-24 20:15:50.504 D/NetworkMetricsController( 5597): processUidChangeEvent :activity is:ComponentInfo{org.qtproject.example.LifeBalanceAI_demo/org.qtproject.qt.android.bindings.QtActivity}
05-24 20:15:50.504 I/ErrorHandler(18395): http request real code:0
