05-24 20:15:51.197 I/ErrorHandler(18395): data code: 0
05-24 20:15:51.197 D/RequestAdapter(18395): workOnResponse
05-24 20:15:51.197 D/RequestAdapter(18395): parseRequestResult: statusCode = 0
05-24 20:15:51.198 I/RequestResult(18395): request success.
05-24 20:15:51.204 I/NumberNormalizeUtils(18395): use chinese policy
05-24 20:15:51.206 I/PhoneInfoLoader(18395): getAndUpdatePhoneInfo: yellowpage number
05-24 20:15:51.206 I/Mms     (18395): contact info: false
05-24 20:15:51.207 I/SPUpdateAsyncTask(18395): doInBackground  category:1
05-24 20:15:51.210 I/AiCrEngine_I_.AiObserverManager$5.onChange(11008): contact-uri = content://mms-sms/canonical-address/594; flag = 8
05-24 20:15:51.211 I/AiCrEngine_I_.AiObserverManager$5.onChange(11008): contact-uri = content://mms-sms/canonical-address/594; flag = 8
05-24 20:15:51.211 I/AiCrEngine_I_.AiObserverManager$5.onChange(11008): contact-uri = content://mms-sms/canonical-address/594; flag = 8
05-24 20:15:51.217 D/ChineseTelocation(18395): uniqId: 10
05-24 20:15:51.220 I/ContactsProvider( 9982): Contacts query: CPID=18395, CallingPackage = com.android.mms User=0
05-24 20:15:51.221 I/ContactsProvider( 9982): Contacts query: access CPID=18395, CallingPackage = com.android.mms User=0
05-24 20:15:51.221 I/ContactsProvider( 9982): querylocal match: 3000
05-24 20:15:51.223 I/ContactsProvider( 9982): return querylocal
05-24 20:15:51.223 I/ContactsProvider( 9982): query return 4 queryDirectoryIfNecessary 
05-24 20:15:51.223 I/ContactsProvider( 9982): query return 5 finally 
05-24 20:15:51.225 I/NumberNormalizeUtils(18395): use chinese policy
05-24 20:15:51.226 I/NumberNormalizeUtils(18395): use chinese policy
05-24 20:15:51.227 I/AntispamCategoryUtils(18395): loadCategoryInfo from net
05-24 20:15:51.227 I/PhoneInfoLoader(18395): getAndUpdatePhoneInfo: request from net, tag is 国家反诈中心APP
05-24 20:15:51.227 I/NumberNormalizeUtils(18395): use chinese policy
05-24 20:15:51.227 D/RequestUtils(18395): updateParams: serviceType = STRING
05-24 20:15:51.228 D/HttpRequestImpl(18395): request
05-24 20:15:51.228 D/HttpRequestImpl(18395): try request
05-24 20:15:51.228 I/ServiceGenerator(18395): create service
05-24 20:15:51.229 I/Ad      (18395): isPersonalizedAdEnabled getAdSettings: 1
05-24 20:15:51.229 D/RequestUtils(18395): updateParams: serviceType = STRING
05-24 20:15:51.229 D/HttpRequestImpl(18395): request
05-24 20:15:51.229 D/HttpRequestImpl(18395): try request
05-24 20:15:51.229 I/ServiceGenerator(18395): create service
05-24 20:15:51.282 I/crash_dump(21689): engrave_tombstone_proto end
05-24 20:15:51.283 F/DEBUG   (21689): *** *** *** *** *** *** *** *** *** *** *** *** *** *** *** ***
05-24 20:15:51.283 F/DEBUG   (21689): Build fingerprint: 'Xiaomi/fuxi/fuxi:16/BP2A.250605.031.A3/OS3.0.307.0.WMCCNXM:user/release-keys'
05-24 20:15:51.283 F/DEBUG   (21689): Revision: '0'
05-24 20:15:51.283 F/DEBUG   (21689): ABI: 'arm64'
05-24 20:15:51.283 F/DEBUG   (21689): Timestamp: 2026-05-24 20:15:51.150174607+0800
05-24 20:15:51.283 F/DEBUG   (21689): Process uptime: 2s
05-24 20:15:51.283 F/DEBUG   (21689): Cmdline: org.qtproject.example.LifeBalanceAI_demo
05-24 20:15:51.283 F/DEBUG   (21689): pid: 21591, tid: 21658, name: qtMainLoopThrea  >>> org.qtproject.example.LifeBalanceAI_demo <<<
05-24 20:15:51.283 F/DEBUG   (21689): uid: 10332
05-24 20:15:51.283 F/DEBUG   (21689): tagged_addr_ctrl: 0000000000000001 (PR_TAGGED_ADDR_ENABLE)
05-24 20:15:51.283 F/DEBUG   (21689): pac_enabled_keys: 000000000000000f (PR_PAC_APIAKEY, PR_PAC_APIBKEY, PR_PAC_APDAKEY, PR_PAC_APDBKEY)
05-24 20:15:51.283 F/DEBUG   (21689): signal 11 (SIGSEGV), code 1 (SEGV_MAPERR), fault addr 0x0000000000000008
05-24 20:15:51.283 F/DEBUG   (21689): Cause: null pointer dereference
05-24 20:15:51.283 F/DEBUG   (21689):     x0  0000000000000000  x1  0000000000000000  x2  0000007a5c03400c  x3  0000000000000000
05-24 20:15:51.283 F/DEBUG   (21689):     x4  0000000000000000  x5  00000000000170f0  x6  0000000000000000  x7  0000007a64d74160
05-24 20:15:51.283 F/DEBUG   (21689):     x8  0000007a7293e1b8  x9  830c83a02545c645  x10 830c83a02545c645  x11 0000007a635bd91c
05-24 20:15:51.283 F/DEBUG   (21689):     x12 0000000000000000  x13 000000000000036b  x14 0000000000000019  x15 000000000000036b
05-24 20:15:51.283 F/DEBUG   (21689):     x16 0000007a5a9f3118  x17 0000007a64c51dc8  x18 0000007a66b60000  x19 0000007cfc9bed00
05-24 20:15:51.283 F/DEBUG   (21689):     x20 0000007a72940400  x21 0000000000000003  x22 0000007a7293d640  x23 0000007a72940400
05-24 20:15:51.283 F/DEBUG   (21689):     x24 0000007b7c9f0ad0  x25 0000007c0c984de0  x26 0000007a7293e1b8  x27 0000007a72940400
05-24 20:15:51.283 F/DEBUG   (21689):     x28 0000000000000001  x29 0000007a7293cff0
05-24 20:15:51.283 F/DEBUG   (21689):     lr  0000007a5a958c04  sp  0000007a7293cff0  pc  0000007a64c51dd4  pst 0000000060001000
05-24 20:15:51.283 F/DEBUG   (21689): 43 total frames
05-24 20:15:51.283 F/DEBUG   (21689): backtrace:
05-24 20:15:51.283 F/DEBUG   (21689):       #00 pc 0000000000432dd4  /data/app/~~AGNGIH_c27Gqf0fmVjedAA==/org.qtproject.example.LifeBalanceAI_demo-RaTns8zQbS976kDS7sip3Q==/lib/arm64/libQt6Core_arm64-v8a.so (QAbstractAnimation::start(QAbstractAnimation::DeletionPolicy)+12) (BuildId: 0af00b59c80b03d6116a9f8c7575d1b21efc7d89)
05-24 20:15:51.283 F/DEBUG   (21689):       #01 pc 0000000001758c00  /data/app/~~AGNGIH_c27Gqf0fmVjedAA==/org.qtproject.example.LifeBalanceAI_demo-RaTns8zQbS976kDS7sip3Q==/lib/arm64/libLifeBalanceAI_demo_arm64-v8a.so (MainWindow::showLoadingBar(QString const&)+344) (BuildId: c984aabe4bcb55f5d9f6e6111e810a47ed351b2d)
05-24 20:15:51.283 F/DEBUG   (21689):       #02 pc 000000000174e270  /data/app/~~AGNGIH_c27Gqf0fmVjedAA==/org.qtproject.example.LifeBalanceAI_demo-RaTns8zQbS976kDS7sip3Q==/lib/arm64/libLifeBalanceAI_demo_arm64-v8a.so (MainWindow::requestAIPlan()+660) (BuildId: c984aabe4bcb55f5d9f6e6111e810a47ed351b2d)
05-24 20:15:51.283 F/DEBUG   (21689):       #03 pc 0000000001779434  /data/app/~~AGNGIH_c27Gqf0fmVjedAA==/org.qtproject.example.LifeBalanceAI_demo-RaTns8zQbS976kDS7sip3Q==/lib/arm64/libLifeBalanceAI_demo_arm64-v8a.so (BuildId: c984aabe4bcb55f5d9f6e6111e810a47ed351b2d)
05-24 20:15:51.283 F/DEBUG   (21689):       #04 pc 00000000017790e8  /data/app/~~AGNGIH_c27Gqf0fmVjedAA==/org.qtproject.example.LifeBalanceAI_demo-RaTns8zQbS976kDS7sip3Q==/lib/arm64/libLifeBalanceAI_demo_arm64-v8a.so (BuildId: c984aabe4bcb55f5d9f6e6111e810a47ed351b2d)
05-24 20:15:51.283 F/DEBUG   (21689):       #05 pc 000000000177909c  /data/app/~~AGNGIH_c27Gqf0fmVjedAA==/org.qtproject.example.LifeBalanceAI_demo-RaTns8zQbS976kDS7sip3Q==/lib/arm64/libLifeBalanceAI_demo_arm64-v8a.so (BuildId: c984aabe4bcb55f5d9f6e6111e810a47ed351b2d)
05-24 20:15:51.283 F/DEBUG   (21689):       #06 pc 0000000001779074  /data/app/~~AGNGIH_c27Gqf0fmVjedAA==/org.qtproject.example.LifeBalanceAI_demo-RaTns8zQbS976kDS7sip3Q==/lib/arm64/libLifeBalanceAI_demo_arm64-v8a.so (BuildId: c984aabe4bcb55f5d9f6e6111e810a47ed351b2d)
05-24 20:15:51.283 F/DEBUG   (21689):       #07 pc 0000000001777f08  /data/app/~~AGNGIH_c27Gqf0fmVjedAA==/org.qtproject.example.LifeBalanceAI_demo-RaTns8zQbS976kDS7sip3Q==/lib/arm64/libLifeBalanceAI_demo_arm64-v8a.so (BuildId: c984aabe4bcb55f5d9f6e6111e810a47ed351b2d)
05-24 20:15:51.284 F/DEBUG   (21689):       #08 pc 0000000001779b48  /data/app/~~AGNGIH_c27Gqf0fmVjedAA==/org.qtproject.example.LifeBalanceAI_demo-RaTns8zQbS976kDS7sip3Q==/lib/arm64/libLifeBalanceAI_demo_arm64-v8a.so (BuildId: c984aabe4bcb55f5d9f6e6111e810a47ed351b2d)
05-24 20:15:51.284 F/DEBUG   (21689):       #09 pc 0000000001779adc  /data/app/~~AGNGIH_c27Gqf0fmVjedAA==/org.qtproject.example.LifeBalanceAI_demo-RaTns8zQbS976kDS7sip3Q==/lib/arm64/libLifeBalanceAI_demo_arm64-v8a.so (std::__ndk1::function<void ()>::operator()() const+20) (BuildId: c984aabe4bcb55f5d9f6e6111e810a47ed351b2d)
05-24 20:15:51.284 F/DEBUG   (21689):       #10 pc 0000000001779a8c  /data/app/~~AGNGIH_c27Gqf0fmVjedAA==/org.qtproject.example.LifeBalanceAI_demo-RaTns8zQbS976kDS7sip3Q==/lib/arm64/libLifeBalanceAI_demo_arm64-v8a.so (BuildId: c984aabe4bcb55f5d9f6e6111e810a47ed351b2d)
05-24 20:15:51.284 F/DEBUG   (21689):       #11 pc 0000000001779a28  /data/app/~~AGNGIH_c27Gqf0fmVjedAA==/org.qtproject.example.LifeBalanceAI_demo-RaTns8zQbS976kDS7sip3Q==/lib/arm64/libLifeBalanceAI_demo_arm64-v8a.so (BuildId: c984aabe4bcb55f5d9f6e6111e810a47ed351b2d)
05-24 20:15:51.284 F/DEBUG   (21689):       #12 pc 00000000017799f0  /data/app/~~AGNGIH_c27Gqf0fmVjedAA==/org.qtproject.example.LifeBalanceAI_demo-RaTns8zQbS976kDS7sip3Q==/lib/arm64/libLifeBalanceAI_demo_arm64-v8a.so (BuildId: c984aabe4bcb55f5d9f6e6111e810a47ed351b2d)
05-24 20:15:51.284 F/DEBUG   (21689):       #13 pc 0000000001779984  /data/app/~~AGNGIH_c27Gqf0fmVjedAA==/org.qtproject.example.LifeBalanceAI_demo-RaTns8zQbS976kDS7sip3Q==/lib/arm64/libLifeBalanceAI_demo_arm64-v8a.so (BuildId: c984aabe4bcb55f5d9f6e6111e810a47ed351b2d)
05-24 20:15:51.284 F/DEBUG   (21689):       #14 pc 0000000000383628  /data/app/~~AGNGIH_c27Gqf0fmVjedAA==/org.qtproject.example.LifeBalanceAI_demo-RaTns8zQbS976kDS7sip3Q==/lib/arm64/libQt6Core_arm64-v8a.so (BuildId: 0af00b59c80b03d6116a9f8c7575d1b21efc7d89)
05-24 20:15:51.284 F/DEBUG   (21689):       #15 pc 0000000000393c0c  /data/app/~~AGNGIH_c27Gqf0fmVjedAA==/org.qtproject.example.LifeBalanceAI_demo-RaTns8zQbS976kDS7sip3Q==/lib/arm64/libQt6Core_arm64-v8a.so (BuildId: 0af00b59c80b03d6116a9f8c7575d1b21efc7d89)
05-24 20:15:51.284 F/DEBUG   (21689):       #16 pc 000000000037f038  /data/app/~~AGNGIH_c27Gqf0fmVjedAA==/org.qtproject.example.LifeBalanceAI_demo-RaTns8zQbS976kDS7sip3Q==/lib/arm64/libQt6Core_arm64-v8a.so (QObject::event(QEvent*)+116) (BuildId: 0af00b59c80b03d6116a9f8c7575d1b21efc7d89)
05-24 20:15:51.284 F/DEBUG   (21689):       #17 pc 000000000033cc50  /data/app/~~AGNGIH_c27Gqf0fmVjedAA==/org.qtproject.example.LifeBalanceAI_demo-RaTns8zQbS976kDS7sip3Q==/lib/arm64/libQt6Widgets_arm64-v8a.so (QApplicationPrivate::notify_helper(QObject*, QEvent*)+224) (BuildId: 277c49c3c951fefa967f287809c5dcfe57402b85)
05-24 20:15:51.284 F/DEBUG   (21689):       #18 pc 000000000033d87c  /data/app/~~AGNGIH_c27Gqf0fmVjedAA==/org.qtproject.example.LifeBalanceAI_demo-RaTns8zQbS976kDS7sip3Q==/lib/arm64/libQt6Widgets_arm64-v8a.so (QApplication::notify(QObject*, QEvent*)+496) (BuildId: 277c49c3c951fefa967f287809c5dcfe57402b85)
05-24 20:15:51.284 F/DEBUG   (21689):       #19 pc 000000000034e424  /data/app/~~AGNGIH_c27Gqf0fmVjedAA==/org.qtproject.example.LifeBalanceAI_demo-RaTns8zQbS976kDS7sip3Q==/lib/arm64/libQt6Core_arm64-v8a.so (QCoreApplication::notifyInternal2(QObject*, QEvent*)+176) (BuildId: 0af00b59c80b03d6116a9f8c7575d1b21efc7d89)
05-24 20:15:51.284 F/DEBUG   (21689):       #20 pc 000000000044cac4  /data/app/~~AGNGIH_c27Gqf0fmVjedAA==/org.qtproject.example.LifeBalanceAI_demo-RaTns8zQbS976kDS7sip3Q==/lib/arm64/libQt6Core_arm64-v8a.so (QTimerInfoList::activateTimers()+480) (BuildId: 0af00b59c80b03d6116a9f8c7575d1b21efc7d89)
05-24 20:15:51.284 F/DEBUG   (21689):       #21 pc 0000000000449eb4  /data/app/~~AGNGIH_c27Gqf0fmVjedAA==/org.qtproject.example.LifeBalanceAI_demo-RaTns8zQbS976kDS7sip3Q==/lib/arm64/libQt6Core_arm64-v8a.so (QEventDispatcherUNIX::processEvents(QFlags<QEventLoop::ProcessEventsFlag>)+348) (BuildId: 0af00b59c80b03d6116a9f8c7575d1b21efc7d89)
05-24 20:15:51.284 F/DEBUG   (21689):       #22 pc 00000000005ce8b0  /data/app/~~AGNGIH_c27Gqf0fmVjedAA==/org.qtproject.example.LifeBalanceAI_demo-RaTns8zQbS976kDS7sip3Q==/lib/arm64/libQt6Gui_arm64-v8a.so (QUnixEventDispatcherQPA::processEvents(QFlags<QEventLoop::ProcessEventsFlag>)+20) (BuildId: 7477d978239e8a7a7b8a52318084f4dbce154d30)
05-24 20:15:51.284 F/DEBUG   (21689):       #23 pc 0000000000058128  /data/app/~~AGNGIH_c27Gqf0fmVjedAA==/org.qtproject.example.LifeBalanceAI_demo-RaTns8zQbS976kDS7sip3Q==/lib/arm64/libplugins_platforms_qtforandroid_arm64-v8a.so (BuildId: 3965f252fa20ee2f11867f6036821520a26a12e5)
05-24 20:15:51.284 F/DEBUG   (21689):       #24 pc 0000000000355a28  /data/app/~~AGNGIH_c27Gqf0fmVjedAA==/org.qtproject.example.LifeBalanceAI_demo-RaTns8zQbS976kDS7sip3Q==/lib/arm64/libQt6Core_arm64-v8a.so (QEventLoop::exec(QFlags<QEventLoop::ProcessEventsFlag>)+332) (BuildId: 0af00b59c80b03d6116a9f8c7575d1b21efc7d89)
05-24 20:15:51.284 F/DEBUG   (21689):       #25 pc 000000000034e97c  /data/app/~~AGNGIH_c27Gqf0fmVjedAA==/org.qtproject.example.LifeBalanceAI_demo-RaTns8zQbS976kDS7sip3Q==/lib/arm64/libQt6Core_arm64-v8a.so (QCoreApplication::exec()+136) (BuildId: 0af00b59c80b03d6116a9f8c7575d1b21efc7d89)
05-24 20:15:51.284 F/DEBUG   (21689):       #26 pc 0000000001724f50  /data/app/~~AGNGIH_c27Gqf0fmVjedAA==/org.qtproject.example.LifeBalanceAI_demo-RaTns8zQbS976kDS7sip3Q==/lib/arm64/libLifeBalanceAI_demo_arm64-v8a.so (main+9376) (BuildId: c984aabe4bcb55f5d9f6e6111e810a47ed351b2d)
05-24 20:15:51.284 F/DEBUG   (21689):       #27 pc 000000000004e5bc  /data/app/~~AGNGIH_c27Gqf0fmVjedAA==/org.qtproject.example.LifeBalanceAI_demo-RaTns8zQbS976kDS7sip3Q==/lib/arm64/libplugins_platforms_qtforandroid_arm64-v8a.so (BuildId: 3965f252fa20ee2f11867f6036821520a26a12e5)
05-24 20:15:51.284 F/DEBUG   (21689):       #28 pc 0000000000361300  /apex/com.android.art/lib64/libart.so (art_quick_generic_jni_trampoline+144) (BuildId: d73f88c4dd9bbebfbbe6ab6fcb28aae4)
05-24 20:15:51.284 F/DEBUG   (21689):       #29 pc 000000000034a260  /apex/com.android.art/lib64/libart.so (art_quick_invoke_static_stub+640) (BuildId: d73f88c4dd9bbebfbbe6ab6fcb28aae4)
05-24 20:15:51.284 F/DEBUG   (21689):       #30 pc 0000000000685014  /apex/com.android.art/lib64/libart.so (bool art::interpreter::DoCall<false>(art::ArtMethod*, art::Thread*, art::ShadowFrame&, art::Instruction const*, unsigned short, bool, art::JValue*)+2056) (BuildId: d73f88c4dd9bbebfbbe6ab6fcb28aae4)
05-24 20:15:51.284 F/DEBUG   (21689):       #31 pc 000000000068ec18  /apex/com.android.art/lib64/libart.so (void art::interpreter::ExecuteSwitchImplCpp<false>(art::interpreter::SwitchImplContext*)+1412) (BuildId: d73f88c4dd9bbebfbbe6ab6fcb28aae4)
05-24 20:15:51.284 F/DEBUG   (21689):       #32 pc 0000000000287588  /apex/com.android.art/lib64/libart.so (ExecuteSwitchImplAsm+8) (BuildId: d73f88c4dd9bbebfbbe6ab6fcb28aae4)
05-24 20:15:51.284 F/DEBUG   (21689):       #33 pc 0000000000013a98  [anon:dalvik-classes.dex extracted in memory from /data/app/~~AGNGIH_c27Gqf0fmVjedAA==/org.qtproject.example.LifeBalanceAI_demo-RaTns8zQbS976kDS7sip3Q==/base.apk] (org.qtproject.qt.android.QtNative$7.run+0)
05-24 20:15:51.284 F/DEBUG   (21689):       #34 pc 0000000000286f68  /apex/com.android.art/lib64/libart.so (art::interpreter::ArtInterpreterToInterpreterBridge(art::Thread*, art::CodeItemDataAccessor const&, art::ShadowFrame*, art::JValue*)+420) (BuildId: d73f88c4dd9bbebfbbe6ab6fcb28aae4)
05-24 20:15:51.284 F/DEBUG   (21689):       #35 pc 0000000000685004  /apex/com.android.art/lib64/libart.so (bool art::interpreter::DoCall<false>(art::ArtMethod*, art::Thread*, art::ShadowFrame&, art::Instruction const*, unsigned short, bool, art::JValue*)+2040) (BuildId: d73f88c4dd9bbebfbbe6ab6fcb28aae4)
05-24 20:15:51.284 F/DEBUG   (21689):       #36 pc 000000000068f204  /apex/com.android.art/lib64/libart.so (void art::interpreter::ExecuteSwitchImplCpp<false>(art::interpreter::SwitchImplContext*)+2928) (BuildId: d73f88c4dd9bbebfbbe6ab6fcb28aae4)
05-24 20:15:51.284 F/DEBUG   (21689):       #37 pc 0000000000287588  /apex/com.android.art/lib64/libart.so (ExecuteSwitchImplAsm+8) (BuildId: d73f88c4dd9bbebfbbe6ab6fcb28aae4)
05-24 20:15:51.284 F/DEBUG   (21689):       #38 pc 0000000000015dc4  [anon:dalvik-classes.dex extracted in memory from /data/app/~~AGNGIH_c27Gqf0fmVjedAA==/org.qtproject.example.LifeBalanceAI_demo-RaTns8zQbS976kDS7sip3Q==/base.apk] (org.qtproject.qt.android.QtThread$1.run+0)
05-24 20:15:51.284 F/DEBUG   (21689):       #39 pc 0000000000288a50  /apex/com.android.art/lib64/libart.so (art::interpreter::Execute(art::Thread*, art::CodeItemDataAccessor const&, art::ShadowFrame&, art::JValue, bool, bool) (.__uniq.112435418011751916792819755956732575238.llvm.6664965413071923995)+336) (BuildId: d73f88c4dd9bbebfbbe6ab6fcb28aae4)
05-24 20:15:51.284 F/DEBUG   (21689):       #40 pc 0000000000288288  /apex/com.android.art/lib64/libart.so (artQuickToInterpreterBridge+908) (BuildId: d73f88c4dd9bbebfbbe6ab6fcb28aae4)
05-24 20:15:51.284 F/DEBUG   (21689):       #41 pc 0000000000361438  /apex/com.android.art/lib64/libart.so (art_quick_to_interpreter_bridge+88) (BuildId: d73f88c4dd9bbebfbbe6ab6fcb28aae4)
05-24 20:15:51.284 F/DEBUG   (21689):       #42 pc 0000000002004be0  /memfd:jit-cache (deleted) (offset 0x2000000)
05-24 20:15:51.289 I/eBalanceAI_demo(21591): Compiler allocated 6765KB to compile void android.view.ViewRootImpl.performTraversals()
05-24 20:15:51.293 E/CamOpt_Service( 2813): File not found: /sys/devices/system/cpu/cpufreq/policy0/scaling_max_freq
05-24 20:15:51.298 I/ErrorHandler(18395): handle http request response
05-24 20:15:51.298 I/ErrorHandler(18395): handle http request response200
05-24 20:15:51.298 I/ErrorHandler(18395): http request real code:0
05-24 20:15:51.298 I/ErrorHandler(18395): data code: 0
05-24 20:15:51.298 D/RequestAdapter(18395): workOnResponse
05-24 20:15:51.298 D/RequestAdapter(18395): parseRequestResult: statusCode = 0
05-24 20:15:51.298 I/RequestResult(18395): request success.
05-24 20:15:51.305 I/PhoneInfoLoader(18395): getAndUpdatePhoneInfo: invalide record
05-24 20:15:51.306 I/SPUpdateAsyncTask(18395): doInBackground  category:1
05-24 20:15:51.312 I/libc    (21689): tombstoned_notify_completion, socket: 8
05-24 20:15:51.313 I/crash_dump64(21689): notify_completion complete
05-24 20:15:51.313 I/tombstoned( 1655): crash_completed_cb sockfd: 9
05-24 20:15:51.313 E/MIUINDBG(21689): miui_native_debug_process_O
05-24 20:15:51.313 I/CrashInfoSocketServer( 9761): connect success
05-24 20:15:51.314 E/MIUINDBG(21689): crash_dump(miuindbg) client read ack success
05-24 20:15:51.314 E/MIUINDBG(21689): core type: 0 
05-24 20:15:51.314 E/MIUINDBG(21689): unable to connect to mqsas native socket
05-24 20:15:51.315 E/tombstoned( 1655): Tombstone written to: tombstone_18
05-24 20:15:51.315 W/TombstoneMonitor( 1574): Detected deletd file: tombstone_18
05-24 20:15:51.315 W/TombstoneMonitor( 1574): Detected creat or modify file: tombstone_18
05-24 20:15:51.318 I/TombstoneParser( 9761): ParseTombstone success, for org.qtproject.example.LifeBalanceAI_demoin file :/data/miuilog/stability/nativecrash/tombstones/tombstone_18
05-24 20:15:51.318 W/MQSEventManager( 9761): ne occur
05-24 20:15:51.319 I/DropBoxManagerService( 2813): add tag=data_app_native_crash isTagEnabled=true flags=0x2
05-24 20:15:51.320 W/RescuePartyPlus( 2813): RescueParty Plus is disable!
05-24 20:15:51.320 D/ChineseTelocation(18395): uniqId: 0
05-24 20:15:51.320 W/PknAttribUtils( 9761): targetFile does not exist do nothing
05-24 20:15:51.321 I/TombstoneRecord( 9761): finish put file: tombstone_18, created at: 1779624951313
05-24 20:15:51.321 W/ActivityTaskManager( 2813):   Force finishing activity org.qtproject.example.LifeBalanceAI_demo/org.qtproject.qt.android.bindings.QtActivity
05-24 20:15:51.321 D/BLASTSyncEngine( 2813): [DH_DEBUG]scheduleTimeout #10 success=true timeoutMs=5000 callback=com.android.server.wm.BLASTSyncEngine$SyncGroup$$ExternalSyntheticLambda2@f34fc46
05-24 20:15:51.321 I/AnimInterruptController( 2813): mark Foresee interrupt start 9
05-24 20:15:51.322 I/AnimInterruptController( 2813): remove FO timeout
05-24 20:15:51.322 D/WindowManager( 2813): Collecting in transition 10: Task{731026e #351 type=standard A=10332:org.qtproject.example.LifeBalanceAI_demo} init visibleRequested:true dc:Display{#0 state=ON size=1080x2400 ROTATION_0}
05-24 20:15:51.322 I/ContactsProvider( 9982): Contacts query: CPID=18395, CallingPackage = com.android.mms User=0
05-24 20:15:51.322 I/ActivityTaskManager( 2813): moveTaskToFront: Task{990e920 #2 type=home I=com.miui.home/.launcher.Launcher} caller trace:com.android.server.wm.TaskDisplayArea.onTaskMoved:461 com.android.server.wm.Task.updateTaskMovement:1758 com.android.server.wm.TaskDisplayArea.positionChildTaskAt:425 com.android.server.wm.TaskDisplayArea.positionChildAt:386 com.android.server.wm.WindowContainer.positionChildAt:1120 com.android.server.wm.Task.positionChildAt:3569 com.android.server.wm.Task.moveToFront:6245 com.android.server.wm.Task.moveToFront:6215 com.android.server.wm.ActivityRecord.moveFocusableActivityToTop:4066 com.android.server.wm.TaskDisplayArea.moveHomeActivityToTop:1839 
05-24 20:15:51.323 D/MiuiSoScManager( 2813): supportSoScMinimizedMode:true
05-24 20:15:51.323 D/MiuiSoScManager( 2813): taskInSoScFullMode:false
05-24 20:15:51.323 D/MiuiFreeFormGestureController( 2813): deliverResultForFinishActivity resultTo: null resultFrom: ActivityRecord{160345712 u0 org.qtproject.example.LifeBalanceAI_demo/org.qtproject.qt.android.bindings.QtActivity t351 f}} isInVideoOrGameScene: false intent: Intent { flg=0x10000000 xflg=0x5 cmp=org.qtproject.example.LifeBalanceAI_demo/org.qtproject.qt.android.bindings.QtActivity }
05-24 20:15:51.323 D/WindowManager( 2813): Collecting in transition 10: ActivityRecord{160345712 u0 org.qtproject.example.LifeBalanceAI_demo/org.qtproject.qt.android.bindings.QtActivity t351 f}} init visibleRequested:true dc:Display{#0 state=ON size=1080x2400 ROTATION_0}
05-24 20:15:51.323 I/ContactsProvider( 9982): Contacts query: access CPID=18395, CallingPackage = com.android.mms User=0
05-24 20:15:51.323 I/CameraActivitySceneMode( 2813): decideSceneMode: ActivityStateChange isn't resumend activityName = org.qtproject.qt.android.bindings.QtActivity, displayId = 0, state = 3, mIsVideocallResumed = false
05-24 20:15:51.324 D/Transition( 2813): setReady 10 wc=Task{731026e #351 type=standard A=10332:org.qtproject.example.LifeBalanceAI_demo} ready=false
05-24 20:15:51.324 D/SchedBoostThread( 2813): thread tid=5894, priority is set to 1
05-24 20:15:51.324 I/ActivityTaskManager( 2813): resumeTopActivity: Skip resume: some activity pausing.
05-24 20:15:51.324 I/ContactsProvider( 9982): querylocal match: 3000
05-24 20:15:51.324 I/ActivityTaskManager( 2813): resumeTopActivity: Skip resume: some activity pausing.
05-24 20:15:51.324 D/WindowManager( 2813): Collecting in transition 10: ActivityRecord{65217429 u0 com.miui.home/.launcher.Launcher t2} init visibleRequested:false dc:Display{#0 state=ON size=1080x2400 ROTATION_0}
05-24 20:15:51.325 I/ActivityTaskManager( 2813): resumeTopActivity: Skip resume: some activity pausing.
05-24 20:15:51.325 D/WallpaperControllerImpl( 2813): findWallpapers, containsMiuiDesktop = true, isSameMiuiWallpaper = false
05-24 20:15:51.325 D/WallpaperControllerImpl( 2813): findWallpapers, descriptor = miui.miwallpaper.desktop.Wallpaper, canShowWhenLocked = false
05-24 20:15:51.325 D/WallpaperControllerImpl( 2813): findWallpapers, descriptor = miui.miwallpaper.keyguard.Wallpaper, canShowWhenLocked = true
05-24 20:15:51.325 I/TransitionImpl( 2813): home mode = 3
05-24 20:15:51.325 I/TransitionImpl( 2813): home mode = 3
05-24 20:15:51.325 D/VRI[quicksearchbox]( 9946): visibilityChanged oldVisibility=false newVisibility=true
05-24 20:15:51.325 I/TransitionImpl( 2813): home mode = 3
05-24 20:15:51.325 I/TransitionImpl( 2813): home mode = 3
05-24 20:15:51.325 I/SoScStageCoordinator( 5622): Transition requested:TransitionRequestInfo { type = CLOSE, triggerTask = TaskInfo{userId=0 taskId=351 effectiveUid=10332 displayId=0 isRunning=true baseIntent=Intent { flg=0x10000000 cmp=org.qtproject.example.LifeBalanceAI_demo/org.qtproject.qt.android.bindings.QtActivity } baseActivity=ComponentInfo{org.qtproject.example.LifeBalanceAI_demo/org.qtproject.qt.android.bindings.QtActivity} topActivity=ComponentInfo{org.qtproject.example.LifeBalanceAI_demo/org.qtproject.qt.android.bindings.QtActivity} origActivity=null realActivity=ComponentInfo{org.qtproject.example.LifeBalanceAI_demo/org.qtproject.qt.android.bindings.QtActivity} numActivities=1 lastActiveTime=225062 supportsSplitScreenMultiWindow=true mSoScDisplayMode=-1 supportsMultiWindow=true resizeMode=1 isResizeable=true minWidth=-1 minHeight=-1 defaultMinSize=200 token=WCT{android.window.IWindowContainerToken$Stub$Proxy@d1c0a8c} topActivityType=1 pictureInPictureParams=null shouldDockBigOverlays=false launchIntoPipHostTaskId=-1 lastParentTaskIdBeforePip=-1 displayCutoutSafeInsets=Rect(0, 0 - 0, 0) topActivityInfo=ActivityInfo{46f55d5 org.qtproject.qt.android.bindings.QtActivity} launchCookies=[] positionInParent=Point(0, 0) parentTaskId=-1 isFocused=true isVisible=true isVisibleRequested=true isTopActivityNoDisplay=false isSleeping=false locusId=null displayAreaFeatureId=1 isTopActivityTransparent=false isActivityStackTransparent=false lastNonFullscreenBounds=Rect(280, 698 - 801, 1778) capturedLink=null capturedLinkTimestamp=0 requestedVisibleTypes=-9 topActivityRequestOpenInBrowserEducationTimestamp=0 appCompatTaskInfo=AppCompatTaskInfo { topActivityInSizeCompat=false eligibleForLetterboxEducation= false topActivityInMiuiSizeCompat=false isLetterboxEducationEnabled= false isLetterboxDoubleTapEnabled= false eligibleForUserAspectRatioButton= false topActivityBoundsLetterboxed= false isFromLetterboxDoubleTap= false topActivityLetterboxVerticalPosition= -1 topActivityLetterboxHorizontalPosition= -1 topActivityLetterboxWidth=-1 topActivityLetterboxHeight=-1 topActivityAppBounds=Rect(0, 121 - 1080, 2356) isUserFullscreenOverrideEnabled=false isSystemFullscreenOverrideEnabled=false hasMinAspectRatioOverride=false topActivityLetterboxBounds=null cameraCompatTaskInfo=CameraCompatTaskInfo { freeformCameraCompatMode=inactive}} isImmersive=false mTopActivityRequestOrientation=-1 mStatusBarParent=null mNavBarParent=null mBehindAppLockPkg=null mOriginatingUid=0 isEmbedded=false shouldBeVisible=true isCreatedByOrganizer=false mIsCastMode=false mTopActivityMediaSize=null mTopActivityRecordName=ActivityRecord{160345712 u0 org.qtproject.example.LifeBalanceAI_demo/org.qtproject.qt.android.bindings.QtActivity t351} mTopActivityOrientation=-1 topActivityMainWindowFrame=null}, pipChange = null, remoteTransition = null, displayChange = null, flags = 16, debugId = 10 } isSoScActive:false triggerTask:TaskInfo{userId=0 taskId=351 effectiveUid=10332 displayId=0 isRunning=true baseIntent=Intent { flg=0x10000000 cmp=org.qtproject.example.LifeBalanceAI_demo/org.qtproject.qt.android.bindings.QtActivity } baseActivity=ComponentInfo{org.qtproject.example.LifeBalanceAI_demo/org.qtproject.qt.android.bindings.QtActivity} topActivity=ComponentInfo{org.qtproject.example.LifeBalanceAI_demo/org.qtproject.qt.android.bindings.QtActivity} origActivity=null realActivity=ComponentInfo{org.qtproject.example.LifeBalanceAI_demo/org.qtproject.qt.android.bindings.QtActivity} numActivities=1 lastActiveTime=225062 supportsSplitScreenMultiWindow=true mSoScDisplayMode=-1 supportsMultiWindow=true resizeMode=1 isResizeable=true minWidth=-1 minHeight=-1 defaultMinSize=200 token=WCT{android.window.IWindowContainerToken$Stub$Proxy@d1c0a8c} topActivityType=1 pictureInPictureParams=null shouldDockBigOverlays=false launchIntoPipHostTaskId=-1 lastParentTaskIdBeforePip=-1 displayCutoutSafeInsets=Rect(0, 0 - 0, 0) topActivityInfo=ActivityInfo{46f55d5 org.qtproject.qt.android.bindings.QtActivity} launchCookies=[] positionInParent=Point(0, 0) parentTaskId=-1 isFocused=true isVisible
05-24 20:15:51.325 I/TransitionImpl( 2813): home mode = 3
05-24 20:15:51.325 D/VRI[personalassistant]( 9930): visibilityChanged oldVisibility=false newVisibility=true
05-24 20:15:51.325 I/TransitionImpl( 2813): home mode = 3
05-24 20:15:51.325 D/DisplayContentStubImpl( 2813): onNewImeFrame: isImeVisible = false, imeFrame = Rect(0, 0 - 0, 0)
05-24 20:15:51.325 W/InsetsSource( 2813): Has no intersection or mTmpFrame.height(), return Insets.NONE mTmpFrame.height() =0 hasIntersection =false
05-24 20:15:51.325 W/InsetsSource( 2813): Has no intersection or mTmpFrame.height(), return Insets.NONE mTmpFrame.height() =0 hasIntersection =false
05-24 20:15:51.326 D/BarFollowAnimation( 2813): pairAppearanceRegionAndWin win=Window{a111795 u0 org.qtproject.example.LifeBalanceAI_demo/org.qtproject.qt.android.bindings.QtActivity} 8
05-24 20:15:51.326 D/BarFollowAnimation( 2813): isAppTaskBarOnTop win:Window{a111795 u0 org.qtproject.example.LifeBalanceAI_demo/org.qtproject.qt.android.bindings.QtActivity} (mCurrentTopTask:Task{731026e #351 type=standard A=10332:org.qtproject.example.LifeBalanceAI_demo} : true); (mAssociatedTask:Task{731026e #351 type=standard A=10332:org.qtproject.example.LifeBalanceAI_demo} : true); (mHomeTask:Task{d686ba4 #1 type=home} : false); mReparentToOriginParent:false mLastAppBarVisible:true mLastHomeBarVisible:false
05-24 20:15:51.327 D/WindowManager( 2813): updateSystemBarAttributes displayId: 0 Window{a111795 u0 org.qtproject.example.LifeBalanceAI_demo/org.qtproject.qt.android.bindings.QtActivity} winAppearance=LIGHT_STATUS_BARS
05-24 20:15:51.327 D/MiuiRefreshRatePolicy( 2813): reset
05-24 20:15:51.327 I/TransitionImpl( 2813): home mode = 3
05-24 20:15:51.327 I/TransitionImpl( 2813): home mode = 3
05-24 20:15:51.327 I/TransitionImpl( 2813): home mode = 3
05-24 20:15:51.327 D/WmSystemUiDebug( 2813): on system bar attributes changed displayId=0 appearance=LIGHT_STATUS_BARS LIGHT_NAVIGATION_BARS appearanceRegions=[AppearanceRegion{LIGHT_STATUS_BARS bounds=[0,0][1080,2400]}] navbarColorManagedByIme=false behavior=1 requestedVisibleTypes=[statusBars navigationBars captionBar systemGestures mandatorySystemGestures tappableElement displayCutout windowDecor systemOverlays] packageName=org.qtproject.example.LifeBalanceAI_demo letterboxDetails=[]
05-24 20:15:51.327 I/TransitionImpl( 2813): home mode = 3
05-24 20:15:51.327 I/TransitionImpl( 2813): home mode = 3
05-24 20:15:51.328 I/TransitionImpl( 2813): home mode = 3
05-24 20:15:51.328 I/TransitionImpl( 2813): home mode = 3
05-24 20:15:51.328 I/TransitionImpl( 2813): home mode = 3
05-24 20:15:51.328 W/InsetsSource( 2813): Has no intersection or mTmpFrame.height(), return Insets.NONE mTmpFrame.height() =0 hasIntersection =false
05-24 20:15:51.328 W/InsetsSource( 2813): Has no intersection or mTmpFrame.height(), return Insets.NONE mTmpFrame.height() =0 hasIntersection =false
05-24 20:15:51.328 I/ContactsProvider( 9982): return querylocal
05-24 20:15:51.328 I/ContactsProvider( 9982): query return 4 queryDirectoryIfNecessary 
05-24 20:15:51.328 I/ContactsProvider( 9982): query return 5 finally 
05-24 20:15:51.328 D/WindowManager( 2813): wms.Focus not requested for window=Window{a111795 u0 org.qtproject.example.LifeBalanceAI_demo/org.qtproject.qt.android.bindings.QtActivity} because it has no surface or is not focusable.
05-24 20:15:51.329 D/DigestGenerator( 9761): digest=============org.qtproject.example.LifeBalanceAI_demo XXlib/arm/libQtCore_arm-va.so (QAbstractAnimation::start(QAbstractAnimation::DeletionPolicy)+) ()
05-24 20:15:51.329 D/DigestGenerator( 9761):  XXlib/arm/libLifeBalanceAI_demo_arm-va.so (MainWindow::showLoadingBar(QString const&)+) ()
05-24 20:15:51.329 D/DigestGenerator( 9761):  XXlib/arm/libLifeBalanceAI_demo_arm-va.so (MainWindow::requestAIPlan()+) ()
05-24 20:15:51.329 D/DigestGenerator( 9761):  XXlib/arm/libLifeBalanceAI_demo_arm-va.so ()
05-24 20:15:51.329 D/DigestGenerator( 9761):  XXlib/arm/libLifeBalanceAI_demo_arm-va.so ()
05-24 20:15:51.329 D/DigestGenerator( 9761):  XXlib/arm/libLifeBalanceAI_demo_arm-va.so ()
05-24 20:15:51.329 D/DigestGenerator( 9761):  XXlib/arm/libLifeBalanceAI_demo_arm-va.so ()
05-24 20:15:51.329 D/DigestGenerator( 9761):  XXlib/arm/libLifeBalanceAI_demo_arm-va.so ()
05-24 20:15:51.329 D/DigestGenerator( 9761):  XXlib/arm/libLifeBalanceAI_demo_arm-va.so ()
05-24 20:15:51.329 D/DigestGenerator( 9761):  XXlib/arm/libLifeBalanceAI_demo_arm-va.so (std::__ndk::function<void ()>::operator()() const+) ()
05-24 20:15:51.329 D/DigestGenerator( 9761):  XXlib/arm/libLifeBalanceAI_demo_arm-va.so ()
05-24 20:15:51.329 D/DigestGenerator( 9761):  XXlib/arm/libLifeBalanceAI_demo_arm-va.so ()
05-24 20:15:51.329 D/DigestGenerator( 9761):  XXlib/arm/libLifeBalanceAI_demo_arm-va.so ()
05-24 20:15:51.329 D/DigestGenerator( 9761):  XXlib/arm/libLifeBalanceAI_demo_arm-va.so ()
05-24 20:15:51.329 D/DigestGenerator( 9761):  XXlib/arm/libQtCore_arm-va.so ()
05-24 20:15:51.329 D/DigestGenerator( 9761):  XXlib/arm/libQtCore_arm-va.so ()
05-24 20:15:51.329 D/DigestGenerator( 9761):  XXlib/arm/libQtCore_arm-va.so (QObject::event(QEvent*)+) ()
05-24 20:15:51.329 D/DigestGenerator( 9761):  XXlib/arm/libQtWidgets_arm-va.so (QApplicationPrivate::notify_helper(QObject*, QEvent*)+) ()
05-24 20:15:51.329 D/DigestGenerator( 9761):  XXlib/arm/libQtWidgets_arm-va.so (QApplication::notify(QObject*, QEvent*)+) ()
05-24 20:15:51.329 D/DigestGenerator( 9761):  XXlib/arm/libQtCore_arm-va.so (QCoreApplication::notifyInternal(QObject*, QEvent*)+) ()
05-24 20:15:51.329 D/DigestGenerator( 9761):  XXlib/arm/libQtCore_arm-va.so (QTimerInfoList::activateTimers()+) ()
05-24 20:15:51.329 D/DigestGenerator( 9761):  XXlib/arm/libQtCore_arm-va.so (QEventDispatcherUNIX::processEvents(QFlags<QEventLoop::ProcessEventsFlag>)+) ()
05-24 20:15:51.329 D/DigestGenerator( 9761):  XXlib/arm/libQtGui_arm-va.so (QUnixEventDispatcherQPA::processEvents(QFlags<QEventLoop::ProcessEventsFlag>)+) ()
05-24 20:15:51.329 D/DigestGenerator( 9761):  XXlib/arm/libplugins_platforms_qtforandroid_arm-va.so ()
05-24 20:15:51.329 D/DigestGenerator( 9761):  XXlib/arm/libQtCore_arm-va.so (QEventLoop::exec(QFlags<QEventLoop::ProcessEventsFlag>)+) ()
05-24 20:15:51.329 D/DigestGenerator( 9761):  XXlib/arm/libQtCore_arm-va.so (QCoreApplication::exec()+) ()
05-24 20:15:51.329 D/DigestGenerator( 9761):  XXlib/arm/libLifeBalanceAI_demo_arm-va.so (main+) ()
05-24 20:15:51.329 D/DigestGenerator( 9761):  XXlib/arm/libplugins_platforms_qtforandroid_arm-va.so ()
05-24 20:15:51.329 D/DigestGenerator( 9761):  /apex/com.android.art/lib/libart.so (art_quick_generic_jni_trampoline+) ()
05-24 20:15:51.329 D/DigestGenerator( 9761):  /apex/com.android.art/lib/libart.so (art_quick_invoke_static_stub+) ()
05-24 20:15:51.329 D/DigestGenerator( 9761):  /apex/com.android.art/lib/libart.so (bool art::interpreter::DoCall<false>(art::ArtMethod*, art::Thread*, art::ShadowFrame&, art::Instruction const*, unsigned short, bool, art::JValue*)+) ()
05-24 20:15:51.329 D/DigestGenerator( 9761):  /apex/com.android.art/lib/libart.so (void art::interpreter::ExecuteSwitchImplCpp<false>(art::interpreter::SwitchImplContext*)+) ()
05-24 20:15:51.329 D/DigestGenerator( 9761):  /apex/com.android.art/lib/libart.so (ExecuteSwitchImplAsm+) ()
05-24 20:15:51.329 D/DigestGenerator( 9761):  [anon:dalvik-classes.dex extracted in memory from XXbase.apk] (org.qtproject.qt.android.QtNative$.run+)
05-24 20:15:51.329 D/DigestGenerator( 9761):  /apex/com.android.art/lib/libart.so (art::interpreter::ArtInterpreterToInterpreterBridge(art::Thread*, art::CodeItemDataAccessor const&, art::ShadowFrame*, art::JValue*)+) ()
05-24 20:15:51.329 D/DigestGenerator( 9761):  /apex/com.android.art/lib/libart.so (bool art::interpreter::DoCall<false>(art::ArtMethod*, art::Thread*, art::ShadowFrame&, art::Instruction const*, unsigned short, bool, art::JValue*)+) ()
05-24 20:15:51.329 D/DigestGenerator( 9761):  /apex/com.android.art/lib/libart.so (void art::interpreter::ExecuteSwitchImplCpp<false>(art::interpreter::SwitchImplContext*)+) ()
05-24 20:15:51.329 D/DigestGenerator( 9761):  /apex/com.android.art/lib/libart.so (ExecuteSwitchImplAsm+) ()
05-24 20:15:51.329 D/DigestGenerator( 9761):  [anon:dalvik-classes.dex extracted in memory from XXbase.apk] (org.qtproject.qt.android.QtThread$.run+)
05-24 20:15:51.329 D/DigestGenerator( 9761):  /apex/com.android.art/lib/libart.so (art::interpreter::Execute(art::Thread*, art::CodeItemDataAccessor const&, art::ShadowFrame&, art::JValue, bool, bool) (.__uniq..llvm.)+) ()
05-24 20:15:51.329 D/DigestGenerator( 9761):  /apex/com.android.art/lib/libart.so (artQuickToInterpreterBridge+) ()
05-24 20:15:51.329 D/DigestGenerator( 9761):  /apex/com.android.art/lib/libart.so (art_quick_to_interpreter_bridge+) ()
05-24 20:15:51.329 D/DigestGenerator( 9761):  /memfd:jit-cache (deleted) (offset XX)
05-24 20:15:51.329 D/WindowManager( 2813): Set transition=TransitionRecord{eebed5d id=10 type=CLOSE flags=0x10 c=[
05-24 20:15:51.329 D/WindowManager( 2813):    ChangeInfo{fb496d2 container=ActivityRecord{65217429 u0 com.miui.home/.launcher.Launcher t2} flags=0x0}
05-24 20:15:51.329 D/WindowManager( 2813):    ChangeInfo{e4463a3 container=Task{731026e #351 type=standard A=10332:org.qtproject.example.LifeBalanceAI_demo} flags=0x0}
05-24 20:15:51.329 D/WindowManager( 2813):    ChangeInfo{c8c46a0 container=DefaultTaskDisplayArea@154015197 flags=0x0}
05-24 20:15:51.329 D/WindowManager( 2813):    ChangeInfo{4ff0259 container=ActivityRecord{160345712 u0 org.qtproject.example.LifeBalanceAI_demo/org.qtproject.qt.android.bindings.QtActivity t351 f}} flags=0x0}
05-24 20:15:51.329 D/WindowManager( 2813):    ChangeInfo{d214e1e container=Task{990e920 #2 type=home I=com.miui.home/.launcher.Launcher} flags=0x0}
05-24 20:15:51.329 D/WindowManager( 2813):    ChangeInfo{62f96ff container=Task{d686ba4 #1 type=home} flags=0x0}
05-24 20:15:51.329 D/WindowManager( 2813):    ChangeInfo{a7f2ccc container=Display{#0 state=ON size=1080x2400 ROTATION_0} flags=0x0}
05-24 20:15:51.329 D/WindowManager( 2813): ]
05-24 20:15:51.329 D/WindowManager( 2813): }, ready=false, SyncId=10 info=used=true, override=false, defer=0, states=Display{#0 state=ON size=1080x2400 ROTATION_0}:false reason=com.android.server.wm.Transition.applyReady:1266 com.android.server.wm.Transition.start:892 com.android.server.wm.WindowOrganizerController.startTransition:538 com.android.server.wm.WindowOrganizerController.startTransition:413 android.window.IWindowOrganizerController$Stub.onTransact:295 com.android.server.wm.WindowOrganizerController.onTransact:267 android.os.Binder.execTransactInternal:1433 android.os.Binder.execTransact:1372 
05-24 20:15:51.329 D/SystemPerformanceHinter( 2813): startSession#HighPerfSession-d0-Transition
05-24 20:15:51.329 I/AnimationScenario( 2813): Big data animation scenario state changed to: true, type is 524
05-24 20:15:51.329 D/MiSight:( 9761):  sendEvent id=901001003
05-24 20:15:51.329 D/MiSightJni( 9761): MiSight: Java_com_miui_misight_MiSight_nativeSendEvent enter called. '{"Stacktrace":"#31 pc 000000000068ec18  \/apex\/com.android.art\/lib64\/libart.so (void art::interpreter::ExecuteSwitchImplCpp<false>(art::interpreter::SwitchImplContext*)+1412) (BuildId: d73f88c4dd9bbebfbbe6ab6fcb28aae4)\n      #32 pc 0000000000287588  \/apex\/com.android.art\/lib64\/libart.so (ExecuteSwitchImplAsm+8) (BuildId: d73f88c4dd9bbebfbbe6ab6fcb28aae4)\n      #33 pc 0000000000013a98  [anon:dalvik-classes.dex extracted in memory from \/data\/app\/~~AGNGIH_c27Gqf0fmVjedAA==\/org.qtproject.example.LifeBalanceAI_demo-RaTns8zQbS976kDS7sip3Q==\/base.apk] (org.qtproject.qt.android.QtNative$7.run+0)\n      #34 pc 0000000000286f68  \/apex\/com.android.art\/lib64\/libart.so (art::interpreter::ArtInterpreterToInterpreterBridge(art::Thread*, art::CodeItemDataAccessor const&, art::ShadowFrame*, art::JValue*)+420) (BuildId: d73f88c4dd9bbebfbbe6ab6fcb28aae4)\n      #35 pc 0000000000685004  \/apex\/com.android.art\/lib64\/libart.so (bool art::in
05-24 20:15:51.329 D/MiEvent ( 9761): MiEvent: this 0x7af012ecd0, paylod=0xb400007bbc9714e0
05-24 20:15:51.329 E/ANDR-PERF-LM( 2072): VmRssMeter:: start() 359: Could not find pid, can not collect vmrss data
05-24 20:15:51.330 D/MiEvent ( 9761): flatten EventId 901001003 -t 1779624951 -paraList {"CrashType":"100000000","CurrentTime":1779624951000,"Digest":"df281047cdaffbb581de9d3fa920db17","Keyword":"{\"vn\":\"1.0\",\"vc\":\"1\",\"isRoot\":false,\"count\":1,\"preInstalled\":false,\"unfold\":false,\"ram\":11,\"rom\":512}","PackageName":"org.qtproject.example.LifeBalanceAI_demo","Stacktrace":"#31 pc 000000000068ec18  /apex/com.android.art/lib64/libart.so (void art::interpreter::ExecuteSwitchImplCpp<false>(art::interpreter::SwitchImplContext*)+1412) (BuildId: d73f88c4dd9bbebfbbe6ab6fcb28aae4)\n      #32 pc 0000000000287588  /apex/com.android.art/lib64/libart.so (ExecuteSwitchImplAsm+8) (BuildId: d73f88c4dd9bbebfbbe6ab6fcb28aae4)\n      #33 pc 0000000000013a98  [anon:dalvik-classes.dex extracted in memory from /data/app/~~AGNGIH_c27Gqf0fmVjedAA==/org.qtproject.example.LifeBalanceAI_demo-RaTns8zQbS976kDS7sip3Q==/base.apk] (org.qtproject.qt.android.QtNative$7.run+0)\n      #34 pc 0000000000286f68  /apex/com.android.art/lib64/libart.so (art::interpreter::A
05-24 20:15:51.330 I/DisplayModeDirectorImpl( 2813): setSmartDisplayUpRefreshRatePolicy [0.0,120.0]
05-24 20:15:51.330 D/MI-SF   ( 2440): updateScene: module = 268 (Animation), value = 1, pkg = perf_interaction, Vrr = 1, mSetTpIdleFlag = 0
05-24 20:15:51.330 D/MI-SF   ( 2440): isIdleTimerSkip is 1,mSetIdleForceFlag = 0
05-24 20:15:51.330 D/MI-SF   ( 2440): updateScene mSetAnimationFlag status 1, vsync 120
05-24 20:15:51.330 I/SmartPower: com.android.quicksearchbox/10118(9946)( 2813): background->visible(428ms) R(become visible) adj=100.
05-24 20:15:51.330 D/MiEvent ( 9761): report:EventId 901001003 -t 1779624951 -paraList {"CrashType":"100000000","CurrentTime":1779624951000,"Digest":"df281047cdaffbb581de9d3fa920db17","Keyword":"{\"vn\":\"1.0\",\"vc\":\"1\",\"isRoot\":false,\"count\":1,\"preInstalled\":false,\"unfold\":false,\"ram\":11,\"rom\":512}","PackageName":"org.qtproject.example.LifeBalanceAI_demo","Stacktrace":"#31 pc 000000000068ec18  /apex/com.android.art/lib64/libart.so (void art::interpreter::ExecuteSwitchImplCpp<false>(art::interpreter::SwitchImplContext*)+1412) (BuildId: d73f88c4dd9bbebfbbe6ab6fcb28aae4)\n      #32 pc 0000000000287588  /apex/com.android.art/lib64/libart.so (ExecuteSwitchImplAsm+8) (BuildId: d73f88c4dd9bbebfbbe6ab6fcb28aae4)\n      #33 pc 0000000000013a98  [anon:dalvik-classes.dex extracted in memory from /data/app/~~AGNGIH_c27Gqf0fmVjedAA==/org.qtproject.example.LifeBalanceAI_demo-RaTns8zQbS976kDS7sip3Q==/base.apk] (org.qtproject.qt.android.QtNative$7.run+0)\n      #34 pc 0000000000286f68  /apex/com.android.art/lib64/libart.so (art::interpreter::Ar
05-24 20:15:51.330 D/MiEvent ( 9761): ~MiEvent: this 0x7af012ecd0, paylod=0xb400007bbc9714e0
05-24 20:15:51.330 I/misight ( 3336): OnEvent EventPrivacyCompliance event=901001003
05-24 20:15:51.330 D/CommandQueueCallback( 5622): onSystemBarAttributesChanged (0, 24)
05-24 20:15:51.330 I/misight ( 3336): OnEvent EventStorageManager event=901001003,2
05-24 20:15:51.330 I/misight ( 3336): CheckAndGetLogTime event =901001003 3
05-24 20:15:51.330 W/MQSEventManager( 9761): begin to storeEvent
05-24 20:15:51.330 E/ANDR-PERF-LM( 2072): VmRssMeter:: start() 359: Could not find pid, can not collect vmrss data
05-24 20:15:51.330 E/ANDR-PERF-LM( 2072): AdaptiveLaunch: writeToDataBase() 64: Meter aborted or could not get meter data for this run
05-24 20:15:51.332 W/AppCompatLetterboxPolicy( 2813): start not layout letterbox Window{9e831a3 u0 LauncherOverlayWindow:com.android.quicksearchbox}
05-24 20:15:51.333 D/DisplayContentStubImpl( 2813): onNewImeFrame: isImeVisible = false, imeFrame = Rect(0, 0 - 0, 0)
05-24 20:15:51.333 W/InsetsSource( 2813): Has no intersection or mTmpFrame.height(), return Insets.NONE mTmpFrame.height() =0 hasIntersection =false
05-24 20:15:51.333 W/InsetsSource( 2813): Has no intersection or mTmpFrame.height(), return Insets.NONE mTmpFrame.height() =0 hasIntersection =false
05-24 20:15:51.333 D/MQSEventManager( 9761): send MSG_JUDGE_TRANSMISSION packageName org.qtproject.example.LifeBalanceAI_demo
05-24 20:15:51.333 D/MQSRuleManager( 9761): Begin to match mqsas rules
05-24 20:15:51.333 D/BarFollowAnimation( 2813): pairAppearanceRegionAndWin win=Window{a111795 u0 org.qtproject.example.LifeBalanceAI_demo/org.qtproject.qt.android.bindings.QtActivity} 8
05-24 20:15:51.333 D/NativeDebugRuleConfig( 9761): Begin to match NativeDebug rules
05-24 20:15:51.333 W/MQSEventManager( 9761): Method in addExceptionCommetAction, actionCommand is null!
05-24 20:15:51.333 D/MQSEventManager( 9761): begin call thirdappassistant
05-24 20:15:51.333 D/BarFollowAnimation( 2813): isAppTaskBarOnTop win:Window{a111795 u0 org.qtproject.example.LifeBalanceAI_demo/org.qtproject.qt.android.bindings.QtActivity} (mCurrentTopTask:Task{731026e #351 type=standard A=10332:org.qtproject.example.LifeBalanceAI_demo} : true); (mAssociatedTask:Task{731026e #351 type=standard A=10332:org.qtproject.example.LifeBalanceAI_demo} : true); (mHomeTask:Task{d686ba4 #1 type=home} : false); mReparentToOriginParent:false mLastAppBarVisible:true mLastHomeBarVisible:false
05-24 20:15:51.333 W/MQSActionExecutor( 9761): action is null!
05-24 20:15:51.333 W/MQSEventManager( 9761): executeResult is 2
05-24 20:15:51.334 D/MiuiRefreshRatePolicy( 2813): reset
05-24 20:15:51.334 I/SmartAppAssistant(10794): ThirdAppAssistantProvider ThirdAppAssistant is queried
05-24 20:15:51.334 I/BpBinder( 2440): onLastStrongRef automatically unlinking death recipients: 
05-24 20:15:51.334 I/TransitionImpl( 2813): home mode = 3
05-24 20:15:51.334 I/TransitionImpl( 2813): home mode = 3
05-24 20:15:51.335 D/RefreshRateSelector( 2440): Touch Boost
05-24 20:15:51.335 I/TransitionImpl( 2813): home mode = 3
05-24 20:15:51.335 I/TransitionImpl( 2813): home mode = 3
05-24 20:15:51.335 I/TransitionImpl( 2813): home mode = 3
05-24 20:15:51.335 I/TransitionImpl( 2813): home mode = 3
05-24 20:15:51.335 I/TransitionImpl( 2813): home mode = 3
05-24 20:15:51.335 I/TransitionImpl( 2813): home mode = 3
05-24 20:15:51.335 W/InsetsSource( 2813): Has no intersection or mTmpFrame.height(), return Insets.NONE mTmpFrame.height() =0 hasIntersection =false
05-24 20:15:51.335 W/InsetsSource( 2813): Has no intersection or mTmpFrame.height(), return Insets.NONE mTmpFrame.height() =0 hasIntersection =false
05-24 20:15:51.336 I/vendor.qti.hardware.display.composer-service( 2065): FrameNotifyProcess Sensor: notify citsensorservice to trigger cwb
05-24 20:15:51.336 D/MiuiMirrorInputMethodImpl( 2813): shouldUpdateImeParent:false,inputMethodParent.getParent() != touchedDisplay.getImeContainer()?false,touchedDisplay:Display{#0 state=ON size=1080x2400 ROTATION_0},ime window:99303969,imeParent:223222722
05-24 20:15:51.336 D/BarFollowAnimation( 2813): isAppTaskBarOnTop win:Window{a111795 u0 org.qtproject.example.LifeBalanceAI_demo/org.qtproject.qt.android.bindings.QtActivity} (mCurrentTopTask:Task{731026e #351 type=standard A=10332:org.qtproject.example.LifeBalanceAI_demo} : true); (mAssociatedTask:Task{731026e #351 type=standard A=10332:org.qtproject.example.LifeBalanceAI_demo} : true); (mHomeTask:Task{d686ba4 #1 type=home} : false); mReparentToOriginParent:false mLastAppBarVisible:true mLastHomeBarVisible:false
05-24 20:15:51.336 I/libsensor-parseRGB( 3777): request dump start for mRequestDisplayId 0
05-24 20:15:51.336 D/vendor.xiaomi.sensor.citsensorservice@2.0-service( 3777): handle id:21 wxh:1280x2400 uwxuh:1080x2400 size: 9216000 fd:17 fd_meta:18 flags:0x228 usage:0x33  format:0x3 layer_count: 1 reserved_size = 0
05-24 20:15:51.336 D/WindowManager( 2813): wms.Input focus has changed to null display=0 updateInputWindows = true
05-24 20:15:51.336 I/MultiSenceManagerInternalStub( 2813): getInstance
05-24 20:15:51.337 E/HWComposer( 2440): getLuts: getLuts failed for display 4630947006070067843: UNSUPPORTED (8)
05-24 20:15:51.337 W/SDM     ( 2065): HWCSession::GetDisplayIndex: Display index not found for display 1.
05-24 20:15:51.337 W/SDM     ( 2065): HWCSession::GetDisplayIndex: Display index not found for display 3.
05-24 20:15:51.337 D/SDM     ( 2065): HWCSession::SetCWBOutputBuffer: CWB config passed by cwb_client : tappoint 1  CWB_ROI : (591.000000 22.000000 717.000000 148.000000). Display 0
05-24 20:15:51.338 I/TransitionImpl( 2813): home mode = 3
05-24 20:15:51.337 I/DynamicDDSService( 5462): handleMessage(ACTIVITY_INVOKE{appInfo=com.miui.home isFullScreen=}true)
05-24 20:15:51.338 I/WindowManager( 2813): wms.showSurfaceRobustly mWin:Window{99edc25 u0 com.miui.miwallpaper.wallpaperservice.ImageWallpaper} in Surface(name=com.miui.miwallpaper.wallpaperservice.ImageWallpaper#65)/@0x2cc3350
05-24 20:15:51.338 D/WallpaperWindowTokenImpl( 2813): setVisibility for WallpaperWindowToken{12707a6 showWhenLocked=false} isVisible=false mLastSurfaceShowing=false mEnforceApplyVisibility=true
05-24 20:15:51.338 I/TransitionImpl( 2813): home mode = 3
05-24 20:15:51.338 I/WindowManager( 2813): wms.showSurfaceRobustly mWin:Window{4fda689 u0 com.miui.miwallpaper.wallpaperservice.MiuiKeyguardPictorialWallpaper} in Surface(name=com.miui.miwallpaper.wallpaperservice.MiuiKeyguardPictorialWallpaper#57)/@0x19d75f2
05-24 20:15:51.338 D/WallpaperWindowTokenImpl( 2813): setVisibility for WallpaperWindowToken{f4963e6 showWhenLocked=true} isVisible=false mLastSurfaceShowing=false mEnforceApplyVisibility=true
05-24 20:15:51.338 I/TransitionImpl( 2813): home mode = 3
05-24 20:15:51.339 W/InsetsSource( 9946): Has no intersection or mTmpFrame.height(), return Insets.NONE mTmpFrame.height() =0 hasIntersection =false
05-24 20:15:51.339 I/NumberNormalizeUtils(18395): use chinese policy
05-24 20:15:51.339 W/InsetsSource( 9946): Has no intersection or mTmpFrame.height(), return Insets.NONE mTmpFrame.height() =0 hasIntersection =false
05-24 20:15:51.339 W/InsetsSource( 9946): Has no intersection or mTmpFrame.height(), return Insets.NONE mTmpFrame.height() =0 hasIntersection =false
05-24 20:15:51.339 W/InsetsSource( 9946): Has no intersection or mTmpFrame.height(), return Insets.NONE mTmpFrame.height() =0 hasIntersection =false
05-24 20:15:51.339 D/OneHandedController( 5622): stopOneHanded state is 0
05-24 20:15:51.340 I/NumberNormalizeUtils(18395): use chinese policy
05-24 20:15:51.340 W/libc    ( 9946): Access denied finding property "vendor.display.enable_optimal_refresh_rate"
05-24 20:15:51.340 I/PhoneInfoLoader(18395): getAndUpdatePhoneInfo: request from net, tag is 
