05-24 20:15:50.610 D/MiuiDecorationDot( 5622): needTopCaption: isFullscreen = true isPadDevice = false isFoldInnerScreen = false canShowCaptionWhenCasting = false
05-24 20:15:50.610 D/MiuiDecorationDot( 5622): releaseViews_TopCaption: taskId=351
05-24 20:15:50.610 D/MiuiDecorationDot( 5622): releaseViews_TopCaption: taskId=351
05-24 20:15:50.610 D/MiuiDecorationBottom( 5622): needBottomCaption: needShow = true
05-24 20:15:50.610 D/MiuiDecorationBottom( 5622): updateRootView_BottomCaption: taskId = 351 needBottomCaption = true bottomCaptionView = java.lang.Object@faba8cd
05-24 20:15:50.611 D/MiuiDecorationBottom( 5622): updateViews_BottomCaption: taskId=351 scale=1.0 outResult = RelayoutResult{mRoot=java.lang.Object@faba8cd, mCaptionX=351, mCaptionY=2372, mCaptionWidth=378.0, mCaptionHeight=44.0}
05-24 20:15:50.611 D/MiuiDecorationBase( 5622): updateFocus: same focus
05-24 20:15:50.611 D/MiuiDecorationBase( 5622): updateSampling_BottomCaption: taskId = 351 scale = 1.0 mTaskBounds = Rect(0, 0 - 1080, 2400) mCaptionVisibility = true mIsFsgestureEntered = false isRunningAnim = false isDraggingRecent = false isFreeformElude = false isDecorationShowing = true shouldEnableSampling = true
05-24 20:15:50.611 D/MiuiDecorationBase( 5622): updateSampling_BottomCaption: samplingRect = Rect(351, 2372 - 729, 2383)
05-24 20:15:50.611 D/MiuiDecorationBase( 5622): updateVisibility_BottomCaption: taskId=351, isRotationAnimationRunning=false, mCaptionVisible=true, isCaptionVisible=true
05-24 20:15:50.611 D/MiuiDecorationMoveHelper( 5622): periodicallyMoveUpFirst mTaskId=351, windowingMode=1, caller=relayout
05-24 20:15:50.611 D/WindowManager( 2813): wms.Input focus has changed to Window{a111795 u0 org.qtproject.example.LifeBalanceAI_demo/org.qtproject.qt.android.bindings.QtActivity} display=0 updateInputWindows = true
05-24 20:15:50.611 I/MultiSenceManagerInternalStub( 2813): getInstance
05-24 20:15:50.612 I/WindowManager( 2813): Allow fixed rotation for not collecting:ActivityRecord{160345712 u0 org.qtproject.example.LifeBalanceAI_demo/org.qtproject.qt.android.bindings.QtActivity t351}
05-24 20:15:50.612 E/TransitionChain( 2813): Can't collect into a chain with no transition
05-24 20:15:50.612 D/ActivityTaskManager( 2813):  setSkipCaptureLayers tr: Task{731026e #351 type=standard A=10332:org.qtproject.example.LifeBalanceAI_demo}
05-24 20:15:50.613 W/InsetsSource(21591): Has no intersection or mTmpFrame.height(), return Insets.NONE mTmpFrame.height() =0 hasIntersection =false
05-24 20:15:50.613 W/InsetsSource(21591): Has no intersection or mTmpFrame.height(), return Insets.NONE mTmpFrame.height() =0 hasIntersection =false
05-24 20:15:50.613 W/InsetsSource(21591): Has no intersection or mTmpFrame.height(), return Insets.NONE mTmpFrame.height() =0 hasIntersection =false
05-24 20:15:50.613 W/InsetsSource(21591): Has no intersection or mTmpFrame.height(), return Insets.NONE mTmpFrame.height() =0 hasIntersection =false
05-24 20:15:50.614 D/MI-SF   ( 2440): isTpIdleScene ,mAverageFrameRate is 4, 0 
05-24 20:15:50.614 D/MI-SF   ( 2440): modeGroup0 mIsSupportAutomodeForMaxFpsSetting is 0(0), getCurrentBrightness() = 180(1810), mIsKeepAutoMode 0 isAutoModeAllowed() 1
05-24 20:15:50.614 D/RefreshRateSelector( 2440): fixedMode_group: 0, isFindModeGroup 0
05-24 20:15:50.614 D/RefreshRateSelector( 2440): find max refresh rate:120, mode Group:0
05-24 20:15:50.615 D/MI-SF   ( 2440): addDolbyVisionHdr enter hdrTypes 4
05-24 20:15:50.615 D/MI-SF   ( 2440): debug.config.media.video.dolby_vision_suports == true
05-24 20:15:50.615 D/MI-SF   ( 2440): addDolbyVisionHdr enter hdrTypes 4
05-24 20:15:50.615 D/MI-SF   ( 2440): debug.config.media.video.dolby_vision_suports == true
05-24 20:15:50.615 D/MI-SF   ( 2440): addDolbyVisionHdr enter hdrTypes 4
05-24 20:15:50.615 D/MI-SF   ( 2440): debug.config.media.video.dolby_vision_suports == true
05-24 20:15:50.615 D/MI-SF   ( 2440): addDolbyVisionHdr enter hdrTypes 4
05-24 20:15:50.615 D/MI-SF   ( 2440): debug.config.media.video.dolby_vision_suports == true
05-24 20:15:50.615 W/libc    (21591): Access denied finding property "vendor.display.enable_optimal_refresh_rate"
05-24 20:15:50.613 W/eBalanceAI_demo(21591): type=1400 audit(0.0:1651): avc:  denied  { read } for  name="u:object_r:vendor_display_prop:s0" dev="tmpfs" ino=507 scontext=u:r:untrusted_app_30:s0:c76,c257,c512,c768 tcontext=u:object_r:vendor_display_prop:s0 tclass=file permissive=0 app=org.qtproject.example.LifeBalanceAI_demo
05-24 20:15:50.613 W/eBalanceAI_demo(21591): type=1400 audit(0.0:1652): avc:  denied  { read } for  name="u:object_r:vendor_display_prop:s0" dev="tmpfs" ino=507 scontext=u:r:untrusted_app_30:s0:c76,c257,c512,c768 tcontext=u:object_r:vendor_display_prop:s0 tclass=file permissive=0 app=org.qtproject.example.LifeBalanceAI_demo
05-24 20:15:50.616 W/libc    (21591): Access denied finding property "vendor.display.enable_optimal_refresh_rate"
05-24 20:15:50.617 I/MiuiWallpaperSurfaceAnimation( 2813): wallpaperOffsets:xOffset=0.0,yOffset=0.0
05-24 20:15:50.617 D/MiuiWallpaperSurfaceAnimation( 2813): updateScaleIfNeeded mPivotX: 0.5, mPivotY: 0.5, x: 0, y: 0, zoom: 1.105846
05-24 20:15:50.618 D/MI-SF   ( 2440): addDolbyVisionHdr enter hdrTypes 4
05-24 20:15:50.618 D/MI-SF   ( 2440): debug.config.media.video.dolby_vision_suports == true
05-24 20:15:50.618 D/MI-SF   ( 2440): addDolbyVisionHdr enter hdrTypes 4
05-24 20:15:50.618 D/MI-SF   ( 2440): debug.config.media.video.dolby_vision_suports == true
05-24 20:15:50.618 D/MI-SF   ( 2440): addDolbyVisionHdr enter hdrTypes 4
05-24 20:15:50.618 D/MI-SF   ( 2440): debug.config.media.video.dolby_vision_suports == true
05-24 20:15:50.618 D/MI-SF   ( 2440): addDolbyVisionHdr enter hdrTypes 4
05-24 20:15:50.618 D/MI-SF   ( 2440): debug.config.media.video.dolby_vision_suports == true
05-24 20:15:50.618 D/VRI[Miui Bottom Caption of Task=351]( 5622): getMiuiFreeformStackInfo mTmpFrames.miuiFreeFormStackInfo: null
05-24 20:15:50.620 D/VRI[QtActivity](21591): vri.Setup new sync=wmsSync-VRI[QtActivity]#0
05-24 20:15:50.620 I/ErrorHandler(18395): handle http request response
05-24 20:15:50.621 I/ErrorHandler(18395): handle http request response200
05-24 20:15:50.621 I/ErrorHandler(18395): http request real code:0
05-24 20:15:50.621 I/ErrorHandler(18395): data code: 0
05-24 20:15:50.621 D/RequestAdapter(18395): workOnResponse
05-24 20:15:50.621 D/RequestAdapter(18395): parseRequestResult: statusCode = 0
05-24 20:15:50.621 I/RequestResult(18395): request success.
05-24 20:15:50.623 D/MI-SF   ( 2440): isTpIdleScene ,mAverageFrameRate is 4, 0 
05-24 20:15:50.623 D/MI-SF   ( 2440): modeGroup0 mIsSupportAutomodeForMaxFpsSetting is 0(0), getCurrentBrightness() = 180(1810), mIsKeepAutoMode 0 isAutoModeAllowed() 1
05-24 20:15:50.623 D/RefreshRateSelector( 2440): fixedMode_group: 0, isFindModeGroup 0
05-24 20:15:50.623 D/RefreshRateSelector( 2440): find max refresh rate:120, mode Group:0
05-24 20:15:50.624 I/DisplayPolicyStubImpl( 2813): com.android.server.wm.WindowState hide ime, enable touchboost
05-24 20:15:50.624 I/DisplayPolicyStubImpl( 2813): com.android.server.wm.WindowState hide ime, enable touchboost
05-24 20:15:50.624 W/InsetsSource( 5622): Has no intersection or mTmpFrame.height(), return Insets.NONE mTmpFrame.height() =0 hasIntersection =false
05-24 20:15:50.624 W/InsetsSource( 5622): Has no intersection or mTmpFrame.height(), return Insets.NONE mTmpFrame.height() =0 hasIntersection =false
05-24 20:15:50.624 W/InsetsSource( 5622): Has no intersection or mTmpFrame.height(), return Insets.NONE mTmpFrame.height() =0 hasIntersection =false
05-24 20:15:50.624 W/InsetsSource( 5622): Has no intersection or mTmpFrame.height(), return Insets.NONE mTmpFrame.height() =0 hasIntersection =false
05-24 20:15:50.625 I/MiuiWallpaperSurfaceAnimation( 2813): wallpaperOffsets:xOffset=0.0,yOffset=0.0
05-24 20:15:50.625 D/MiuiWallpaperSurfaceAnimation( 2813): updateScaleIfNeeded mPivotX: 0.5, mPivotY: 0.5, x: 0, y: 0, zoom: 1.1077754
05-24 20:15:50.628 I/NumberNormalizeUtils(18395): use chinese policy
05-24 20:15:50.630 D/VRI[QtActivity](21591): vri.reportDrawFinished 0 0 Rect(0, 0 - 1080, 2400)
05-24 20:15:50.631 I/NativeTurboSchedManager(21591): Load libmiui_runtime
05-24 20:15:50.631 I/PhoneInfoLoader(18395): getAndUpdatePhoneInfo: yellowpage number
05-24 20:15:50.631 D/MI-SF   ( 2440): isTpIdleScene ,mAverageFrameRate is 4, 0 
05-24 20:15:50.631 D/MI-SF   ( 2440): modeGroup0 mIsSupportAutomodeForMaxFpsSetting is 0(0), getCurrentBrightness() = 180(1810), mIsKeepAutoMode 0 isAutoModeAllowed() 1
05-24 20:15:50.631 D/RefreshRateSelector( 2440): fixedMode_group: 0, isFindModeGroup 0
05-24 20:15:50.631 D/RefreshRateSelector( 2440): find max refresh rate:120, mode Group:0
05-24 20:15:50.631 D/WindowManager( 2813): wms.finishDrawingLocked: mDrawState=COMMIT_DRAW_PENDING Window{a111795 u0 org.qtproject.example.LifeBalanceAI_demo/org.qtproject.qt.android.bindings.QtActivity} in Surface(name=org.qtproject.example.LifeBalanceAI_demo/org.qtproject.qt.android.bindings.QtActivity#282)/@0xfb89811
05-24 20:15:50.631 D/HWUI    (21591): [HWUI] Flag vulkan_enhance_pipeline_cache enabled
05-24 20:15:50.631 D/HWUI    (21591): [HWUI] EnhanceVkPipelineCache is disabled
05-24 20:15:50.631 D/HWUI    (21591): [HWUI] Flag ddre enabled
05-24 20:15:50.632 D/DisplayContentStubImpl( 2813): onNewImeFrame: isImeVisible = false, imeFrame = Rect(0, 0 - 0, 0)
05-24 20:15:50.632 W/InsetsSource( 2813): Has no intersection or mTmpFrame.height(), return Insets.NONE mTmpFrame.height() =0 hasIntersection =false
05-24 20:15:50.632 W/InsetsSource( 2813): Has no intersection or mTmpFrame.height(), return Insets.NONE mTmpFrame.height() =0 hasIntersection =false
05-24 20:15:50.632 D/BarFollowAnimation( 2813): pairAppearanceRegionAndWin win=Window{fe5ea39 u0 Splash Screen org.qtproject.example.LifeBalanceAI_demo} 8
05-24 20:15:50.632 D/BarFollowAnimation( 2813): isAppTaskBarOnTop win:Window{a111795 u0 org.qtproject.example.LifeBalanceAI_demo/org.qtproject.qt.android.bindings.QtActivity} (mCurrentTopTask:Task{731026e #351 type=standard A=10332:org.qtproject.example.LifeBalanceAI_demo} : true); (mAssociatedTask:Task{731026e #351 type=standard A=10332:org.qtproject.example.LifeBalanceAI_demo} : true); (mHomeTask:Task{d686ba4 #1 type=home} : false); mReparentToOriginParent:false mLastAppBarVisible:true mLastHomeBarVisible:false
05-24 20:15:50.632 D/MiuiRefreshRatePolicy( 2813): reset
05-24 20:15:50.633 D/WindowManager( 2813): wms.commitFinishDrawingLocked: mDrawState=READY_TO_SHOW Window{a111795 u0 org.qtproject.example.LifeBalanceAI_demo/org.qtproject.qt.android.bindings.QtActivity} in Surface(name=org.qtproject.example.LifeBalanceAI_demo/org.qtproject.qt.android.bindings.QtActivity#282)/@0xfb89811
05-24 20:15:50.633 I/WindowManager( 2813): onFirstWindowDrawn, try to remove startingWindow. ar: ActivityRecord{160345712 u0 org.qtproject.example.LifeBalanceAI_demo/org.qtproject.qt.android.bindings.QtActivity t351}  associatedTask: null  isMainWindow: true  startingWindow: Window{fe5ea39 u0 Splash Screen org.qtproject.example.LifeBalanceAI_demo}  startingData: SplashScreenStartingData{e351b2b removeAfterTransaction= 0}
05-24 20:15:50.633 D/PreStartingManager( 2813): Reset colorSurfaceControl: Surface(name=PreColorStarting#264)/@0x925db88  ColorSurfaceSize: 0
05-24 20:15:50.633 D/TaskSnapshot_Helper( 2813): shouldDelay()... Not launched by home, no delay needed.
05-24 20:15:50.635 I/eBalanceAI_demo(21591): AssetManager2(0x7b1c936038) locale list changing from [] to [zh-CN]
05-24 20:15:50.635 I/SmartPower( 2813): Miui monitor launch : org.qtproject.example.LifeBalanceAI_demo/org.qtproject.qt.android.bindings.QtActivity  transitionTime:45  launchTime:344  launchFrom:com.miui.home  launchType:1
05-24 20:15:50.635 I/AppStartScenario( 2813): notifyScenarioChanged: active=false param=Bundle[{renderThreadId=21651, pid=21591, uid=10332, name=org.qtproject.qt.android.bindings.QtActivity, type=2, state=1, processName=org.qtproject.example.LifeBalanceAI_demo, packageName=org.qtproject.example.LifeBalanceAI_demo}]
05-24 20:15:50.636 I/MiuiWallpaperSurfaceAnimation( 2813): wallpaperOffsets:xOffset=0.0,yOffset=0.0
05-24 20:15:50.636 D/MiuiWallpaperSurfaceAnimation( 2813): updateScaleIfNeeded mPivotX: 0.5, mPivotY: 0.5, x: 0, y: 0, zoom: 1.109605
05-24 20:15:50.636 W/InsetsSource(21591): Has no intersection or mTmpFrame.height(), return Insets.NONE mTmpFrame.height() =0 hasIntersection =false
05-24 20:15:50.636 W/InsetsSource( 2813): Has no intersection or mTmpFrame.height(), return Insets.NONE mTmpFrame.height() =0 hasIntersection =false
05-24 20:15:50.636 W/InsetsSource( 2813): Has no intersection or mTmpFrame.height(), return Insets.NONE mTmpFrame.height() =0 hasIntersection =false
05-24 20:15:50.636 W/InsetsSource(21591): Has no intersection or mTmpFrame.height(), return Insets.NONE mTmpFrame.height() =0 hasIntersection =false
05-24 20:15:50.636 W/InsetsSource(21591): Has no intersection or mTmpFrame.height(), return Insets.NONE mTmpFrame.height() =0 hasIntersection =false
05-24 20:15:50.636 W/InsetsSource(21591): Has no intersection or mTmpFrame.height(), return Insets.NONE mTmpFrame.height() =0 hasIntersection =false
05-24 20:15:50.637 D/DisplayContentStubImpl( 2813): onNewImeFrame: isImeVisible = false, imeFrame = Rect(0, 0 - 0, 0)
05-24 20:15:50.637 W/InsetsSource( 2813): Has no intersection or mTmpFrame.height(), return Insets.NONE mTmpFrame.height() =0 hasIntersection =false
05-24 20:15:50.637 W/InsetsSource( 2813): Has no intersection or mTmpFrame.height(), return Insets.NONE mTmpFrame.height() =0 hasIntersection =false
05-24 20:15:50.637 D/BarFollowAnimation( 2813): pairAppearanceRegionAndWin win=Window{fe5ea39 u0 Splash Screen org.qtproject.example.LifeBalanceAI_demo} 8
05-24 20:15:50.637 I/eBalanceAI_demo(21591): AssetManager2(0x7b1c922df8) locale list changing from [] to [zh-CN]
05-24 20:15:50.637 D/BarFollowAnimation( 2813): isAppTaskBarOnTop win:Window{a111795 u0 org.qtproject.example.LifeBalanceAI_demo/org.qtproject.qt.android.bindings.QtActivity} (mCurrentTopTask:Task{731026e #351 type=standard A=10332:org.qtproject.example.LifeBalanceAI_demo} : true); (mAssociatedTask:Task{731026e #351 type=standard A=10332:org.qtproject.example.LifeBalanceAI_demo} : true); (mHomeTask:Task{d686ba4 #1 type=home} : false); mReparentToOriginParent:false mLastAppBarVisible:true mLastHomeBarVisible:false
05-24 20:15:50.637 D/MiuiRefreshRatePolicy( 2813): reset
05-24 20:15:50.638 W/InsetsSource( 2813): Has no intersection or mTmpFrame.height(), return Insets.NONE mTmpFrame.height() =0 hasIntersection =false
05-24 20:15:50.638 W/InsetsSource( 2813): Has no intersection or mTmpFrame.height(), return Insets.NONE mTmpFrame.height() =0 hasIntersection =false
05-24 20:15:50.640 D/MI-SF   ( 2440): isTpIdleScene ,mAverageFrameRate is 4, 0 
05-24 20:15:50.640 D/MI-SF   ( 2440): modeGroup0 mIsSupportAutomodeForMaxFpsSetting is 0(0), getCurrentBrightness() = 180(1810), mIsKeepAutoMode 0 isAutoModeAllowed() 1
05-24 20:15:50.640 D/RefreshRateSelector( 2440): fixedMode_group: 0, isFindModeGroup 0
05-24 20:15:50.640 D/RefreshRateSelector( 2440): find max refresh rate:120, mode Group:0
05-24 20:15:50.640 D/BufferQueueProducer( 5622): [VRI[LifeBalanceAI_demo]#15(BLAST Consumer)15](id:15f60000000f,api:1,p:5622,c:5622) disconnect: api 1 (caller=5622)
05-24 20:15:50.640 I/ActivityTaskManager( 2813): Displayed org.qtproject.example.LifeBalanceAI_demo/org.qtproject.qt.android.bindings.QtActivity for user 0: +344ms
05-24 20:15:50.640 I/WindowManager( 2813): wms.showSurfaceRobustly mWin:Window{a111795 u0 org.qtproject.example.LifeBalanceAI_demo/org.qtproject.qt.android.bindings.QtActivity} in Surface(name=org.qtproject.example.LifeBalanceAI_demo/org.qtproject.qt.android.bindings.QtActivity#282)/@0xfb89811
05-24 20:15:50.641 D/MiuiInputManagerService( 2813): unregisterSrollToTopListener, windowId: 159858717
05-24 20:15:50.641 D/SystemPerformanceHinter( 2813): startSession#HighPerfSession-d0-WindowAnimation
05-24 20:15:50.641 W/WindowOnBackDispatcher( 5622): sendCancelIfRunning: isInProgress=false callback=android.view.ViewRootImpl$$ExternalSyntheticLambda16@8f877ce
05-24 20:15:50.641 W/ndroid.systemui( 5622): Binder 0xb400007b0c9ee6c0 destroyed after setInheritRt before being parceled.
05-24 20:15:50.641 D/BufferQueueConsumer( 5622): [VRI[LifeBalanceAI_demo]#15(BLAST Consumer)15](id:15f60000000f,api:0,p:-1,c:5622) disconnect: caller 5622
05-24 20:15:50.642 I/MiuiWallpaperSurfaceAnimation( 2813): wallpaperOffsets:xOffset=0.0,yOffset=0.0
05-24 20:15:50.642 D/MiuiWallpaperSurfaceAnimation( 2813): updateScaleIfNeeded mPivotX: 0.5, mPivotY: 0.5, x: 0, y: 0, zoom: 1.1113384
05-24 20:15:50.642 I/eBalanceAI_demo(21591): AssetManager2(0x7b1c936358) locale list changing from [] to [zh-CN]
05-24 20:15:50.644 D/SchedBoost( 2813): com.miui.home boosting, skip reset priority
05-24 20:15:50.646 W/AppCompatLetterboxPolicy( 2813): start not layout letterbox Window{fe5ea39 u0 Splash Screen org.qtproject.example.LifeBalanceAI_demo EXITING}
05-24 20:15:50.647 D/DisplayContentStubImpl( 2813): onNewImeFrame: isImeVisible = false, imeFrame = Rect(0, 0 - 0, 0)
05-24 20:15:50.647 W/InsetsSource( 2813): Has no intersection or mTmpFrame.height(), return Insets.NONE mTmpFrame.height() =0 hasIntersection =false
05-24 20:15:50.647 W/InsetsSource( 2813): Has no intersection or mTmpFrame.height(), return Insets.NONE mTmpFrame.height() =0 hasIntersection =false
05-24 20:15:50.647 D/BarFollowAnimation( 2813): pairAppearanceRegionAndWin win=Window{fe5ea39 u0 Splash Screen org.qtproject.example.LifeBalanceAI_demo EXITING} 8
05-24 20:15:50.647 D/MI-SF   ( 2440): isTpIdleScene ,mAverageFrameRate is 4, 0 
05-24 20:15:50.647 D/MI-SF   ( 2440): modeGroup0 mIsSupportAutomodeForMaxFpsSetting is 0(0), getCurrentBrightness() = 180(1810), mIsKeepAutoMode 0 isAutoModeAllowed() 1
05-24 20:15:50.647 D/RefreshRateSelector( 2440): fixedMode_group: 0, isFindModeGroup 0
05-24 20:15:50.647 D/RefreshRateSelector( 2440): find max refresh rate:120, mode Group:0
05-24 20:15:50.647 D/BarFollowAnimation( 2813): isAppTaskBarOnTop win:Window{a111795 u0 org.qtproject.example.LifeBalanceAI_demo/org.qtproject.qt.android.bindings.QtActivity} (mCurrentTopTask:Task{731026e #351 type=standard A=10332:org.qtproject.example.LifeBalanceAI_demo} : true); (mAssociatedTask:Task{731026e #351 type=standard A=10332:org.qtproject.example.LifeBalanceAI_demo} : true); (mHomeTask:Task{d686ba4 #1 type=home} : false); mReparentToOriginParent:false mLastAppBarVisible:true mLastHomeBarVisible:false
05-24 20:15:50.647 V/B2cMessageUtils(18395): address is common b2c number10682772006630371005
05-24 20:15:50.647 I/Contact (18395): fillSmartContactByB2c: old smart contact is not null
05-24 20:15:50.648 I/Mms     (18395): contact info: true
05-24 20:15:50.648 D/MiuiRefreshRatePolicy( 2813): reset
05-24 20:15:50.648 I/Mms     (18395): getServiceCategory: number is replaced by bizNum
05-24 20:15:50.648 I/SPUpdateAsyncTask(18395): doInBackground  category:1
05-24 20:15:50.649 W/InsetsSource( 2813): Has no intersection or mTmpFrame.height(), return Insets.NONE mTmpFrame.height() =0 hasIntersection =false
05-24 20:15:50.649 W/InsetsSource( 2813): Has no intersection or mTmpFrame.height(), return Insets.NONE mTmpFrame.height() =0 hasIntersection =false
05-24 20:15:50.649 I/MiuiWallpaperSurfaceAnimation( 2813): wallpaperOffsets:xOffset=0.0,yOffset=0.0
05-24 20:15:50.649 D/MiuiWallpaperSurfaceAnimation( 2813): updateScaleIfNeeded mPivotX: 0.5, mPivotY: 0.5, x: 0, y: 0, zoom: 1.11298
05-24 20:15:50.650 W/InsetsSource( 5622): Has no intersection or mTmpFrame.height(), return Insets.NONE mTmpFrame.height() =0 hasIntersection =false
05-24 20:15:50.650 W/InsetsSource( 5622): Has no intersection or mTmpFrame.height(), return Insets.NONE mTmpFrame.height() =0 hasIntersection =false
05-24 20:15:50.650 W/InsetsSource( 5622): Has no intersection or mTmpFrame.height(), return Insets.NONE mTmpFrame.height() =0 hasIntersection =false
05-24 20:15:50.650 W/InsetsSource( 5622): Has no intersection or mTmpFrame.height(), return Insets.NONE mTmpFrame.height() =0 hasIntersection =false
05-24 20:15:50.650 D/CoreBackPreview( 2813): Window{fe5ea39 u0 Splash Screen org.qtproject.example.LifeBalanceAI_demo EXITING}: Setting back callback null
05-24 20:15:50.651 D/RefreshRateSelector( 2440): Touch Boost
05-24 20:15:50.652 W/InsetsSource( 2813): Has no intersection or mTmpFrame.height(), return Insets.NONE mTmpFrame.height() =0 hasIntersection =false
05-24 20:15:50.652 W/InsetsSource( 2813): Has no intersection or mTmpFrame.height(), return Insets.NONE mTmpFrame.height() =0 hasIntersection =false
05-24 20:15:50.653 D/BarFollowAnimation( 2813): pairAppearanceRegionAndWin win=Window{fe5ea39 u0 Splash Screen org.qtproject.example.LifeBalanceAI_demo EXITING} 8
05-24 20:15:50.653 I/HandWritingStubImpl(21591): refreshLastKeyboardType: 1
05-24 20:15:50.653 D/BarFollowAnimation( 2813): isAppTaskBarOnTop win:Window{a111795 u0 org.qtproject.example.LifeBalanceAI_demo/org.qtproject.qt.android.bindings.QtActivity} (mCurrentTopTask:Task{731026e #351 type=standard A=10332:org.qtproject.example.LifeBalanceAI_demo} : true); (mAssociatedTask:Task{731026e #351 type=standard A=10332:org.qtproject.example.LifeBalanceAI_demo} : true); (mHomeTask:Task{d686ba4 #1 type=home} : false); mReparentToOriginParent:false mLastAppBarVisible:true mLastHomeBarVisible:false
05-24 20:15:50.653 I/HandWritingStubImpl(21591): getCurrentKeyboardType: 1
05-24 20:15:50.653 D/MiuiRefreshRatePolicy( 2813): reset
05-24 20:15:50.654 W/InsetsSource( 2813): Has no intersection or mTmpFrame.height(), return Insets.NONE mTmpFrame.height() =0 hasIntersection =false
05-24 20:15:50.654 W/InsetsSource( 2813): Has no intersection or mTmpFrame.height(), return Insets.NONE mTmpFrame.height() =0 hasIntersection =false
05-24 20:15:50.655 D/RefreshRateSelector( 2440): Touch Boost
05-24 20:15:50.656 I/ImeTracker( 2813): org.qtproject.example.LifeBalanceAI_demo:9f32905a: onRequestHide at ORIGIN_SERVER reason HIDE_UNSPECIFIED_WINDOW fromUser false
05-24 20:15:50.657 I/InputMethodManagerServiceImpl( 2813): Skip shouldIgnoreHideCurrentInputForBackDisplay check.
05-24 20:15:50.658 I/MiuiWallpaperSurfaceAnimation( 2813): wallpaperOffsets:xOffset=0.0,yOffset=0.0
05-24 20:15:50.658 D/MiuiWallpaperSurfaceAnimation( 2813): updateScaleIfNeeded mPivotX: 0.5, mPivotY: 0.5, x: 0, y: 0, zoom: 1.1145337
05-24 20:15:50.660 W/SecurityInputMethodSwitcher( 2813): first check switch to security ime: false
05-24 20:15:50.660 W/SecurityInputMethodSwitcher( 2813): double check switch to security ime: false
05-24 20:15:50.660 W/SecurityInputMethodSwitcher( 2813): switch to other input method from security ime:false mayChangeToMiuiSecurityInputMethod: false current focus window: android.os.BinderProxy@688bb4c
05-24 20:15:50.661 D/InputMethodManagerService( 2813): startInputUncheckedLocked:set client state as:ClientState{9f795f mUid=10332 mPid=21591 mSelfReportedDisplayId=0}
05-24 20:15:50.661 D/SogouIME(10526): onUnbindInput: editorInfo:com.miui.home 171535462
05-24 20:15:50.661 I/ImeTracker( 5646): com.miui.home:c571150a: onRequestHide at ORIGIN_CLIENT reason HIDE_WINDOW_LOST_FOCUS fromUser false
05-24 20:15:50.661 D/InsetsController( 5646): hide(ime(), fromIme=false)
05-24 20:15:50.661 I/ImeTracker( 5646): com.miui.home:c571150a: onCancelled at PHASE_CLIENT_ALREADY_HIDDEN
05-24 20:15:50.662 D/ChineseTelocation(18395): uniqId: 10
05-24 20:15:50.663 D/InsetsController(21591): hide(ime(), fromIme=false)
05-24 20:15:50.663 I/ImeTracker(21591): org.qtproject.example.LifeBalanceAI_demo:9f32905a: onCancelled at PHASE_CLIENT_ALREADY_HIDDEN
05-24 20:15:50.664 D/RefreshRateSelector( 2440): Touch Boost
05-24 20:15:50.664 D/InputMethodManagerServiceImpl( 2813): ime switch to security: false , switch to normal ime: false , switch from security: false
05-24 20:15:50.665 D/SogouIME(10526): onBindInput: editorInfo:com.miui.home 171535462
05-24 20:15:50.665 I/ContactsProvider( 9982): Contacts query: CPID=18395, CallingPackage = com.android.mms User=0
05-24 20:15:50.665 D/SogouIME(10526): onFinishInput: attribute:com.miui.home 171535462
05-24 20:15:50.665 D/threadProvider(10526): executeTask: pingback for sogou.pingback.h
05-24 20:15:50.665 D/threadProvider(10526): executeTask: pingback for sogou.pingback.i
05-24 20:15:50.665 D/threadProvider(10526): executeTask: pingback for sogou.pingback.i
05-24 20:15:50.665 D/MainImeServiceDel(10526): doOnFinishInput: 
05-24 20:15:50.665 D/InputLogic(10526): resetChinese: 
05-24 20:15:50.665 I/libLifeBalanceAI_demo_arm64-v8a.so(21591): [Font] 已加载内置字体 :/fonts/MiSans-Regular.otf -> MiSans
05-24 20:15:50.666 D/SogouIME(10526): onStartInput: attribute:org.qtproject.example.LifeBalanceAI_demo 120323499 restarting:false
05-24 20:15:50.666 I/MiuiWallpaperSurfaceAnimation( 2813): wallpaperOffsets:xOffset=0.0,yOffset=0.0
05-24 20:15:50.666 D/MiuiWallpaperSurfaceAnimation( 2813): updateScaleIfNeeded mPivotX: 0.5, mPivotY: 0.5, x: 0, y: 0, zoom: 1.1160035
05-24 20:15:50.666 I/ContactsProvider( 9982): Contacts query: access CPID=18395, CallingPackage = com.android.mms User=0
05-24 20:15:50.666 I/ContactsProvider( 9982): querylocal match: 3000
05-24 20:15:50.668 I/libLifeBalanceAI_demo_arm64-v8a.so(21591): [Font] 已加载内置字体 :/fonts/MiSans-Medium.otf -> MiSans
05-24 20:15:50.668 I/HandWritingStubImpl(21591): getCurrentKeyboardType: 1
05-24 20:15:50.670 D/MiuiSplitInputMethodImpl( 2813): Make sure ime layering to: Window{a111795 u0 org.qtproject.example.LifeBalanceAI_demo/org.qtproject.qt.android.bindings.QtActivity} when transition animation start
05-24 20:15:50.670 D/MiuiMirrorInputMethodImpl( 2813): InsetsControlTarget invalid!:Window{a111795 u0 org.qtproject.example.LifeBalanceAI_demo/org.qtproject.qt.android.bindings.QtActivity}
05-24 20:15:50.670 I/ContactsProvider( 9982): return querylocal
05-24 20:15:50.670 I/ContactsProvider( 9982): query return 4 queryDirectoryIfNecessary 
05-24 20:15:50.670 I/ContactsProvider( 9982): query return 5 finally 
05-24 20:15:50.671 I/libLifeBalanceAI_demo_arm64-v8a.so(21591): [Font] 已加载内置字体 :/fonts/MiSans-Bold.otf -> MiSans
05-24 20:15:50.671 I/libLifeBalanceAI_demo_arm64-v8a.so(21591): [Font] 已加载内置字体 :/fonts/SmileySans-Oblique.otf -> Smiley Sans
05-24 20:15:50.672 I/ImeTracker( 2813): system_server:bc5ff050: onRequestHide at ORIGIN_SERVER reason IME_REQUESTED_CHANGED_LISTENER fromUser false
05-24 20:15:50.672 D/RefreshRateSelector( 2440): Touch Boost
05-24 20:15:50.672 W/InsetsSource( 2813): Has no intersection or mTmpFrame.height(), return Insets.NONE mTmpFrame.height() =0 hasIntersection =false
05-24 20:15:50.672 W/InsetsSource( 2813): Has no intersection or mTmpFrame.height(), return Insets.NONE mTmpFrame.height() =0 hasIntersection =false
05-24 20:15:50.672 D/BarFollowAnimation( 2813): pairAppearanceRegionAndWin win=Window{fe5ea39 u0 Splash Screen org.qtproject.example.LifeBalanceAI_demo EXITING} 8
05-24 20:15:50.672 I/DisplayManagerServiceImpl( 2813): updateInputScene: , status: 0 targetPkg: input, cookie: 270
05-24 20:15:50.672 D/BarFollowAnimation( 2813): isAppTaskBarOnTop win:Window{a111795 u0 org.qtproject.example.LifeBalanceAI_demo/org.qtproject.qt.android.bindings.QtActivity} (mCurrentTopTask:Task{731026e #351 type=standard A=10332:org.qtproject.example.LifeBalanceAI_demo} : true); (mAssociatedTask:Task{731026e #351 type=standard A=10332:org.qtproject.example.LifeBalanceAI_demo} : true); (mHomeTask:Task{d686ba4 #1 type=home} : false); mReparentToOriginParent:false mLastAppBarVisible:true mLastHomeBarVisible:false
05-24 20:15:50.673 D/MI-SF   ( 2440): updateScene: module = 270 (Input), value = 0, pkg = input, Vrr = 1, mSetTpIdleFlag = 0
05-24 20:15:50.673 D/MiuiRefreshRatePolicy( 2813): reset
05-24 20:15:50.673 I/ImeTracker( 2813): system_server:bc5ff050: onCancelled at PHASE_SERVER_SHOULD_HIDE
05-24 20:15:50.673 W/InsetsSource( 2813): Has no intersection or mTmpFrame.height(), return Insets.NONE mTmpFrame.height() =0 hasIntersection =false
05-24 20:15:50.673 W/InsetsSource( 2813): Has no intersection or mTmpFrame.height(), return Insets.NONE mTmpFrame.height() =0 hasIntersection =false
05-24 20:15:50.677 I/NumberNormalizeUtils(18395): use chinese policy
05-24 20:15:50.677 I/MiuiWallpaperSurfaceAnimation( 2813): wallpaperOffsets:xOffset=0.0,yOffset=0.0
05-24 20:15:50.677 D/MiuiWallpaperSurfaceAnimation( 2813): updateScaleIfNeeded mPivotX: 0.5, mPivotY: 0.5, x: 0, y: 0, zoom: 1.1173934
05-24 20:15:50.678 I/NumberNormalizeUtils(18395): use chinese policy
05-24 20:15:50.678 I/PhoneInfoLoader(18395): getAndUpdatePhoneInfo: request from net, tag is 中通快递
05-24 20:15:50.678 I/NumberNormalizeUtils(18395): use chinese policy
05-24 20:15:50.679 D/RequestUtils(18395): updateParams: serviceType = STRING
05-24 20:15:50.679 D/HttpRequestImpl(18395): request
05-24 20:15:50.679 I/keystore2( 1580): system/security/keystore2/watchdog/src/lib.rs:399 - Watchdog thread idle -> terminating. Have a great day.
05-24 20:15:50.679 D/HttpRequestImpl(18395): try request
05-24 20:15:50.679 I/ServiceGenerator(18395): create service
05-24 20:15:50.680 I/HeavyPackageIdentify(12483): splitMode: false, splitPackages: null, foregroundPkg: org.qtproject.example.LifeBalanceAI_demo
05-24 20:15:50.680 D/RefreshRateSelector( 2440): Touch Boost
05-24 20:15:50.683 I/MiuiWallpaperSurfaceAnimation( 2813): wallpaperOffsets:xOffset=0.0,yOffset=0.0
05-24 20:15:50.683 D/MiuiWallpaperSurfaceAnimation( 2813): updateScaleIfNeeded mPivotX: 0.5, mPivotY: 0.5, x: 0, y: 0, zoom: 1.1187071
05-24 20:15:50.688 D/RefreshRateSelector( 2440): Touch Boost
05-24 20:15:50.688 I/libLifeBalanceAI_demo_arm64-v8a.so(21591): [Font] QApplication body font: MiSans
05-24 20:15:50.688 I/libLifeBalanceAI_demo_arm64-v8a.so(21591): [QSS] 从资源文件加载成功，大小=18762 字节
05-24 20:15:50.689 I/libLifeBalanceAI_demo_arm64-v8a.so(21591): [QSS] 内容预览(前200字符):
05-24 20:15:50.689 I/libLifeBalanceAI_demo_arm64-v8a.so(21591): /* LifeBalanceAI - UI Design Specification v1.0 translated for Qt Widgets */
05-24 20:15:50.689 I/libLifeBalanceAI_demo_arm64-v8a.so(21591): 
05-24 20:15:50.689 I/libLifeBalanceAI_demo_arm64-v8a.so(21591): QWidget {
05-24 20:15:50.689 I/libLifeBalanceAI_demo_arm64-v8a.so(21591):     font-family: "MiSans", "MiSans-Regular", "MiSans Regular", "Noto Sans SC", "Microsoft YaHei UI", "PingFang S
05-24 20:15:50.689 I/DisplayPolicyStubImpl( 2813): com.android.server.wm.WindowState hide ime, enable touchboost
05-24 20:15:50.689 I/libLifeBalanceAI_demo_arm64-v8a.so(21591): [QSS] 样式表已成功应用到 QApplication。
05-24 20:15:50.689 I/DisplayPolicyStubImpl( 2813): com.android.server.wm.WindowState hide ime, enable touchboost
05-24 20:15:50.689 W/InsetsSource( 5646): Has no intersection or mTmpFrame.height(), return Insets.NONE mTmpFrame.height() =0 hasIntersection =false
05-24 20:15:50.689 W/InsetsSource( 5646): Has no intersection or mTmpFrame.height(), return Insets.NONE mTmpFrame.height() =0 hasIntersection =false
05-24 20:15:50.689 W/InsetsSource( 5646): Has no intersection or mTmpFrame.height(), return Insets.NONE mTmpFrame.height() =0 hasIntersection =false
05-24 20:15:50.689 W/InsetsSource( 5646): Has no intersection or mTmpFrame.height(), return Insets.NONE mTmpFrame.height() =0 hasIntersection =false
05-24 20:15:50.690 I/libLifeBalanceAI_demo_arm64-v8a.so(21591): Database initialized successfully at: "/data/user/0/org.qtproject.example.LifeBalanceAI_demo/files/lifebalance.db"
05-24 20:15:50.690 I/libLifeBalanceAI_demo_arm64-v8a.so(21591): Database connection established successfully.
05-24 20:15:50.690 I/MiuiWallpaper-MiuiWallpaperManagerService( 5212): receive broadcast action = android.intent.action.PACKAGE_RESTARTED
05-24 20:15:50.691 E/HWComposer( 2440): getLuts: getLuts failed for display 4630947006070067843: UNSUPPORTED (8)
05-24 20:15:50.691 I/MiuiWallpaperSurfaceAnimation( 2813): wallpaperOffsets:xOffset=0.0,yOffset=0.0
05-24 20:15:50.691 D/MiuiWallpaperSurfaceAnimation( 2813): updateScaleIfNeeded mPivotX: 0.5, mPivotY: 0.5, x: 0, y: 0, zoom: 1.1199481
05-24 20:15:50.692 D/MyLog   (10580): -->log(0): [Tid:52] pcc handle intent in sjm android.intent.action.PACKAGE_RESTARTED
05-24 20:15:50.694 I/RegionSamplingImageView(12184): onRegionDarknessChanged, new = false, old = true
05-24 20:15:50.694 D/SidebarLineDrawable(12184): updateLineColor: from -855638017 to -6842473
05-24 20:15:50.695 D/MiuiDecorationMoveHelper( 5622): periodicallyMoveUpFirst mTaskId=1, windowingMode=1, caller=Sampling
05-24 20:15:50.695 D/MiuiDecorationMoveHelper( 5622): periodicallyMoveUpFirst mTaskId=351, windowingMode=1, caller=Sampling
05-24 20:15:50.696 W/InsetsSource(21591): Has no intersection or mTmpFrame.height(), return Insets.NONE mTmpFrame.height() =0 hasIntersection =false
05-24 20:15:50.696 W/InsetsSource(21591): Has no intersection or mTmpFrame.height(), return Insets.NONE mTmpFrame.height() =0 hasIntersection =false
05-24 20:15:50.696 W/InsetsSource(21591): Has no intersection or mTmpFrame.height(), return Insets.NONE mTmpFrame.height() =0 hasIntersection =false
05-24 20:15:50.696 W/InsetsSource(21591): Has no intersection or mTmpFrame.height(), return Insets.NONE mTmpFrame.height() =0 hasIntersection =false
05-24 20:15:50.697 D/RefreshRateSelector( 2440): Touch Boost
05-24 20:15:50.697 D/libsensor-displayalgo( 3777): brightness:100,R:1337385.5,G:3705166.1,B:2370636.9,EVENT C:3311.0,R:1833.0,G:1157.5,B:523.5, lux: 38.1, clone:0, dc:0, last_lux_beforeMedian:38.324356,last_cct_beforeMedian:4074.473633
05-24 20:15:50.697 D/NativeMemRecycler(10526): activeCoreAlways inputType=2, result=true
05-24 20:15:50.697 D/SogouIME(10526): checkFractionChange: 
05-24 20:15:50.700 D/HWUI    (12184): DDRE Debug DrawPath: smoothCornerEnabled = true
05-24 20:15:50.700 I/MiuiWallpaperSurfaceAnimation( 2813): wallpaperOffsets:xOffset=0.0,yOffset=0.0
05-24 20:15:50.700 D/MiuiWallpaperSurfaceAnimation( 2813): updateScaleIfNeeded mPivotX: 0.5, mPivotY: 0.5, x: 0, y: 0, zoom: 1.1211203
05-24 20:15:50.705 D/RefreshRateSelector( 2440): Touch Boost
05-24 20:15:50.708 I/MiuiWallpaperSurfaceAnimation( 2813): wallpaperOffsets:xOffset=0.0,yOffset=0.0
05-24 20:15:50.708 D/MiuiWallpaperSurfaceAnimation( 2813): updateScaleIfNeeded mPivotX: 0.5, mPivotY: 0.5, x: 0, y: 0, zoom: 1.1222268
05-24 20:15:50.709 D/HWUI    (12184): DDRE Debug DrawPath: smoothCornerEnabled = true
05-24 20:15:50.713 D/RefreshRateSelector( 2440): Touch Boost
05-24 20:15:50.714 I/vendor.qti.hardware.display.composer-service( 2065): FrameNotifyProcess Sensor: notify citsensorservice to trigger cwb
05-24 20:15:50.714 I/libsensor-parseRGB( 3777): request dump start for mRequestDisplayId 0
05-24 20:15:50.714 D/vendor.xiaomi.sensor.citsensorservice@2.0-service( 3777): handle id:21 wxh:1280x2400 uwxuh:1080x2400 size: 9216000 fd:17 fd_meta:18 flags:0x228 usage:0x33  format:0x3 layer_count: 1 reserved_size = 0
05-24 20:15:50.715 W/SDM     ( 2065): HWCSession::GetDisplayIndex: Display index not found for display 1.
05-24 20:15:50.715 W/SDM     ( 2065): HWCSession::GetDisplayIndex: Display index not found for display 3.
05-24 20:15:50.715 D/SDM     ( 2065): HWCSession::SetCWBOutputBuffer: CWB config passed by cwb_client : tappoint 1  CWB_ROI : (591.000000 22.000000 717.000000 148.000000). Display 0
05-24 20:15:50.716 I/MiuiWallpaperSurfaceAnimation( 2813): wallpaperOffsets:xOffset=0.0,yOffset=0.0
05-24 20:15:50.716 D/MiuiWallpaperSurfaceAnimation( 2813): updateScaleIfNeeded mPivotX: 0.5, mPivotY: 0.5, x: 0, y: 0, zoom: 1.1232712
05-24 20:15:50.717 D/HWUI    (12184): DDRE Debug DrawPath: smoothCornerEnabled = true
05-24 20:15:50.717 D/Launcher_UnlockAnimationStateMachine( 5646): mResetIdleStateRunnable
05-24 20:15:50.720 D/AurogonBandwidthController( 2813): skinTemperature:37.279
05-24 20:15:50.721 D/AurogonBandwidthController( 2813): skinTemperature:37.279
05-24 20:15:50.721 D/AurogonBandwidthController( 2813): skinTemperature:37.279
05-24 20:15:50.722 D/RefreshRateSelector( 2440): Touch Boost
05-24 20:15:50.724 I/MiuiWallpaperSurfaceAnimation( 2813): wallpaperOffsets:xOffset=0.0,yOffset=0.0
05-24 20:15:50.724 D/MiuiWallpaperSurfaceAnimation( 2813): updateScaleIfNeeded mPivotX: 0.5, mPivotY: 0.5, x: 0, y: 0, zoom: 1.1242565
05-24 20:15:50.726 D/HWUI    (12184): DDRE Debug DrawPath: smoothCornerEnabled = true
05-24 20:15:50.730 D/RefreshRateSelector( 2440): Touch Boost
05-24 20:15:50.732 D/SDM     ( 2065): HWDeviceDRM::SetupConcurrentWriteback: Tear down the Concurrent Writeback topology
05-24 20:15:50.732 I/MiuiWallpaperSurfaceAnimation( 2813): wallpaperOffsets:xOffset=0.0,yOffset=0.0
05-24 20:15:50.732 D/MiuiWallpaperSurfaceAnimation( 2813): updateScaleIfNeeded mPivotX: 0.5, mPivotY: 0.5, x: 0, y: 0, zoom: 1.1251858
05-24 20:15:50.733 D/HWUI    (12184): DDRE Debug DrawPath: smoothCornerEnabled = true
05-24 20:15:50.735 W/qt.core.qmetaobject.connectslotsbyname(21591): : QMetaObject::connectSlotsByName: No matching signal for on_btnGoRegister_clicked()
05-24 20:15:50.735 W/qt.core.qmetaobject.connectslotsbyname(21591): : QMetaObject::connectSlotsByName: No matching signal for on_btnGoLogin_clicked()
05-24 20:15:50.737 I/ErrorHandler(18395): handle http request response
05-24 20:15:50.737 I/ErrorHandler(18395): handle http request response200
05-24 20:15:50.737 I/ErrorHandler(18395): http request real code:0
05-24 20:15:50.737 I/ErrorHandler(18395): data code: 0
05-24 20:15:50.737 D/RequestAdapter(18395): workOnResponse
05-24 20:15:50.737 D/RequestAdapter(18395): parseRequestResult: statusCode = 0
05-24 20:15:50.738 I/RequestResult(18395): request success.
05-24 20:15:50.738 D/RefreshRateSelector( 2440): Touch Boost
05-24 20:15:50.738 D/SDM     ( 2065): HWCSession::NotifyCWBStatus: Notify the client about buffer status 0. Display: 0
05-24 20:15:50.739 I/SDM     ( 2065): HWCSession::ProcessCWBStatus: CWB queue is empty. display_index: 0
05-24 20:15:50.740 D/libsensor-parseRGB( 3777): the value of RGB [3349.801620 3986.521673 3365.469800]
05-24 20:15:50.741 I/MiuiWallpaperSurfaceAnimation( 2813): wallpaperOffsets:xOffset=0.0,yOffset=0.0
05-24 20:15:50.741 D/MiuiWallpaperSurfaceAnimation( 2813): updateScaleIfNeeded mPivotX: 0.5, mPivotY: 0.5, x: 0, y: 0, zoom: 1.126062
05-24 20:15:50.742 D/HWUI    (12184): DDRE Debug DrawPath: smoothCornerEnabled = true
05-24 20:15:50.744 I/NumberNormalizeUtils(18395): use chinese policy
05-24 20:15:50.746 I/PhoneInfoLoader(18395): getAndUpdatePhoneInfo: yellowpage number
05-24 20:15:50.746 I/Mms     (18395): contact info: false
05-24 20:15:50.746 D/RefreshRateSelector( 2440): Touch Boost
05-24 20:15:50.747 I/SPUpdateAsyncTask(18395): doInBackground  category:1
05-24 20:15:50.749 I/AiCrEngine_I_.AiObserverManager$5.onChange(11008): contact-uri = content://mms-sms/canonical-address/590; flag = 8
05-24 20:15:50.749 I/MiuiWallpaperSurfaceAnimation( 2813): wallpaperOffsets:xOffset=0.0,yOffset=0.0
05-24 20:15:50.749 D/MiuiWallpaperSurfaceAnimation( 2813): updateScaleIfNeeded mPivotX: 0.5, mPivotY: 0.5, x: 0, y: 0, zoom: 1.1268882
05-24 20:15:50.750 I/AiCrEngine_I_.AiObserverManager$5.onChange(11008): contact-uri = content://mms-sms/canonical-address/590; flag = 8
05-24 20:15:50.750 I/AiCrEngine_I_.AiObserverManager$5.onChange(11008): contact-uri = content://mms-sms/canonical-address/590; flag = 8
05-24 20:15:50.751 D/HWUI    (12184): DDRE Debug DrawPath: smoothCornerEnabled = true
05-24 20:15:50.751 I/AiCrEngine_PERCEPTION_.ScreenPerception.updateDataForArguments$aicr_AI_foundation_release(11008): updateDataForArguments atomic name = top_activity
05-24 20:15:50.752 I/AiCrEngine_PERCEPTION_.ScreenContentRecognition.activityNameRecognition(11008): ScreenPerception_debug 未识别特定activity！
05-24 20:15:50.752 I/AiCrEngine_PERCEPTION_.ScreenContentRecognition.packageNameRecognition(11008): ScreenPerception_debug 未识别特定包名！
05-24 20:15:50.752 I/AiCrEngine_PERCEPTION_.ScreenPerception$updateDataForArguments$1$1.invokeSuspend(11008): screenTypeValue null mining false
05-24 20:15:50.755 D/RefreshRateSelector( 2440): Touch Boost
05-24 20:15:50.755 D/libLifeBalanceAI_demo_arm64-v8a.so(21591): setupPage4Widgets: added 12 adjust buttons.
05-24 20:15:50.757 I/MiuiWallpaperSurfaceAnimation( 2813): wallpaperOffsets:xOffset=0.0,yOffset=0.0
05-24 20:15:50.757 D/MiuiWallpaperSurfaceAnimation( 2813): updateScaleIfNeeded mPivotX: 0.5, mPivotY: 0.5, x: 0, y: 0, zoom: 1.1276667
05-24 20:15:50.758 D/ChineseTelocation(18395): uniqId: 10
05-24 20:15:50.760 D/HWUI    (12184): DDRE Debug DrawPath: smoothCornerEnabled = true
05-24 20:15:50.762 I/ContactsProvider( 9982): Contacts query: CPID=18395, CallingPackage = com.android.mms User=0
05-24 20:15:50.763 D/RefreshRateSelector( 2440): Touch Boost
05-24 20:15:50.764 I/ContactsProvider( 9982): Contacts query: access CPID=18395, CallingPackage = com.android.mms User=0
05-24 20:15:50.765 I/ContactsProvider( 9982): querylocal match: 3000
05-24 20:15:50.765 I/MiuiWallpaperSurfaceAnimation( 2813): wallpaperOffsets:xOffset=0.0,yOffset=0.0
05-24 20:15:50.765 D/MiuiWallpaperSurfaceAnimation( 2813): updateScaleIfNeeded mPivotX: 0.5, mPivotY: 0.5, x: 0, y: 0, zoom: 1.1284003
05-24 20:15:50.767 D/HWUI    (12184): DDRE Debug DrawPath: smoothCornerEnabled = true
05-24 20:15:50.769 I/ContactsProvider( 9982): return querylocal
05-24 20:15:50.769 I/ContactsProvider( 9982): query return 4 queryDirectoryIfNecessary 
05-24 20:15:50.769 I/ContactsProvider( 9982): query return 5 finally 
05-24 20:15:50.772 I/NumberNormalizeUtils(18395): use chinese policy
05-24 20:15:50.772 I/NumberNormalizeUtils(18395): use chinese policy
05-24 20:15:50.774 I/MiuiWallpaperSurfaceAnimation( 2813): wallpaperOffsets:xOffset=0.0,yOffset=0.0
05-24 20:15:50.774 D/MiuiWallpaperSurfaceAnimation( 2813): updateScaleIfNeeded mPivotX: 0.5, mPivotY: 0.5, x: 0, y: 0, zoom: 1.1290914
05-24 20:15:50.774 I/PhoneInfoLoader(18395): getAndUpdatePhoneInfo: request from net, tag is 美团
05-24 20:15:50.774 I/NumberNormalizeUtils(18395): use chinese policy
05-24 20:15:50.775 D/HWUI    (12184): DDRE Debug DrawPath: smoothCornerEnabled = true
05-24 20:15:50.775 D/RequestUtils(18395): updateParams: serviceType = STRING
05-24 20:15:50.776 D/HttpRequestImpl(18395): request
05-24 20:15:50.777 D/HttpRequestImpl(18395): try request
05-24 20:15:50.777 I/ServiceGenerator(18395): create service
05-24 20:15:50.780 D/RefreshRateSelector( 2440): Touch Boost
05-24 20:15:50.782 I/MiuiWallpaperSurfaceAnimation( 2813): wallpaperOffsets:xOffset=0.0,yOffset=0.0
05-24 20:15:50.782 D/MiuiWallpaperSurfaceAnimation( 2813): updateScaleIfNeeded mPivotX: 0.5, mPivotY: 0.5, x: 0, y: 0, zoom: 1.1297424
05-24 20:15:50.783 D/HWUI    (12184): DDRE Debug DrawPath: smoothCornerEnabled = true
05-24 20:15:50.790 I/MiuiWallpaperSurfaceAnimation( 2813): wallpaperOffsets:xOffset=0.0,yOffset=0.0
05-24 20:15:50.791 D/MiuiWallpaperSurfaceAnimation( 2813): updateScaleIfNeeded mPivotX: 0.5, mPivotY: 0.5, x: 0, y: 0, zoom: 1.1303554
05-24 20:15:50.791 D/HWUI    (12184): DDRE Debug DrawPath: smoothCornerEnabled = true
05-24 20:15:50.799 I/MiuiWallpaperSurfaceAnimation( 2813): wallpaperOffsets:xOffset=0.0,yOffset=0.0
05-24 20:15:50.799 D/MiuiWallpaperSurfaceAnimation( 2813): updateScaleIfNeeded mPivotX: 0.5, mPivotY: 0.5, x: 0, y: 0, zoom: 1.1309325
05-24 20:15:50.799 D/HWUI    (12184): DDRE Debug DrawPath: smoothCornerEnabled = true
05-24 20:15:50.804 I/WindowManager( 2813): StartingWindow exit animation finished, win = Window{fe5ea39 u0 Splash Screen org.qtproject.example.LifeBalanceAI_demo EXITING} remove = true
05-24 20:15:50.804 I/WindowManager( 2813): wms.hideSurface mWin:Window{fe5ea39 u0 Splash Screen org.qtproject.example.LifeBalanceAI_demo EXITING} reason:(onExitAnimationDone) in Surface(name=Splash Screen org.qtproject.example.LifeBalanceAI_demo#272)/@0xafda771
05-24 20:15:50.804 D/WindowManager( 2813): postWindowRemoveCleanupLocked: Removing startingWindow Window{fe5ea39 u0 Splash Screen org.qtproject.example.LifeBalanceAI_demo} from ActivityRecord{160345712 u0 org.qtproject.example.LifeBalanceAI_demo/org.qtproject.qt.android.bindings.QtActivity t351} activity = ActivityRecord{160345712 u0 org.qtproject.example.LifeBalanceAI_demo/org.qtproject.qt.android.bindings.QtActivity t351}
05-24 20:15:50.805 D/DisplayContentStubImpl( 2813): onNewImeFrame: isImeVisible = false, imeFrame = Rect(0, 0 - 0, 0)
05-24 20:15:50.805 W/InsetsSource( 2813): Has no intersection or mTmpFrame.height(), return Insets.NONE mTmpFrame.height() =0 hasIntersection =false
05-24 20:15:50.805 W/InsetsSource( 2813): Has no intersection or mTmpFrame.height(), return Insets.NONE mTmpFrame.height() =0 hasIntersection =false
05-24 20:15:50.805 D/BarFollowAnimation( 2813): pairAppearanceRegionAndWin win=Window{a111795 u0 org.qtproject.example.LifeBalanceAI_demo/org.qtproject.qt.android.bindings.QtActivity} 8
05-24 20:15:50.805 D/BarFollowAnimation( 2813): isAppTaskBarOnTop win:Window{a111795 u0 org.qtproject.example.LifeBalanceAI_demo/org.qtproject.qt.android.bindings.QtActivity} (mCurrentTopTask:Task{731026e #351 type=standard A=10332:org.qtproject.example.LifeBalanceAI_demo} : true); (mAssociatedTask:Task{731026e #351 type=standard A=10332:org.qtproject.example.LifeBalanceAI_demo} : true); (mHomeTask:Task{d686ba4 #1 type=home} : false); mReparentToOriginParent:false mLastAppBarVisible:true mLastHomeBarVisible:false
05-24 20:15:50.805 D/MiuiRefreshRatePolicy( 2813): reset
05-24 20:15:50.806 W/InsetsSource( 2813): Has no intersection or mTmpFrame.height(), return Insets.NONE mTmpFrame.height() =0 hasIntersection =false
05-24 20:15:50.806 W/InsetsSource( 2813): Has no intersection or mTmpFrame.height(), return Insets.NONE mTmpFrame.height() =0 hasIntersection =false
05-24 20:15:50.808 I/MiuiWallpaperSurfaceAnimation( 2813): wallpaperOffsets:xOffset=0.0,yOffset=0.0
05-24 20:15:50.808 D/MiuiWallpaperSurfaceAnimation( 2813): updateScaleIfNeeded mPivotX: 0.5, mPivotY: 0.5, x: 0, y: 0, zoom: 1.1314758
05-24 20:15:50.808 D/HWUI    (12184): DDRE Debug DrawPath: smoothCornerEnabled = true
05-24 20:15:50.812 D/SystemPerformanceHinter( 2813): endSession#HighPerfSession-d0-WindowAnimation
05-24 20:15:50.812 D/RefreshRateSelector( 2440): Touch Boost
05-24 20:15:50.813 W/InsetsSource( 2813): Has no intersection or mTmpFrame.height(), return Insets.NONE mTmpFrame.height() =0 hasIntersection =false
05-24 20:15:50.813 W/InsetsSource( 2813): Has no intersection or mTmpFrame.height(), return Insets.NONE mTmpFrame.height() =0 hasIntersection =false
05-24 20:15:50.813 D/BarFollowAnimation( 2813): pairAppearanceRegionAndWin win=Window{a111795 u0 org.qtproject.example.LifeBalanceAI_demo/org.qtproject.qt.android.bindings.QtActivity} 8
05-24 20:15:50.813 D/BarFollowAnimation( 2813): isAppTaskBarOnTop win:Window{a111795 u0 org.qtproject.example.LifeBalanceAI_demo/org.qtproject.qt.android.bindings.QtActivity} (mCurrentTopTask:Task{731026e #351 type=standard A=10332:org.qtproject.example.LifeBalanceAI_demo} : true); (mAssociatedTask:Task{731026e #351 type=standard A=10332:org.qtproject.example.LifeBalanceAI_demo} : true); (mHomeTask:Task{d686ba4 #1 type=home} : false); mReparentToOriginParent:false mLastAppBarVisible:true mLastHomeBarVisible:false
05-24 20:15:50.813 D/MiuiRefreshRatePolicy( 2813): reset
05-24 20:15:50.814 W/InsetsSource( 2813): Has no intersection or mTmpFrame.height(), return Insets.NONE mTmpFrame.height() =0 hasIntersection =false
05-24 20:15:50.814 W/InsetsSource( 2813): Has no intersection or mTmpFrame.height(), return Insets.NONE mTmpFrame.height() =0 hasIntersection =false
05-24 20:15:50.815 I/MiuiWallpaperSurfaceAnimation( 2813): wallpaperOffsets:xOffset=0.0,yOffset=0.0
05-24 20:15:50.815 D/MiuiWallpaperSurfaceAnimation( 2813): updateScaleIfNeeded mPivotX: 0.5, mPivotY: 0.5, x: 0, y: 0, zoom: 1.1319871
05-24 20:15:50.816 D/HWUI    (12184): DDRE Debug DrawPath: smoothCornerEnabled = true
05-24 20:15:50.821 D/RefreshRateSelector( 2440): Touch Boost
05-24 20:15:50.821 E/MiuiBooster( 3348): "Unkwnow sched policy:-1073741825!!!"
05-24 20:15:50.817 W/binder:3348_2( 3348): type=1400 audit(0.0:1653): avc:  denied  { getsched } for  scontext=u:r:miuibooster:s0 tcontext=u:r:kernel:s0 tclass=process permissive=0
05-24 20:15:50.823 I/MiuiWallpaperSurfaceAnimation( 2813): wallpaperOffsets:xOffset=0.0,yOffset=0.0
05-24 20:15:50.823 D/MiuiWallpaperSurfaceAnimation( 2813): updateScaleIfNeeded mPivotX: 0.5, mPivotY: 0.5, x: 0, y: 0, zoom: 1.1324683
05-24 20:15:50.825 D/HWUI    (12184): DDRE Debug DrawPath: smoothCornerEnabled = true
05-24 20:15:50.829 D/RefreshRateSelector( 2440): Touch Boost
05-24 20:15:50.832 I/MiuiWallpaperSurfaceAnimation( 2813): wallpaperOffsets:xOffset=0.0,yOffset=0.0
05-24 20:15:50.832 D/MiuiWallpaperSurfaceAnimation( 2813): updateScaleIfNeeded mPivotX: 0.5, mPivotY: 0.5, x: 0, y: 0, zoom: 1.1329212
05-24 20:15:50.832 D/HWUI    (12184): DDRE Debug DrawPath: smoothCornerEnabled = true
05-24 20:15:50.840 I/MiuiWallpaperSurfaceAnimation( 2813): wallpaperOffsets:xOffset=0.0,yOffset=0.0
05-24 20:15:50.840 D/MiuiWallpaperSurfaceAnimation( 2813): updateScaleIfNeeded mPivotX: 0.5, mPivotY: 0.5, x: 0, y: 0, zoom: 1.1333473
05-24 20:15:50.841 D/HWUI    (12184): DDRE Debug DrawPath: smoothCornerEnabled = true
05-24 20:15:50.849 D/HWUI    (12184): DDRE Debug DrawPath: smoothCornerEnabled = true
05-24 20:15:50.849 I/MiuiWallpaperSurfaceAnimation( 2813): wallpaperOffsets:xOffset=0.0,yOffset=0.0
05-24 20:15:50.849 D/MiuiWallpaperSurfaceAnimation( 2813): updateScaleIfNeeded mPivotX: 0.5, mPivotY: 0.5, x: 0, y: 0, zoom: 1.133748
05-24 20:15:50.845 W/TcmReceiver( 2813): type=1400 audit(0.0:1654): avc:  denied  { connectto } for  path="/dev/socket/tcmd" scontext=u:r:system_server:s0 tcontext=u:r:vendor_tcmd:s0 tclass=unix_stream_socket permissive=0
05-24 20:15:50.851 I/ErrorHandler(18395): handle http request response
05-24 20:15:50.851 I/ErrorHandler(18395): handle http request response200
05-24 20:15:50.851 I/ErrorHandler(18395): http request real code:0
05-24 20:15:50.852 I/ErrorHandler(18395): data code: 0
05-24 20:15:50.852 D/RequestAdapter(18395): workOnResponse
